199.204.97.58 - - [22/Jun/2025:07:28:49 +0000] "GET http://httpbin.org/get HTTP/1.1" 500 6870 "-" "Go-http-client/1.1"
89.248.164.165 - - [22/Jun/2025:07:39:51 +0000] "GET http://pingjs.qq.com/ping.js HTTP/1.1" 500 6870 "-" "Mozilla"
199.204.97.58 - - [22/Jun/2025:07:42:19 +0000] "GET http://httpbin.org/get HTTP/1.1" 500 6870 "-" "Go-http-client/1.1"
204.76.203.219 - - [22/Jun/2025:07:47:02 +0000] "GET / HTTP/1.1" 500 6864 "-" "curl/7.81.0"
213.176.3.210 - - [22/Jun/2025:07:47:37 +0000] "HEAD / HTTP/1.1" 500 0 "-" "Go-http-client/1.1"
54.87.42.215 - - [22/Jun/2025:07:55:26 +0000] "GET / HTTP/1.1" 500 6870 "-" "Mozilla/5.0 (Windows NT 10.0; Win64; x64) AppleWebKit/537.36 (KHTML, like Gecko) Chrome/136.0.0.0 Safari/537.36"
199.204.97.58 - - [22/Jun/2025:07:55:48 +0000] "GET http://httpbin.org/get HTTP/1.1" 500 6864 "-" "Go-http-client/1.1"
34.229.102.54 - - [22/Jun/2025:08:04:44 +0000] "GET /.git/config HTTP/1.1" 500 6864 "-" "Mozilla/5.0 (Macintosh; Intel Mac OS X 10_15_1) AppleWebKit/605.1.15 (KHTML, like Gecko) Version/13.0.3 Safari/605.1.15"
204.76.203.219 - - [22/Jun/2025:08:08:52 +0000] "GET / HTTP/1.1" 500 6864 "-" "Mozilla/5.0 (Windows NT 10.0; Win64; x64) AppleWebKit/537.36 (KHTML, like Gecko) Chrome/90.0.4430.85 Safari/537.36 Edg/90.0.818.46"
199.204.97.58 - - [22/Jun/2025:08:09:18 +0000] "GET http://httpbin.org/get HTTP/1.1" 500 6870 "-" "Go-http-client/1.1"
204.76.203.219 - - [22/Jun/2025:08:22:19 +0000] "GET / HTTP/1.1" 500 6864 "-" "curl/7.81.0"
199.204.97.58 - - [22/Jun/2025:08:22:48 +0000] "GET http://httpbin.org/get HTTP/1.1" 500 6864 "-" "Go-http-client/1.1"
149.50.103.48 - - [22/Jun/2025:08:28:14 +0000] "GET / HTTP/1.1" 500 6864 "-" "Mozilla/5.0 (Windows NT 10.0; Win64; x64) AppleWebKit/537.36 (KHTML, like Gecko) Chrome/90.0.4430.85 Safari/537.36 Edg/90.0.818.46"
199.204.97.58 - - [22/Jun/2025:08:36:19 +0000] "GET http://httpbin.org/get HTTP/1.1" 500 6864 "-" "Go-http-client/1.1"
201.7.170.246 - - [22/Jun/2025:08:38:37 +0000] "GET /admin/assets/css/jquery-ui.css HTTP/1.0" 500 6851 "-" "xfa1"
199.204.97.58 - - [22/Jun/2025:08:49:48 +0000] "GET http://httpbin.org/get HTTP/1.1" 500 6864 "-" "Go-http-client/1.1"
204.76.203.219 - - [22/Jun/2025:08:57:51 +0000] "GET / HTTP/1.1" 500 6864 "-" "curl/7.81.0"
199.204.97.58 - - [22/Jun/2025:09:03:18 +0000] "GET http://httpbin.org/get HTTP/1.1" 500 6870 "-" "Go-http-client/1.1"
109.196.75.127 - - [22/Jun/2025:09:10:39 +0000] "GET / HTTP/1.1" 500 6864 "-" "Mozilla/5.0 (Windows NT 6.1; WOW64) AppleWebKit/537.36 (KHTML, like Gecko) Chrome/52.0.2743.116 Safari/537.36"
24.135.205.149 - - [22/Jun/2025:09:12:50 +0000] "GET / HTTP/1.1" 500 6864 "-" "Mozilla/5.0 (Windows NT 10.0; WOW64) AppleWebKit/537.36 (KHTML, like Gecko) Chrome/52.0.2743.116 Safari/537.36"
199.204.97.58 - - [22/Jun/2025:09:16:48 +0000] "GET http://httpbin.org/get HTTP/1.1" 500 6864 "-" "Go-http-client/1.1"
204.76.203.219 - - [22/Jun/2025:09:26:52 +0000] "GET / HTTP/1.1" 500 6864 "-" "curl/7.81.0"
199.204.97.58 - - [22/Jun/2025:09:30:19 +0000] "GET http://httpbin.org/get HTTP/1.1" 500 6864 "-" "Go-http-client/1.1"
64.62.156.92 - - [22/Jun/2025:09:32:24 +0000] "GET / HTTP/1.1" 500 6870 "-" "Mozilla/5.0 (Macintosh; Intel Mac OS X 10_15_7) AppleWebKit/537.36 (KHTML, like Gecko) Chrome/110.0.0.0 Safari/537.36"
20.65.195.17 - - [22/Jun/2025:09:34:11 +0000] "GET /hudson HTTP/1.1" 500 6870 "-" "Mozilla/5.0 zgrab/0.x"
64.62.156.89 - - [22/Jun/2025:09:34:33 +0000] "GET /webui/ HTTP/1.1" 500 6870 "-" "Mozilla/5.0 (Windows NT 10.0; Win64; x64) AppleWebKit/537.36 (KHTML, like Gecko) Chrome/120.0.6099.224 Safari/537.36"
64.62.156.82 - - [22/Jun/2025:09:36:08 +0000] "GET /favicon.ico HTTP/1.1" 200 1150 "-" "Mozilla/5.0 (Windows NT 10.0; Win64; x64; rv:109.0) Gecko/20100101 Firefox/116.0"
64.62.156.84 - - [22/Jun/2025:09:36:47 +0000] "GET /geoserver/web/ HTTP/1.1" 500 6870 "-" "Mozilla/5.0 (Macintosh; Intel Mac OS X 10_15_7) AppleWebKit/537.36 (KHTML, like Gecko) Chrome/110.0.0.0 Safari/537.36"
149.50.103.48 - - [22/Jun/2025:09:37:35 +0000] "GET / HTTP/1.1" 500 6864 "-" "Mozilla/5.0 (Windows NT 10.0; Win64; x64) AppleWebKit/537.36 (KHTML, like Gecko) Chrome/90.0.4430.85 Safari/537.36 Edg/90.0.818.46"
171.37.46.19 - - [22/Jun/2025:09:39:48 +0000] "GET / HTTP/1.1" 500 6864 "-" "-"
111.224.221.96 - - [22/Jun/2025:09:40:07 +0000] "GET / HTTP/1.1" 500 6870 "-" "Mozilla/5.0 (Windows NT 6.1) AppleWebKit/537.36 (KHTML, like Gecko) Chrome/49.0.2623.112 Safari/537.36"
198.235.24.23 - - [22/Jun/2025:09:42:57 +0000] "\x16\x03\x01\x00\xCA\x01\x00\x00\xC6\x03\x03)\xDE\xC47\xBAmb\x8D\xBB\x04f\xAEAJ\x16\xF7\x14|\xBE\xD8\xC2\xFA\xBF\xD8\x8C~\xD6a\xF2\xA7$\xFB\x00\x00h\xCC\x14\xCC\x13\xC0/\xC0+\xC00\xC0,\xC0\x11\xC0\x07\xC0'\xC0#\xC0\x13\xC0\x09\xC0(\xC0$\xC0\x14\xC0" 400 157 "-" "-"
198.235.24.23 - - [22/Jun/2025:09:42:57 +0000] "\x16\x03\x01\x00\xEE\x01\x00\x00\xEA\x03\x03/\xC8\xDB\xDA\x8C\xC5\xF2U\x22\xEBdcss\xAF:\x9F&zC\x8Aw\x1CS\xE7\xA7\xACt\x80\xFC\xA4\x7F \xE7\x8A\xEF\xF5\xBB\x1C7*\x93\xB67\x8C\xD9%/\xFC\xE6\xCD\x93\xCA7|\xE2\xF9\xDD\x9C\x84\xC9\x00w\x8E\xB7\x00&\xC0+\xC0/\xC0,\xC00\xCC\xA9\xCC\xA8\xC0\x09\xC0\x13\xC0" 400 157 "-" "-"
199.204.97.58 - - [22/Jun/2025:09:43:49 +0000] "GET http://httpbin.org/get HTTP/1.1" 500 6870 "-" "Go-http-client/1.1"
148.153.56.58 - - [22/Jun/2025:09:45:32 +0000] "GET /bSYN HTTP/1.1" 500 6864 "-" "Mozilla/5.0 (Macintosh; Intel Mac OS X 10.9; rv:32.0) Gecko/20100101 Firefox/32.0"
148.153.56.58 - - [22/Jun/2025:09:45:33 +0000] "GET /toH2 HTTP/1.1" 500 6864 "-" "Mozilla/5.0 (Macintosh; Intel Mac OS X 10.9; rv:32.0) Gecko/20100101 Firefox/32.0"
148.153.56.58 - - [22/Jun/2025:09:45:34 +0000] "GET /aab8 HTTP/1.1" 500 6870 "-" "Mozilla/5.0 (Macintosh; Intel Mac OS X 10.9; rv:32.0) Gecko/20100101 Firefox/32.0"
148.153.56.58 - - [22/Jun/2025:09:45:36 +0000] "GET /jquery-3.3.1.slim.min.js HTTP/1.1" 500 6864 "-" "Mozilla/5.0 (Macintosh; Intel Mac OS X 10.9; rv:32.0) Gecko/20100101 Firefox/32.0"
148.153.56.58 - - [22/Jun/2025:09:45:36 +0000] "GET /aab9 HTTP/1.1" 500 6870 "-" "Mozilla/5.0 (Macintosh; Intel Mac OS X 10.9; rv:32.0) Gecko/20100101 Firefox/32.0"
148.153.56.58 - - [22/Jun/2025:09:45:37 +0000] "GET /jquery-3.3.2.slim.min.js HTTP/1.1" 500 6870 "-" "Mozilla/5.0 (Macintosh; Intel Mac OS X 10.9; rv:32.0) Gecko/20100101 Firefox/32.0"
20.169.81.155 - - [22/Jun/2025:09:46:57 +0000] "GET /developmentserver/metadatauploader HTTP/1.1" 500 6864 "-" "Mozilla/5.0 zgrab/0.x"
64.62.156.184 - - [22/Jun/2025:09:47:16 +0000] "\x16\x03\x01\x00{\x01\x00\x00w\x03\x03\x09\x22\x81\x9A\xAC\xD3\xAF\xAD\x88\x96\xCF\x92\x9A\xD3\xB1\x89\x8Ek\x1A\xE6\xBF\x9B\xFA\xB0\x5Cp\xC2\xBE\x0B\x03C\xF2\x00\x00\x1A\xC0/\xC0+\xC0\x11\xC0\x07\xC0\x13\xC0\x09\xC0\x14\xC0" 400 157 "-" "-"
115.233.60.11 - - [22/Jun/2025:09:52:31 +0000] "GET / HTTP/1.0" 500 6851 "-" "-"
204.76.203.219 - - [22/Jun/2025:09:54:32 +0000] "GET / HTTP/1.1" 500 6864 "-" "curl/7.81.0"
199.204.97.58 - - [22/Jun/2025:09:57:18 +0000] "GET http://httpbin.org/get HTTP/1.1" 500 6870 "-" "Go-http-client/1.1"
79.124.49.202 - - [22/Jun/2025:10:07:51 +0000] "\x03\x00\x00/*\xE0\x00\x00\x00\x00\x00Cookie: mstshash=Administr" 400 157 "-" "-"
87.255.194.135 - - [22/Jun/2025:10:08:53 +0000] "GET /admin/assets/js/views/login.js HTTP/1.0" 500 6851 "-" "xfa1"
199.204.97.58 - - [22/Jun/2025:10:10:49 +0000] "GET http://httpbin.org/get HTTP/1.1" 500 6864 "-" "Go-http-client/1.1"
204.76.203.219 - - [22/Jun/2025:10:23:38 +0000] "GET / HTTP/1.1" 500 6864 "-" "curl/7.81.0"
199.204.97.58 - - [22/Jun/2025:10:24:19 +0000] "GET http://httpbin.org/get HTTP/1.1" 500 6864 "-" "Go-http-client/1.1"
199.204.97.58 - - [22/Jun/2025:10:37:49 +0000] "GET http://httpbin.org/get HTTP/1.1" 500 6864 "-" "Go-http-client/1.1"
149.50.103.48 - - [22/Jun/2025:10:44:45 +0000] "GET / HTTP/1.1" 500 6870 "-" "Mozilla/5.0 (Windows NT 10.0; Win64; x64) AppleWebKit/537.36 (KHTML, like Gecko) Chrome/90.0.4430.85 Safari/537.36 Edg/90.0.818.46"
199.204.97.58 - - [22/Jun/2025:10:51:18 +0000] "GET http://httpbin.org/get HTTP/1.1" 500 6864 "-" "Go-http-client/1.1"
204.76.203.219 - - [22/Jun/2025:10:56:02 +0000] "GET / HTTP/1.1" 500 6864 "-" "curl/7.81.0"
199.204.97.58 - - [22/Jun/2025:11:04:48 +0000] "GET http://httpbin.org/get HTTP/1.1" 500 6870 "-" "Go-http-client/1.1"
199.204.97.58 - - [22/Jun/2025:11:18:19 +0000] "GET http://httpbin.org/get HTTP/1.1" 500 6864 "-" "Go-http-client/1.1"
93.174.93.12 - - [22/Jun/2025:11:21:29 +0000] "GET / HTTP/1.0" 500 6851 "-" "UCWEB/8.8 (iPhone; CPU OS_6; en-US)AppleWebKit/534.1 U3/3.0.0 Mobile"
204.76.203.219 - - [22/Jun/2025:11:22:20 +0000] "GET / HTTP/1.1" 500 6864 "-" "curl/7.81.0"
34.219.85.108 - - [22/Jun/2025:11:29:39 +0000] "\x16\x03\x01\x00\xEE\x01\x00\x00\xEA\x03\x03\xFAP\x050\x12\x8B\xF0+V3\xA8\xCE\xBCkM\xA1\xAE\xF3\xA8\x90\x926\xCAu.6\xFD\x85\xEA\x8B\xB9\x93 f\xAC\x9E\xBE\x5C\xE9'\x92\x11\xFD\x08\x03\xE4\x8A\xAE\xA7X\xD1\xE9d\x055\xC9\x85\x12\x87Ze\xB7\x96sH\x00&\xC0+\xC0/\xC0,\xC00\xCC\xA9\xCC\xA8\xC0\x09\xC0\x13\xC0" 400 157 "-" "-"
199.204.97.58 - - [22/Jun/2025:11:31:49 +0000] "GET http://httpbin.org/get HTTP/1.1" 500 6870 "-" "Go-http-client/1.1"
5.183.209.244 - - [22/Jun/2025:11:39:12 +0000] "GET / HTTP/1.1" 500 6864 "-" "Mozilla/5.0 (Windows NT 10.0; Win64; x64) AppleWebKit/537.36 (KHTML, like Gecko) Chrome/90.0.4430.85 Safari/537.36 Edg/90.0.818.46"
149.50.103.48 - - [22/Jun/2025:11:44:41 +0000] "GET / HTTP/1.1" 500 6864 "-" "Mozilla/5.0 (Windows NT 10.0; Win64; x64) AppleWebKit/537.36 (KHTML, like Gecko) Chrome/90.0.4430.85 Safari/537.36 Edg/90.0.818.46"
49.51.50.147 - - [22/Jun/2025:11:44:42 +0000] "GET / HTTP/1.1" 500 6864 "-" "Mozilla/5.0 (iPhone; CPU iPhone OS 13_2_3 like Mac OS X) AppleWebKit/605.1.15 (KHTML, like Gecko) Version/13.0.3 Mobile/15E148 Safari/604.1"
199.204.97.58 - - [22/Jun/2025:11:45:18 +0000] "GET http://httpbin.org/get HTTP/1.1" 500 6864 "-" "Go-http-client/1.1"
204.76.203.219 - - [22/Jun/2025:11:52:03 +0000] "GET / HTTP/1.1" 500 6870 "-" "curl/7.81.0"
199.204.97.58 - - [22/Jun/2025:11:58:49 +0000] "GET http://httpbin.org/get HTTP/1.1" 500 6864 "-" "Go-http-client/1.1"
199.204.97.58 - - [22/Jun/2025:12:12:18 +0000] "GET http://httpbin.org/get HTTP/1.1" 500 6870 "-" "Go-http-client/1.1"
198.55.98.76 - - [22/Jun/2025:12:13:07 +0000] "GET /.git/config HTTP/1.1" 500 6864 "-" "SEC-SGHX820/1.0 NetFront/3.2 Profile/MIDP-2.0 Configuration/CLDC-1.1"
204.76.203.219 - - [22/Jun/2025:12:19:23 +0000] "GET / HTTP/1.1" 500 6864 "-" "Mozilla/5.0 (Windows NT 10.0; Win64; x64) AppleWebKit/537.36 (KHTML, like Gecko) Chrome/90.0.4430.85 Safari/537.36 Edg/90.0.818.46"
199.204.97.58 - - [22/Jun/2025:12:25:49 +0000] "GET http://httpbin.org/get HTTP/1.1" 500 6864 "-" "Go-http-client/1.1"
204.76.203.219 - - [22/Jun/2025:12:26:09 +0000] "GET / HTTP/1.1" 500 6864 "-" "curl/7.81.0"
176.65.148.243 - - [22/Jun/2025:12:31:28 +0000] "GET / HTTP/1.1" 500 6864 "-" "-"
80.94.95.150 - - [22/Jun/2025:12:32:52 +0000] "\x12\x01\x00^\x00\x00\x01\x00\x00\x00$\x00\x06\x01\x00*\x00\x01\x02\x00+\x00\x01\x03\x00,\x00\x04\x04\x000\x00\x01\x05\x001\x00$\x06\x00U\x00\x01\xFF\x04\x07\x0C\xBC\x00\x00\x00\x00\x00\x00\x15\xD0\x00\xD0\xF3?3E\x00\x00\x00m\xD4\xC4\x18\xF9\x7F\x00\x006\x000\x00\x00\x00\x00\x00 \x00\x00\x00\x00\x00\x00\x00\x90M\xFF\xBC\x01" 400 157 "-" "-"
199.204.97.58 - - [22/Jun/2025:12:39:19 +0000] "GET http://httpbin.org/get HTTP/1.1" 500 6870 "-" "Go-http-client/1.1"
199.204.97.58 - - [22/Jun/2025:12:52:48 +0000] "GET http://httpbin.org/get HTTP/1.1" 500 6870 "-" "Go-http-client/1.1"
204.76.203.219 - - [22/Jun/2025:12:57:26 +0000] "GET / HTTP/1.1" 500 6864 "-" "curl/7.81.0"
199.204.97.58 - - [22/Jun/2025:13:06:19 +0000] "GET http://httpbin.org/get HTTP/1.1" 500 6864 "-" "Go-http-client/1.1"
20.64.106.140 - - [22/Jun/2025:13:16:55 +0000] "MGLNDD_118.31.36.181_80" 400 157 "-" "-"
199.204.97.58 - - [22/Jun/2025:13:19:49 +0000] "GET http://httpbin.org/get HTTP/1.1" 500 6864 "-" "Go-http-client/1.1"
204.76.203.219 - - [22/Jun/2025:13:32:31 +0000] "GET / HTTP/1.1" 500 6864 "-" "curl/7.81.0"
199.204.97.58 - - [22/Jun/2025:13:33:19 +0000] "GET http://httpbin.org/get HTTP/1.1" 500 6864 "-" "Go-http-client/1.1"
91.196.152.101 - - [22/Jun/2025:13:42:33 +0000] "\x16\x03\x03\x01\xA6\x01\x00\x01\xA2\x03\x03\x9E\xEA3.\x00\xCD\xEB0\xB6\x02\xC3$\xAD\xF1\x12No\xDE\xE8E\xE0\x7F\xEE?\xCA\x13\xDE\x0E\xEE:\xC8\xE6 \xC1\xB910i)\xC4\x8F\xAA\xAE\x12|D\xF3?\x1A\x8E\x9F\x103\xEF\xCC:\xD9\xAA\xAC\x5C\x0E\xCA\xA3\x7Fs\x00\x8A\x00\x16\x003\x00g\xC0\x9E\xC0\xA2\x00\x9E\x009\x00k\xC0\x9F\xC0\xA3\x00\x9F\x00E\x00\xBE\x00\x88\x00\xC4\x00\x9A\xC0\x08\xC0\x09\xC0#\xC0\xAC\xC0\xAE\xC0+\xC0" 400 157 "-" "-"
91.196.152.11 - - [22/Jun/2025:13:42:38 +0000] "GET / HTTP/1.1" 500 6870 "-" "Mozilla/5.0 (X11; Ubuntu; Linux x86_64; rv:134.0) Gecko/20100101 Firefox/134.0"
162.142.125.208 - - [22/Jun/2025:13:46:32 +0000] "GET / HTTP/1.1" 500 6864 "-" "Mozilla/5.0 (compatible; CensysInspect/1.1; +https://about.censys.io/)"
162.142.125.208 - - [22/Jun/2025:13:46:38 +0000] "PRI * HTTP/2.0" 400 157 "-" "-"
162.142.125.208 - - [22/Jun/2025:13:46:44 +0000] "GET /favicon.ico HTTP/1.1" 200 1150 "-" "Mozilla/5.0 (compatible; CensysInspect/1.1; +https://about.censys.io/)"
199.204.97.58 - - [22/Jun/2025:13:46:49 +0000] "GET http://httpbin.org/get HTTP/1.1" 500 6864 "-" "Go-http-client/1.1"
91.196.152.124 - - [22/Jun/2025:13:49:10 +0000] "GET /favicon.ico HTTP/1.1" 200 1150 "-" "Mozilla/5.0 (X11; Ubuntu; Linux x86_64; rv:134.0) Gecko/20100101 Firefox/134.0"
162.142.125.208 - - [22/Jun/2025:13:52:25 +0000] "PRI * HTTP/2.0" 400 157 "-" "-"
162.142.125.208 - - [22/Jun/2025:13:52:30 +0000] "GET /sitemap.xml HTTP/1.1" 500 6864 "-" "Mozilla/5.0 (compatible; CensysInspect/1.1; +https://about.censys.io/)"
162.142.125.208 - - [22/Jun/2025:13:52:34 +0000] "\x16\x03\x01\x00\xEE\x01\x00\x00\xEA\x03\x03\xB5\x12\xAD\xAA\xC5 \xB4I\xE3+\x8F\x84\x83a" 400 157 "-" "-"
149.50.103.48 - - [22/Jun/2025:13:53:43 +0000] "GET / HTTP/1.1" 500 6864 "-" "Mozilla/5.0 (Windows NT 10.0; Win64; x64) AppleWebKit/537.36 (KHTML, like Gecko) Chrome/90.0.4430.85 Safari/537.36 Edg/90.0.818.46"
201.7.170.246 - - [22/Jun/2025:13:58:23 +0000] "GET /admin/assets/js/views/login.js HTTP/1.0" 500 6851 "-" "xfa1"
199.204.97.58 - - [22/Jun/2025:14:00:20 +0000] "GET http://httpbin.org/get HTTP/1.1" 500 6864 "-" "Go-http-client/1.1"
204.76.203.219 - - [22/Jun/2025:14:01:51 +0000] "GET / HTTP/1.1" 500 6870 "-" "curl/7.81.0"
199.204.97.58 - - [22/Jun/2025:14:13:48 +0000] "GET http://httpbin.org/get HTTP/1.1" 500 6870 "-" "Go-http-client/1.1"
185.242.226.12 - - [22/Jun/2025:14:14:29 +0000] "\x16\x03\x01\x00\x8B\x01\x00\x00\x87\x03\x03\xE3\xF7\x22\x1D\xDD4(\xD2T\xBF\x18W\xE4\x1B\x95\xFB\x10\xE7\xC2O/\xCD\x08\xC7g\x9F\xC86\x18\x16\xA0\xA2\x00\x00\x1A\xC0/\xC0+\xC0\x11\xC0\x07\xC0\x13\xC0\x09\xC0\x14\xC0" 400 157 "-" "-"
204.76.203.219 - - [22/Jun/2025:14:26:40 +0000] "GET / HTTP/1.1" 500 6870 "-" "curl/7.81.0"
199.204.97.58 - - [22/Jun/2025:14:27:18 +0000] "GET http://httpbin.org/get HTTP/1.1" 500 6864 "-" "Go-http-client/1.1"
196.251.70.87 - - [22/Jun/2025:14:39:56 +0000] "GET /.git/refs/tags/ HTTP/1.1" 500 6864 "-" "Opera/7.50 (Windows XP; U)"
199.204.97.58 - - [22/Jun/2025:14:40:49 +0000] "GET http://httpbin.org/get HTTP/1.1" 500 6864 "-" "Go-http-client/1.1"
164.52.24.179 - - [22/Jun/2025:14:42:40 +0000] "\x16\x03\x01\x02\x00\x01\x00\x01\xFC\x03\x03\xFB\xEE\xD4\xF7l\x02r\xCC\xE8J\xF1\xBBy\x97%9\xDF\x82\xEA\x8D\xD0\xC0\xBD%\x10Q\xA1\x14G;\xC1\xCD )~\x85\xEB\xDE\xC2\x80\x9Fi\x1B\x10\x19\x0E\xD8\x17\xA4\xDB<\x83\xCF\xCBN\x059-\x827\x06\xF4\xCF3\xB1\x00>\x13\x02\x13\x03\x13\x01\xC0,\xC00\x00\x9F\xCC\xA9\xCC\xA8\xCC\xAA\xC0+\xC0/\x00\x9E\xC0$\xC0(\x00k\xC0#\xC0'\x00g\xC0" 400 157 "-" "-"
164.52.24.179 - - [22/Jun/2025:14:42:42 +0000] "{\x22id\x22: 1, \x22method\x22: \x22mining.subscribe\x22, \x22params\x22: [], \x22jsonrpc\x22:\x222.0\x22}" 400 157 "-" "-"
164.52.24.179 - - [22/Jun/2025:14:42:42 +0000] "\x16\x03\x01\x02\x00\x01\x00\x01\xFC\x03\x03\xCF\xA8\xC1\xAE\x09g\xDBA\x90\x1C\xD0\x14P\x00\x99\xCC{\xE2\x80D\xE37\x22x\xA2^\x14\xAE\xFE\x9E\xF8\xA5 '\x8ETQ5\xF9\x0F\xBF\xED5\x98XJ\xE8\x9A\x15\xE4y\xD3\x95\x970<1r\xB2\xA8T\xD2\x22`\xFB\x00>\x13\x02\x13\x03\x13\x01\xC0,\xC00\x00\x9F\xCC\xA9\xCC\xA8\xCC\xAA\xC0+\xC0/\x00\x9E\xC0$\xC0(\x00k\xC0#\xC0'\x00g\xC0" 400 157 "-" "-"
164.52.24.179 - - [22/Jun/2025:14:42:44 +0000] "{\x22id\x22: 1, \x22jsonrpc\x22: \x222.0\x22, \x22method\x22: \x22login\x22, \x22params\x22: { \x22login\x22: \x2248edfHu7V9Z84YzzMa6fUueoELZ9ZRXq9VetWzYGzKt52XU5xvqgzYnDK9URnRoJMk1j8nLwEVsaSWJ4fhdUyZijBGUicoD\x22, \x22pass\x22: \x22x\x22, \x22agent\x22: \x22XMRig/2.6.0-beta2 (Linux x86_64) libuv/1.8.0 gcc/5.4.0\x22}}" 400 157 "-" "-"
164.52.24.179 - - [22/Jun/2025:14:42:45 +0000] "\x16\x03\x01\x02\x00\x01\x00\x01\xFC\x03\x03\x17\x97\xA5B\x93\xCB\x05SeQG#\x81f\xC7H\xF4=#\xB0\xBD\xE2\xC7\xEE\x9C\xD3\x90\xB0\xE2b\xBDX \x0Ei\xC8\xCB&\xEA\x0E\x90uW\xF4\xF29 ,\xE5u\xDFB\xF5\x917e\x0F8\xAED&8\xB9\xB6\xBB\x00>\x13\x02\x13\x03\x13\x01\xC0,\xC00\x00\x9F\xCC\xA9\xCC\xA8\xCC\xAA\xC0+\xC0/\x00\x9E\xC0$\xC0(\x00k\xC0#\xC0'\x00g\xC0" 400 157 "-" "-"
164.52.24.179 - - [22/Jun/2025:14:42:47 +0000] "{\x22id\x22: 1, \x22method\x22: \x22eth_submitLogin\x22, \x22params\x22: []}" 400 157 "-" "-"
164.52.24.179 - - [22/Jun/2025:14:42:50 +0000] "{\x22id\x22: 1, \x22method\x22: \x22mining.subscribe\x22, \x22params\x22: [\x22EthereumStratum/1.0.0\x22]}" 400 157 "-" "-"
164.52.24.179 - - [22/Jun/2025:14:42:51 +0000] "\x16\x03\x01\x02\x00\x01\x00\x01\xFC\x03\x03\xA2\xB0-\xB3\x83\xAE\xEE\xFE\xA7&\x0F\x9BU\x1BP\xE0\xE6d\x9F3\x02" 400 157 "-" "-"
164.52.24.179 - - [22/Jun/2025:14:42:57 +0000] "{\x22id\x22: 1, \x22method\x22: \x22mining.hello\x22, \x22params\x22: {\x22agent\x22:\x22ethminer-0.17\x22,\x22host\x22:\x22118.31.36.181\x22, \x22port\x22:\x2250\x22,\x22proto\x22:\x22EthereumStratum/2.0.0\x22}}" 400 157 "-" "-"
164.52.24.179 - - [22/Jun/2025:14:43:02 +0000] "\xFF\xFD\x01" 400 157 "-" "-"
164.52.24.179 - - [22/Jun/2025:14:43:04 +0000] "\x16\x03\x01\x02\x00\x01\x00\x01\xFC\x03\x03\x05\x06g\xF2\xBF\xFF\x19\x9C/\xB7\xCC5(\xA7>\x99i\xA9\x83\xB5\x8B\xE4\x1C\x93$r\x88\xDA\x90\x8E\x08\xA6 \x0B\xE0|\xA56\xDE\xCE\xD2\xBB\xDF%X x\xE4\xC0\x8E\x9F\xB3\xD9\xF1\x8A\x00\xAD\xAC+F" 400 157 "-" "-"
199.204.97.58 - - [22/Jun/2025:14:54:19 +0000] "GET http://httpbin.org/get HTTP/1.1" 500 6870 "-" "Go-http-client/1.1"
149.50.103.48 - - [22/Jun/2025:15:01:44 +0000] "GET / HTTP/1.1" 500 6864 "-" "Mozilla/5.0 (Windows NT 10.0; Win64; x64) AppleWebKit/537.36 (KHTML, like Gecko) Chrome/90.0.4430.85 Safari/537.36 Edg/90.0.818.46"
204.76.203.219 - - [22/Jun/2025:15:03:49 +0000] "GET / HTTP/1.1" 500 6870 "-" "curl/7.81.0"
199.204.97.58 - - [22/Jun/2025:15:07:49 +0000] "GET http://httpbin.org/get HTTP/1.1" 500 6870 "-" "Go-http-client/1.1"
199.204.97.58 - - [22/Jun/2025:15:21:19 +0000] "GET http://httpbin.org/get HTTP/1.1" 500 6864 "-" "Go-http-client/1.1"
176.65.148.250 - - [22/Jun/2025:15:25:45 +0000] "POST /boaform/admin/formLogin HTTP/1.1" 500 6864 "http://118.31.36.181:80/admin/login.asp" "Mozilla/5.0 (X11; Ubuntu; Linux x86_64; rv:71.0) Gecko/20100101 Firefox/71.0"
176.65.148.250 - - [22/Jun/2025:15:25:46 +0000] "" 400 0 "-" "-"
5.183.209.244 - - [22/Jun/2025:15:27:05 +0000] "GET / HTTP/1.1" 500 6864 "-" "Mozilla/5.0 (Windows NT 10.0; Win64; x64) AppleWebKit/537.36 (KHTML, like Gecko) Chrome/90.0.4430.85 Safari/537.36 Edg/90.0.818.46"
78.153.140.224 - - [22/Jun/2025:15:31:43 +0000] "GET /.env HTTP/1.1" 500 6870 "-" "Mozilla/5.0 (iPod; U; CPU iPhone OS 3_1_3 like Mac OS X; en-us) AppleWebKit/528.18 (KHTML, like Gecko) Version/4.0 Mobile/7E18 Safari/528.16"
78.153.140.224 - - [22/Jun/2025:15:31:48 +0000] "GET /twilio.env HTTP/1.1" 500 6870 "-" "Mozilla/5.0 (Macintosh; Intel Mac OS X 10_11_4) AppleWebKit/601.5.17 (KHTML, like Gecko) Safari/531.9"
78.153.140.224 - - [22/Jun/2025:15:31:48 +0000] "GET /aws.env HTTP/1.1" 500 6864 "-" "Mozilla/5.0 (Windows NT 5.1) AppleWebKit/537.36 (KHTML, like Gecko) Chrome/29.0.1547.57 Safari/537.36 OPR/16.0.1196.62"
78.153.140.224 - - [22/Jun/2025:15:31:48 +0000] "\x16\x03\x01\x00\xAC\x01\x00\x00\xA8\x03\x03\xB2\xB03\x16\x1E0\xD7\x16Jf&\x8FiZ\xE9\x8C:3\xF1@]\x1A\xB4q" 400 157 "-" "-"
78.153.140.224 - - [22/Jun/2025:15:31:49 +0000] "GET /conf.env HTTP/1.1" 500 6870 "-" "Mozilla/4.0 (compatible; MSIE 8.0; Windows NT 6.0)"
78.153.140.224 - - [22/Jun/2025:15:31:49 +0000] "GET /ses.env HTTP/1.1" 500 6870 "-" "Mozilla/5.0 (Linux; U; Android 2.3.5; en-us; Micromax A35 Build/IML74K) AppleWebKit/534.30(KHTML,like Gecko) \x09\x09\x09Version/4.0 Mobile Safari/534.30"
78.153.140.224 - - [22/Jun/2025:15:31:50 +0000] "GET /.env-status HTTP/1.1" 500 6864 "-" "Mozilla/5.0 (Linux; U; Android 4.0.3; de-de; Galaxy S II Build/GRJ22) AppleWebKit/534.30 (KHTML, like Gecko) Version/4.0 Mobile Safari/534.30"
78.153.140.224 - - [22/Jun/2025:15:31:50 +0000] "GET /.env-openid HTTP/1.1" 500 6864 "-" "Mozilla/4.0 (compatible; MSIE 7.0; Windows NT 6.1; WOW64; Trident/6.0; SLCC2; .NET CLR 2.0.50727; .NET CLR 3.5.30729; .NET CLR 3.0.30729; Media Center PC 6.0; .NET4.0C; InfoPath.3; .NET4.0E)"
78.153.140.224 - - [22/Jun/2025:15:31:51 +0000] "GET /.env.hidden HTTP/1.1" 500 6864 "-" "Mozilla/5.0 (Windows NT 6.1; WOW64) AppleWebKit/537.36 (KHTML, like Gecko) Chrome/43.2357.125 Safari/537.36 OPR/30.0.1835.88"
78.153.140.224 - - [22/Jun/2025:15:31:51 +0000] "GET /.env-db.env HTTP/1.1" 500 6864 "-" "Mozilla/5.0 (X11; U; Linux x86_64; en-US; rv:1.8.1.10) Gecko/20061201 Firefox/2.0.0.10 (Ubuntu-feisty)"
78.153.140.224 - - [22/Jun/2025:15:31:52 +0000] "GET /.env-params HTTP/1.1" 500 6864 "-" "Mozilla/4.0 (compatible; MSIE 5.0; Windows NT; DigExt; Hotbar 3.0)"
78.153.140.224 - - [22/Jun/2025:15:31:52 +0000] "GET /.env-vitest HTTP/1.1" 500 6870 "-" "Mozilla/5.0 (iPhone; CPU iPhone OS 6_1 like Mac OS X) AppleWebKit/536.26 (KHTML, like Gecko) Version/6.0 Mobile/10B142 Safari/8536.25"
78.153.140.224 - - [22/Jun/2025:15:31:53 +0000] "GET /.env-db.log HTTP/1.1" 500 6864 "-" "Mozilla/4.0 (compatible; MSIE 7.0; Windows NT 6.1; WOW64; Trident/4.0; SLCC2; .NET CLR 2.0.50727; .NET CLR 3.5.30729; .NET CLR 3.0.30729; Media Center PC 6.0; HPDTDF; BRI/1; .NET4.0C; AskTbARS/5.15.4.23821; playbrytetoolbar_Playbryte)"
78.153.140.224 - - [22/Jun/2025:15:31:54 +0000] "GET /.env.heroku HTTP/1.1" 500 6864 "-" "Mozilla/5.0 (Macintosh; Intel Mac OS X 10_10_5) AppleWebKit/600.8.9 (KHTML, like Gecko) Maxthon/4.5.2"
78.153.140.224 - - [22/Jun/2025:15:31:57 +0000] "GET /.env-paypal HTTP/1.1" 500 6870 "-" "Mozilla/5.0 (Linux; U; Android 3.0; en-us; Xoom Build/HRI39) AppleWebKit/525.10  (KHTML, like Gecko) Version/3.0.4 Mobile Safari/523.12.2"
78.153.140.224 - - [22/Jun/2025:15:31:58 +0000] "GET /.env-devops HTTP/1.1" 500 6864 "-" "Mozilla/5.0 (X11; U; Linux i686; en-US; rv:1.8.1.5) Gecko/20070713 Firefox/2.0.0.5"
78.153.140.224 - - [22/Jun/2025:15:31:58 +0000] "GET /.env-pepper HTTP/1.1" 500 6864 "-" "Mozilla/5.0 (compatible; MSIE 10.0; Windows NT 6.1; WOW64; Trident/6.0; MATM)"
78.153.140.224 - - [22/Jun/2025:15:31:59 +0000] "GET /.env-django HTTP/1.1" 500 6864 "-" "Mozilla/5.0 (Windows; U; Windows NT 6.0; en-US) AppleWebKit/532.0 (KHTML, like Gecko) Chrome/3.0.195.3 Safari/532.0"
78.153.140.224 - - [22/Jun/2025:15:32:00 +0000] "GET /.env.dev.js HTTP/1.1" 500 6864 "-" "Mozilla/4.0 (compatible; MSIE 7.0; Windows NT 6.1)"
78.153.140.224 - - [22/Jun/2025:15:32:01 +0000] "GET /.env-ui.env HTTP/1.1" 500 6864 "-" "Mozilla/4.0 (compatible; MSIE 5.0; Windows NT 5.0)"
78.153.140.224 - - [22/Jun/2025:15:32:02 +0000] "GET /.env.deploy HTTP/1.1" 500 6864 "-" "Mozilla/5.0 (Linux; U; Android 0.5; en-us) AppleWebKit/522+ (KHTML, like Gecko) Safari/419.3"
78.153.140.224 - - [22/Jun/2025:15:32:04 +0000] "GET /.env-escape HTTP/1.1" 500 6864 "-" "Mozilla/5.0 (Linux; Android 7.0; LGMS210 Build/NRD90U; wv) AppleWebKit/537.36 (KHTML, like Gecko) Version/4.0 Chrome/58.0.3029.83 Mobile Safari/537.36"
78.153.140.224 - - [22/Jun/2025:15:32:04 +0000] "GET /.env-pipenv HTTP/1.1" 500 6864 "-" "Mozilla/5.0 (Linux; Android 7.0; Redmi Note 4 Build/NRD90M) AppleWebKit/537.36 (KHTML, like Gecko) Chrome/63.0.3239.111 Mobile Safari/537.36"
78.153.140.224 - - [22/Jun/2025:15:32:05 +0000] "GET /.env.custom HTTP/1.1" 500 6870 "-" "Mozilla/5.0 (Linux; Android 5.1; A37f Build/LMY47V) AppleWebKit/537.36 (KHTML, like Gecko) Chrome/43.0.2357.93 Mobile Safari/537.36"
78.153.140.224 - - [22/Jun/2025:15:32:05 +0000] "GET /.env-poetry HTTP/1.1" 500 6870 "-" "Mozilla/5.0 (Macintosh; U; Intel Mac OS X 10_5_8; en-us) AppleWebKit/533.19.4 (KHTML, like Gecko) Version/5.0.3 Safari/533.19.4"
78.153.140.224 - - [22/Jun/2025:15:32:12 +0000] "GET /.env-traces HTTP/1.1" 500 6870 "-" "Mozilla/5.0 (iPhone; CPU iPhone OS 11_2_5 like Mac OS X) AppleWebKit/604.1.34 (KHTML, like Gecko) CriOS/64.0.3282.112 Mobile/15D60 Safari/604.1"
78.153.140.224 - - [22/Jun/2025:15:32:12 +0000] "GET /.env-secure HTTP/1.1" 500 6864 "-" "Mozilla/5.0 (Windows; U; Windows NT 6.1; pt-PT; rv:1.9.2.6) Gecko/20100625 Firefox/3.6.6"
78.153.140.224 - - [22/Jun/2025:15:32:15 +0000] "GET /.env-export HTTP/1.1" 500 6870 "-" "Mozilla/5.0 (Linux; Android 5.0.1; Nexus 4 Build/LRX22C) AppleWebKit/537.36 (KHTML, like Gecko) Chrome/35.0.1916.138 Mobile Safari/537.36 OPR/22.0.1485.78487"
78.153.140.224 - - [22/Jun/2025:15:32:16 +0000] "GET /.env-prisma HTTP/1.1" 500 6864 "-" "Mozilla/5.0 (Macintosh; Intel Mac OS X 10_10_3) AppleWebKit/600.5.17 (KHTML, like Gecko) Version/8.0.5 Safari/600.5.17"
78.153.140.224 - - [22/Jun/2025:15:32:16 +0000] "GET /.env-tokens HTTP/1.1" 500 6864 "-" "Mozilla/5.0 (X11; U; Linux i686; fr; rv:1.8.1.8) Gecko/20071022 Ubuntu/7.10 (gutsy) Firefox/2.0.0.8"
78.153.140.224 - - [22/Jun/2025:15:32:20 +0000] "GET /.env-filter HTTP/1.1" 500 6864 "-" "Mozilla/5.0 (iPhone; U; CPU like Mac OS X; en) AppleWebKit/420+ (KHTML, like Gecko) Version/3.0 Mobile/1A543a Safari/419.3"
78.153.140.224 - - [22/Jun/2025:15:32:21 +0000] "GET /.env-hashed HTTP/1.1" 500 6864 "-" "Mozilla/5.0 (Windows; U; Windows NT 5.2; pt) AppleWebKit/522.11.3 (KHTML, like Gecko) Version/3.0 Safari/522.11.3"
78.153.140.224 - - [22/Jun/2025:15:32:21 +0000] "GET /.env-health HTTP/1.1" 500 6870 "-" "Mozilla/5.0 (Macintosh; Intel Mac OS X 10_5_8) AppleWebKit/534.31 (KHTML, like Gecko) Chrome/13.0.748.0 Safari/534.31"
78.153.140.224 - - [22/Jun/2025:15:32:22 +0000] "GET /.env-hidden HTTP/1.1" 500 6864 "-" "Mozilla/5.0 (Windows NT 10.0; WOW64) AppleWebKit/537.36 (KHTML, like Gecko) Chrome/61.0.3163.91 Safari/537.36 OPR/48.0.2685.32"
78.153.140.224 - - [22/Jun/2025:15:32:23 +0000] "GET /.aws/.secret HTTP/1.1" 500 6864 "-" "Mozilla/5.0 (Linux; U; Android 4.0.3; zh-cn; Lephone_TD506_TD/1.0 Android/4.0.3 Release/3.20.2013 Browser/AppleWebKit534.30 Build/MocorDroid4.0.3) AppleWebKit/534.30 (KHTML, like Gecko) Version/4.0 Mobile Safari/534.30"
78.153.140.224 - - [22/Jun/2025:15:32:25 +0000] "GET /.aws/sts.yml HTTP/1.1" 500 6870 "-" "Mozilla/5.0 (Windows NT 6.1; WOW64) AppleWebKit/537.36 (KHTML, like Gecko) Chrome/56.0.2924.87 Safari/537.36 OPR/43.0.2442.1144"
204.76.203.219 - - [22/Jun/2025:15:33:06 +0000] "GET / HTTP/1.1" 500 6864 "-" "curl/7.81.0"
199.204.97.58 - - [22/Jun/2025:15:34:49 +0000] "GET http://httpbin.org/get HTTP/1.1" 500 6870 "-" "Go-http-client/1.1"
199.204.97.58 - - [22/Jun/2025:15:48:19 +0000] "GET http://httpbin.org/get HTTP/1.1" 500 6864 "-" "Go-http-client/1.1"
138.197.144.92 - - [22/Jun/2025:15:58:00 +0000] "GET /.git/config HTTP/1.1" 500 6864 "-" "Mozilla/5.0; Keydrop.io/1.0(onlyscans.com/about);"
138.197.144.92 - - [22/Jun/2025:15:58:00 +0000] "GET /.env HTTP/1.1" 500 6864 "-" "Mozilla/5.0; Keydrop.io/1.0(onlyscans.com/about);"
118.26.104.78 - - [22/Jun/2025:16:00:23 +0000] "\x16\x03\x01\x01\x17\x01\x00\x01\x13\x03\x03\x13\xADT\x06\xCC\xC0,W\xC5\xBD\xCA\xBE\xAC\x22CE1R\x8C\x88\xB8G\xC1\x8D\x98\x01\x16TsW\xF3u \x01\xEE\x17#\x9E\xCD/\xBE8\x95\xF5(\x9A\x87\x7FfP\x02\xB1\x99\x9F[\xC7\xFD\xDC\xB2`q\xB7\x9A\x92\x8D\x004\xCC\xA8\xCC\xA9\xC0/\xC00\xC0+\xC0,\xC0\x09\x00\x9E\xCC\xA8\xCC\xAA\x003\x00=\x00\x16\xC0" 400 157 "-" "-"
118.26.104.78 - - [22/Jun/2025:16:00:34 +0000] "GET / HTTP/1.1" 500 6870 "-" "Mozilla/5.0 (Macintosh; Intel Mac OS X 10_15_7) AppleWebKit/537.36 (KHTML, like Gecko) Chrome/120.0.0.0 Safari/537.36 Edg/120.0.0.0"
118.26.104.78 - - [22/Jun/2025:16:00:52 +0000] "GET /favicon.ico HTTP/1.1" 200 1150 "-" "Mozilla/5.0 (Macintosh; Intel Mac OS X 10_7_0) AppleWebKit/535.11 (KHTML, like Gecko) Chrome/17.0.963.56 Safari/535.11"
118.26.104.78 - - [22/Jun/2025:16:00:53 +0000] "GET /robots.txt HTTP/1.1" 200 24 "-" "Mozilla/5.0 (Macintosh; Intel Mac OS X 10_7_0) AppleWebKit/535.11 (KHTML, like Gecko) Chrome/17.0.963.56 Safari/535.11"
118.26.104.78 - - [22/Jun/2025:16:00:53 +0000] "GET /sitemap.xml HTTP/1.1" 500 6864 "-" "Mozilla/5.0 (Macintosh; Intel Mac OS X 10_7_0) AppleWebKit/535.11 (KHTML, like Gecko) Chrome/17.0.963.56 Safari/535.11"
204.76.203.219 - - [22/Jun/2025:16:00:58 +0000] "GET / HTTP/1.1" 500 6864 "-" "curl/7.81.0"
199.204.97.58 - - [22/Jun/2025:16:01:49 +0000] "GET http://httpbin.org/get HTTP/1.1" 500 6864 "-" "Go-http-client/1.1"
167.94.138.44 - - [22/Jun/2025:16:03:31 +0000] "GET / HTTP/1.1" 500 6864 "-" "Mozilla/5.0 (compatible; CensysInspect/1.1; +https://about.censys.io/)"
167.94.138.44 - - [22/Jun/2025:16:03:45 +0000] "PRI * HTTP/2.0" 400 157 "-" "-"
167.94.138.44 - - [22/Jun/2025:16:04:06 +0000] "GET /favicon.ico HTTP/1.1" 200 1150 "-" "Mozilla/5.0 (compatible; CensysInspect/1.1; +https://about.censys.io/)"
167.94.138.44 - - [22/Jun/2025:16:04:12 +0000] "PRI * HTTP/2.0" 400 157 "-" "-"
167.94.138.44 - - [22/Jun/2025:16:04:32 +0000] "GET /wiki HTTP/1.1" 500 6870 "-" "Mozilla/5.0 (compatible; CensysInspect/1.1; +https://about.censys.io/)"
167.94.138.44 - - [22/Jun/2025:16:04:33 +0000] "\x16\x03\x01\x00\xEE\x01\x00\x00\xEA\x03\x03\xA5\xA5\x81\x8Cz\xCD\xB3\x88\xA0\xD3\xABWfE\xD11\xB3\xCF\xB5\x0C\x94\xAE\xEDq\xEE\xB1\x86\x81\x97,F\xFF v\x0E\x95\x14tm\x81z\xB4\x9C|\x02\xC9qK\xC2\xC7\x9E\xDA\xDEh\xBE\x1B\x86^\x1D\xFF\x1FKA\xBD\xEA\x00&\xCC\xA8\xCC\xA9\xC0/\xC00\xC0+\xC0,\xC0\x13\xC0\x09\xC0\x14\xC0" 400 157 "-" "-"
123.245.85.176 - - [22/Jun/2025:16:04:33 +0000] "GET / HTTP/1.1" 500 6864 "-" "Mozilla/5.0 (iPad; CPU OS 9_1 like Mac OS X) AppleWebKit/601.1.46 (KHTML, like Gecko) Version/9.0 Mobile/13B143 Safari/601.1"
149.50.103.48 - - [22/Jun/2025:16:05:50 +0000] "GET / HTTP/1.1" 500 6864 "-" "Mozilla/5.0 (Windows NT 10.0; Win64; x64) AppleWebKit/537.36 (KHTML, like Gecko) Chrome/90.0.4430.85 Safari/537.36 Edg/90.0.818.46"
199.204.97.58 - - [22/Jun/2025:16:15:19 +0000] "GET http://httpbin.org/get HTTP/1.1" 500 6864 "-" "Go-http-client/1.1"
199.204.97.58 - - [22/Jun/2025:16:28:50 +0000] "GET http://httpbin.org/get HTTP/1.1" 500 6870 "-" "Go-http-client/1.1"
204.76.203.219 - - [22/Jun/2025:16:29:18 +0000] "GET / HTTP/1.1" 500 6864 "-" "curl/7.81.0"
199.204.97.58 - - [22/Jun/2025:16:42:19 +0000] "GET http://httpbin.org/get HTTP/1.1" 500 6870 "-" "Go-http-client/1.1"
112.126.68.98 - - [22/Jun/2025:16:51:16 +0000] "GET / HTTP/1.1" 499 0 "-" "Mozilla/5.0 (iPhone; CPU iPhone OS 17_5_1 like Mac OS X) AppleWebKit/605.1.15 (KHTML, like Gecko) Version/17.4.1 Mobile/15E148 Safari/604.1"
112.126.68.98 - - [22/Jun/2025:16:51:16 +0000] "GET /.env HTTP/1.1" 499 0 "-" "Mozilla/5.0 (iPhone; CPU iPhone OS 17_5_1 like Mac OS X) AppleWebKit/605.1.15 (KHTML, like Gecko) Version/17.4.1 Mobile/15E148 Safari/604.1"
112.126.68.98 - - [22/Jun/2025:16:51:16 +0000] "GET /.env.bak HTTP/1.1" 499 0 "-" "Mozilla/5.0 (iPhone; CPU iPhone OS 17_5_1 like Mac OS X) AppleWebKit/605.1.15 (KHTML, like Gecko) Version/17.4.1 Mobile/15E148 Safari/604.1"
112.126.68.98 - - [22/Jun/2025:16:51:16 +0000] "GET /version HTTP/1.1" 499 0 "-" "Mozilla/5.0 (iPhone; CPU iPhone OS 17_5_1 like Mac OS X) AppleWebKit/605.1.15 (KHTML, like Gecko) Version/17.4.1 Mobile/15E148 Safari/604.1"
112.126.68.98 - - [22/Jun/2025:16:51:17 +0000] "GET /containers/json HTTP/1.1" 499 0 "-" "Mozilla/5.0 (iPhone; CPU iPhone OS 17_5_1 like Mac OS X) AppleWebKit/605.1.15 (KHTML, like Gecko) Version/17.4.1 Mobile/15E148 Safari/604.1"
112.126.68.98 - - [22/Jun/2025:16:51:17 +0000] "GET /containers/json HTTP/1.1" 499 0 "-" "Mozilla/5.0 (iPhone; CPU iPhone OS 17_5_1 like Mac OS X) AppleWebKit/605.1.15 (KHTML, like Gecko) Version/17.4.1 Mobile/15E148 Safari/604.1"
112.126.68.98 - - [22/Jun/2025:16:51:17 +0000] "\x16\x03\x01\x00\xEF\x01\x00\x00\xEB\x03\x03@|\x8E\xDC]+6W\xEE\xFF\xD1\xCB\xAA'\xDE\xAC\x13p\xD7\xB0\xC2|:2\xC34\xE2?p\xD8\xD9\xCB +\x98;U \xC5\xB2*\xB2\x001\x9B%\xE9\x8B4O\xF0}\xEE\xAB\x9D\xF1\xD3\xC5\x96\xAEB\x13\xF9\xA6\xD4\x00\x14\x13\x02\x13\x01\x13\x03\xC0,\xC0+\xCC\xA9\xC00\xC0/\xCC\xA8\x00\xFF\x01\x00\x00\x8E\x003\x00&\x00$\x00\x1D\x00 -|\x97~\xCA\x19\xC02\xD9P<l\xE8M\xD3\x1A\xD2\xF1\x03\xA5\xD3~\x15\x7FQ\xF6\x9Fs\x1E\x01\x1Ax\x00\x05\x00\x05\x01\x00\x00\x00\x00\x00" 400 157 "-" "-"
112.126.68.98 - - [22/Jun/2025:16:51:18 +0000] "\x16\x03\x01\x00\xEF\x01\x00\x00\xEB\x03\x03\xF4\xAE\xB4\x80\x14\x9A \xA3\x87\xF8\xA4\x0F\xC1ay\x08\xE7\x85+\xD8f\xF4#\xCDw/\xB6\xEF\x7FV\xAF\x9B \x125\xE7\xE1\x91\xDF\xD2\xD6P=\xAB\xE7\x89D\xFD\xDE\xB2\x12\x0F\xA4[\xC1\xC9\xC8!Nk\xF1]j\x5C\x8B\x00\x14\x13\x02\x13\x01\x13\x03\xC0,\xC0+\xCC\xA9\xC00\xC0/\xCC\xA8\x00\xFF\x01\x00\x00\x8E\x00-\x00\x02\x01\x01\x00\x10\x00\x0E\x00\x0C\x02h2\x08http/1.1\x003\x00&\x00$\x00\x1D\x00 \xF7\x84\xD4\x98\x0B\xA8\xDE\x0Esv\xC2Zy\xB0nzv\x99\xB1}(\xE4\xDC-1&k\xA3_\x08\x1A\x12\x00#\x00\x00\x00\x05\x00\x05\x01\x00\x00\x00\x00\x00\x0B\x00\x02\x01\x00\x00" 400 157 "-" "-"
112.126.68.98 - - [22/Jun/2025:16:51:18 +0000] "\x16\x03\x01\x00\xEF\x01\x00\x00\xEB\x03\x03\x0C\x19\x94t\xDC:s\x15P\xF3\xDBD\xF0\x1Bf\xEE\xC0\xA6\xA2\x13\x940P\xAB\x0E\xAC'8\x06\x1B\xDD4 \xB9\xB2\x1C\x0B8X)\xE6'\xE5_\x93\xFB\xE3\xFB\x0F\xEBzl4U2\xFA_\xA8\x9F~O$\x1B\xF7\x03\x00\x14\x13\x02\x13\x01\x13\x03\xC0,\xC0+\xCC\xA9\xC00\xC0/\xCC\xA8\x00\xFF\x01\x00\x00\x8E\x00\x0B\x00\x02\x01\x00\x00" 400 157 "-" "-"
112.126.68.98 - - [22/Jun/2025:16:51:18 +0000] "\x16\x03\x01\x00\xEF\x01\x00\x00\xEB\x03\x03\xFE\xB2cm\x09\xDB\xFF\x8B\xF8($4\xD5r\xEA\xB1g]\x98\x03\xB2h\xD9e:\xC5;\x04\xEE\xBACO \x89\xB6j\x8CSQg:\xBAQ\x17 \x9Bc\x17\xCCE\x12U\x22\xF8h\x00\xDB\xC1E#j:\x04\xA2\xDC\x00\x14\x13\x02\x13\x01\x13\x03\xC0,\xC0+\xCC\xA9\xC00\xC0/\xCC\xA8\x00\xFF\x01\x00\x00\x8E\x00#\x00\x00\x00" 400 157 "-" "-"
112.126.68.98 - - [22/Jun/2025:16:51:18 +0000] "\x16\x03\x01\x00\xEF\x01\x00\x00\xEB\x03\x03\xB0g\xED\x17|\xE6*\xFA]7\xBD\xC9)\xD6,B;\xED\x1A\xB0-\x1CK@\xAE\x11\xCC\x89w\x9A\xCA\xB4 \x93\xFB\xA3%\x160\xD7\x09\xC1<\x16\x91h\x06\xB01\xAA\xBA6\xD8\x8F\xBE\xB5\xEF\x84\x81\x98s5\x15HE\x00\x14\x13\x02\x13\x01\x13\x03\xC0,\xC0+\xCC\xA9\xC00\xC0/\xCC\xA8\x00\xFF\x01\x00\x00\x8E\x00\x10\x00\x0E\x00\x0C\x02h2\x08http/1.1\x003\x00&\x00$\x00\x1D\x00 \xA8\x07h\xED6\x01\xBB\x96Q\xFD\x15\xDF4\x0CQ\xAA;\xAF\x1Co\x17\xD1\xF6\xF58>\x1Ckr.\xC1" 400 157 "-" "-"
185.218.84.178 - - [22/Jun/2025:16:51:38 +0000] "GET / HTTP/1.1" 500 6864 "-" "Mozilla/5.0 (Windows NT 10.0; Win64; x64) AppleWebKit/537.36 (KHTML, like Gecko) Chrome/90.0.4430.85 Safari/537.36 Edg/90.0.818.46"
199.204.97.58 - - [22/Jun/2025:16:55:52 +0000] "GET http://httpbin.org/get HTTP/1.1" 500 6864 "-" "Go-http-client/1.1"
159.89.170.59 - - [22/Jun/2025:17:00:06 +0000] "GET /systembc/password.php HTTP/1.1" 404 27 "-" "Mozilla/5.0 (Windows NT 10.0; Win64; x64) AppleWebKit/537.36 (KHTML, like Gecko) Chrome/108.0.0.0 Safari/537.36"
159.89.170.59 - - [22/Jun/2025:17:00:07 +0000] "GET /password.php HTTP/1.1" 404 27 "-" "Mozilla/5.0 (Windows NT 10.0; Win64; x64) AppleWebKit/537.36 (KHTML, like Gecko) Chrome/108.0.0.0 Safari/537.36"
159.89.170.59 - - [22/Jun/2025:17:00:07 +0000] "\x16\x03\x01\x00u\x01\x00\x00q\x03\x03\xBE\x8C~?<Fd\xC2\x1D\xB6W\xE2\xF9\x92\x0C\x85\xF2\xB9_;\x05\x09\xAC\x0C\xC4\xEB\x1C\xCE\xB5j" 400 157 "-" "-"
159.89.170.59 - - [22/Jun/2025:17:00:07 +0000] "GET /form.html HTTP/1.1" 500 6870 "-" "curl/8.1.2"
159.89.170.59 - - [22/Jun/2025:17:00:07 +0000] "GET /upl.php HTTP/1.1" 404 27 "-" "Mozilla/5.0"
159.89.170.59 - - [22/Jun/2025:17:00:07 +0000] "GET /1.php HTTP/1.1" 404 27 "-" "Mozilla/5.0 (Windows NT 10.0; Win64; x64) AppleWebKit/537.36 (KHTML, like Gecko) Chrome/108.0.0.0 Safari/537.36"
159.89.170.59 - - [22/Jun/2025:17:00:08 +0000] "\x16\x03\x01\x00u\x01\x00\x00q\x03\x03>$=\x9B\xE3\xE4\xA2\xC7\xB3+/,Ty\xA9\xBB\xD0\x13d\x22M\xC1\x19-\x8Fvv\xA6#v\x18\xF7\x00\x00\x1A\xC0/\xC0+\xC0\x11\xC0\x07\xC0\x13\xC0\x09\xC0\x14\xC0" 400 157 "-" "-"
159.89.170.59 - - [22/Jun/2025:17:00:08 +0000] "\x16\x03\x01\x00u\x01\x00\x00q\x03\x03\xAEz\xC1\xCB\xA5\xE6\xB6\x13\xF2\xFAhA\x5C\x98-#\xD4t\xED\xF54\x81\xDAM3K\xBF\xC0\xB4\x17\x99\xFB\x00\x00\x1A\xC0/\xC0+\xC0\x11\xC0\x07\xC0\x13\xC0\x09\xC0\x14\xC0" 400 157 "-" "-"
159.89.170.59 - - [22/Jun/2025:17:00:08 +0000] "GET /t4 HTTP/1.1" 500 6864 "-" "Mozilla/5.0"
159.89.170.59 - - [22/Jun/2025:17:00:08 +0000] "GET /geoip/ HTTP/1.1" 500 6864 "-" "Mozilla/5.0 (Windows NT 10.0; Win64; x64) AppleWebKit/537.36 (KHTML, like Gecko) Chrome/108.0.0.0 Safari/537.36"
159.89.170.59 - - [22/Jun/2025:17:00:09 +0000] "GET /favicon.ico HTTP/1.1" 200 1150 "-" "Mozilla/5.0 (Windows NT 10.0; Win64; x64) AppleWebKit/537.36 (KHTML, like Gecko) Chrome/108.0.0.0 Safari/537.36"
204.76.203.219 - - [22/Jun/2025:17:03:21 +0000] "GET / HTTP/1.1" 500 6870 "-" "curl/7.81.0"
204.76.203.219 - - [22/Jun/2025:17:07:20 +0000] "GET / HTTP/1.1" 500 6870 "-" "Mozilla/5.0 (Windows NT 10.0; Win64; x64) AppleWebKit/537.36 (KHTML, like Gecko) Chrome/90.0.4430.85 Safari/537.36 Edg/90.0.818.46"
199.204.97.58 - - [22/Jun/2025:17:09:22 +0000] "GET http://httpbin.org/get HTTP/1.1" 500 6870 "-" "Go-http-client/1.1"
149.50.103.48 - - [22/Jun/2025:17:11:32 +0000] "GET / HTTP/1.1" 500 6864 "-" "Mozilla/5.0 (Windows NT 10.0; Win64; x64) AppleWebKit/537.36 (KHTML, like Gecko) Chrome/90.0.4430.85 Safari/537.36 Edg/90.0.818.46"
5.183.209.244 - - [22/Jun/2025:17:13:05 +0000] "GET / HTTP/1.1" 500 6870 "-" "Mozilla/5.0 (Windows NT 10.0; Win64; x64) AppleWebKit/537.36 (KHTML, like Gecko) Chrome/90.0.4430.85 Safari/537.36 Edg/90.0.818.46"
199.204.97.58 - - [22/Jun/2025:17:22:49 +0000] "GET http://httpbin.org/get HTTP/1.1" 500 6864 "-" "Go-http-client/1.1"
141.98.10.162 - - [22/Jun/2025:17:25:13 +0000] "GET / HTTP/1.1" 500 6870 "-" "-"
199.204.97.58 - - [22/Jun/2025:17:36:19 +0000] "GET http://httpbin.org/get HTTP/1.1" 500 6864 "-" "Go-http-client/1.1"
204.76.203.219 - - [22/Jun/2025:17:38:04 +0000] "GET / HTTP/1.1" 500 6864 "-" "curl/7.81.0"
199.204.97.58 - - [22/Jun/2025:17:49:49 +0000] "GET http://httpbin.org/get HTTP/1.1" 500 6864 "-" "Go-http-client/1.1"
199.204.97.58 - - [22/Jun/2025:18:03:19 +0000] "GET http://httpbin.org/get HTTP/1.1" 500 6870 "-" "Go-http-client/1.1"
204.76.203.219 - - [22/Jun/2025:18:05:47 +0000] "GET / HTTP/1.1" 500 6864 "-" "curl/7.81.0"
125.132.49.134 - - [22/Jun/2025:18:11:03 +0000] "GET / HTTP/1.1" 500 6864 "-" "Hello-World/1.0"
125.132.49.134 - - [22/Jun/2025:18:11:03 +0000] "\x00\x00\x00\x00\x00\x00\x00\x00\x00\x00\x00\x00\x00\x00\x00\x00\x00\x00\x00\x00\x00\x00\x00\x00\x00\x00\x00\x00\x00\x00\x00\x00\x00\x00\x00\x00\x00\x00\x00\x00\x00\x00\x00\x00\x00\x00\x00\x00\x00\x00\x00\x00\x00\x00\x00\x00\x00\x00\x00\x00\x00\x00\x00\x00\x00\x00\x00\x00\x00\x00\x00\x00\x00\x00\x00\x00\x00\x00\x00\x00\x00\x00\x00\x00\x00\x00\x00\x00\x00\x00\x00\x00\x00\x00\x00\x00\x00\x00\x00\x00\x00\x00\x00\x00\x00\x00\x00\x00\x00\x00\x00\x00\x00\x00\x00\x00\x00\x00\x00\x00\x00\x00\x00\x00\x00\x00\x00\x00\x00\x00\x00\x00\x00\x00\x00\x00\x00\x00\x00\x00\x00\x00\x00\x00\x00\x00\x00\x00\x00\x00\x00\x00\x00\x00\x00\x00\x00\x00\x00\x00\x00\x00\x00\x00" 400 157 "-" "-"
149.50.103.48 - - [22/Jun/2025:18:15:27 +0000] "GET / HTTP/1.1" 500 6864 "-" "Mozilla/5.0 (Windows NT 10.0; Win64; x64) AppleWebKit/537.36 (KHTML, like Gecko) Chrome/90.0.4430.85 Safari/537.36 Edg/90.0.818.46"
199.204.97.58 - - [22/Jun/2025:18:16:49 +0000] "GET http://httpbin.org/get HTTP/1.1" 500 6870 "-" "Go-http-client/1.1"
5.183.209.244 - - [22/Jun/2025:18:26:38 +0000] "GET / HTTP/1.1" 500 6870 "-" "Mozilla/5.0 (Windows NT 10.0; Win64; x64) AppleWebKit/537.36 (KHTML, like Gecko) Chrome/90.0.4430.85 Safari/537.36 Edg/90.0.818.46"
199.204.97.58 - - [22/Jun/2025:18:30:18 +0000] "GET http://httpbin.org/get HTTP/1.1" 500 6870 "-" "Go-http-client/1.1"
201.7.170.246 - - [22/Jun/2025:18:35:07 +0000] "GET /admin/assets/js/pbxlib.js HTTP/1.0" 500 6851 "-" "xfa1"
204.76.203.219 - - [22/Jun/2025:18:35:58 +0000] "GET / HTTP/1.1" 500 6864 "-" "curl/7.81.0"
199.204.97.58 - - [22/Jun/2025:18:43:48 +0000] "GET http://httpbin.org/get HTTP/1.1" 500 6864 "-" "Go-http-client/1.1"
106.15.131.125 - - [22/Jun/2025:18:46:11 +0000] "HEAD /start/index.html HTTP/1.1" 500 0 "-" "-"
106.15.131.125 - - [22/Jun/2025:18:46:11 +0000] "HEAD /pscc/ HTTP/1.1" 500 0 "-" "-"
164.90.215.243 - - [22/Jun/2025:18:51:00 +0000] "GET / HTTP/1.1" 500 6864 "-" "Mozilla/5.0 (X11; Linux x86_64) AppleWebKit/537.36 (KHTML, like Gecko) Chrome/137.0.0.0 Safari/537.36"
164.90.215.243 - - [22/Jun/2025:18:51:01 +0000] "GET /favicon.ico HTTP/1.1" 200 1150 "http://118.31.36.181/" "Mozilla/5.0 (X11; Linux x86_64) AppleWebKit/537.36 (KHTML, like Gecko) Chrome/137.0.0.0 Safari/537.36"
185.218.84.178 - - [22/Jun/2025:18:54:02 +0000] "GET / HTTP/1.1" 500 6864 "-" "Mozilla/5.0 (Windows NT 10.0; Win64; x64) AppleWebKit/537.36 (KHTML, like Gecko) Chrome/90.0.4430.85 Safari/537.36 Edg/90.0.818.46"
199.204.97.58 - - [22/Jun/2025:18:57:19 +0000] "GET http://httpbin.org/get HTTP/1.1" 500 6864 "-" "Go-http-client/1.1"
199.204.97.58 - - [22/Jun/2025:19:10:48 +0000] "GET http://httpbin.org/get HTTP/1.1" 500 6864 "-" "Go-http-client/1.1"
204.76.203.219 - - [22/Jun/2025:19:11:45 +0000] "GET / HTTP/1.1" 500 6870 "-" "curl/7.81.0"
43.165.65.180 - - [22/Jun/2025:19:15:14 +0000] "GET / HTTP/1.1" 500 6870 "-" "Mozilla/5.0 (iPhone; CPU iPhone OS 13_2_3 like Mac OS X) AppleWebKit/605.1.15 (KHTML, like Gecko) Version/13.0.3 Mobile/15E148 Safari/604.1"
149.50.103.48 - - [22/Jun/2025:19:20:45 +0000] "GET / HTTP/1.1" 500 6870 "-" "Mozilla/5.0 (Windows NT 10.0; Win64; x64) AppleWebKit/537.36 (KHTML, like Gecko) Chrome/90.0.4430.85 Safari/537.36 Edg/90.0.818.46"
199.204.97.58 - - [22/Jun/2025:19:24:19 +0000] "GET http://httpbin.org/get HTTP/1.1" 500 6870 "-" "Go-http-client/1.1"
45.88.91.163 - - [22/Jun/2025:19:28:11 +0000] "CONNECT www.cloudflare.com:443 HTTP/1.1" 400 157 "-" "-"
87.255.194.135 - - [22/Jun/2025:19:30:18 +0000] "GET /admin/assets/js/pbxlib.js HTTP/1.0" 500 6851 "-" "xfa1"
89.42.231.140 - - [22/Jun/2025:19:34:03 +0000] "GET / HTTP/1.1" 500 6870 "-" "Mozilla/5.0 (Windows NT 10.0; Win64; x64) AppleWebKit/537.36 (KHTML, like Gecko) Chrome/90.0.4430.85 Safari/537.36 Edg/90.0.818.46"
199.204.97.58 - - [22/Jun/2025:19:37:49 +0000] "GET http://httpbin.org/get HTTP/1.1" 500 6864 "-" "Go-http-client/1.1"
176.65.148.243 - - [22/Jun/2025:19:38:26 +0000] "GET / HTTP/1.1" 500 6864 "-" "-"
204.76.203.219 - - [22/Jun/2025:19:41:32 +0000] "GET / HTTP/1.1" 500 6864 "-" "curl/7.81.0"
199.204.97.58 - - [22/Jun/2025:19:51:19 +0000] "GET http://httpbin.org/get HTTP/1.1" 500 6870 "-" "Go-http-client/1.1"
80.94.95.150 - - [22/Jun/2025:19:59:22 +0000] "\x12\x01\x00^\x00\x00\x01\x00\x00\x00$\x00\x06\x01\x00*\x00\x01\x02\x00+\x00\x01\x03\x00,\x00\x04\x04\x000\x00\x01\x05\x001\x00$\x06\x00U\x00\x01\xFF\x04\x07\x0C\xBC\x00\x00\x00\x00\x00\x00\x15\xD0\x00\xD0\xF3?3E\x00\x00\x00m\xD4\xC4\x18\xF9\x7F\x00\x006\x000\x00\x00\x00\x00\x00 \x00\x00\x00\x00\x00\x00\x00\x90M\xFF\xBC\x01" 400 157 "-" "-"
199.204.97.58 - - [22/Jun/2025:20:04:49 +0000] "GET http://httpbin.org/get HTTP/1.1" 500 6870 "-" "Go-http-client/1.1"
204.76.203.219 - - [22/Jun/2025:20:10:50 +0000] "GET / HTTP/1.1" 500 6864 "-" "curl/7.81.0"
199.204.97.58 - - [22/Jun/2025:20:18:19 +0000] "GET http://httpbin.org/get HTTP/1.1" 500 6864 "-" "Go-http-client/1.1"
149.50.103.48 - - [22/Jun/2025:20:28:03 +0000] "GET / HTTP/1.1" 500 6864 "-" "Mozilla/5.0 (Windows NT 10.0; Win64; x64) AppleWebKit/537.36 (KHTML, like Gecko) Chrome/90.0.4430.85 Safari/537.36 Edg/90.0.818.46"
198.235.24.130 - - [22/Jun/2025:20:29:29 +0000] "GET / HTTP/1.0" 500 6851 "-" "Expanse, a Palo Alto Networks company, searches across the global IPv4 space multiple times per day to identify customers&#39; presences on the Internet. If you would like to be excluded from our scans, please send IP addresses/domains to: scaninfo@paloaltonetworks.com"
199.204.97.58 - - [22/Jun/2025:20:31:48 +0000] "GET http://httpbin.org/get HTTP/1.1" 500 6864 "-" "Go-http-client/1.1"
204.76.203.219 - - [22/Jun/2025:20:33:31 +0000] "GET / HTTP/1.1" 500 6864 "-" "curl/7.81.0"
141.255.162.250 - - [22/Jun/2025:20:43:25 +0000] "GET / HTTP/1.1" 500 6864 "-" "Mozilla/5.0 (Windows NT 10.0; Win64; x64) AppleWebKit/537.36 (KHTML, like Gecko) Chrome/90.0.4430.85 Safari/537.36 Edg/90.0.818.46"
199.204.97.58 - - [22/Jun/2025:20:45:18 +0000] "GET http://httpbin.org/get HTTP/1.1" 500 6870 "-" "Go-http-client/1.1"
198.55.98.76 - - [22/Jun/2025:20:56:13 +0000] "GET /.git/index HTTP/1.1" 500 6870 "-" "Mozilla/5.0 (Windows NT 6.1; WOW64) AppleWebKit/537.36 (KHTML, like Gecko) Chrome/75.0.3770.80 Safari/537.36"
205.210.31.3 - - [22/Jun/2025:20:57:39 +0000] "GET / HTTP/1.1" 500 6864 "-" "-"
5.183.209.244 - - [22/Jun/2025:20:58:49 +0000] "GET / HTTP/1.1" 500 6864 "-" "Mozilla/5.0 (Windows NT 10.0; Win64; x64) AppleWebKit/537.36 (KHTML, like Gecko) Chrome/90.0.4430.85 Safari/537.36 Edg/90.0.818.46"
199.204.97.58 - - [22/Jun/2025:20:58:50 +0000] "GET http://httpbin.org/get HTTP/1.1" 500 6870 "-" "Go-http-client/1.1"
205.210.31.9 - - [22/Jun/2025:21:05:55 +0000] "\x16\x03\x01\x00\xCA\x01\x00\x00\xC6\x03\x03\x02\x81sFb\xE2\xAC\x94\xFB*ff\x9AG\x87\xE7\x96SY\xBC\xD2\xF6d\x07\xC1\xCE\xD6\xD1#B\x87p\x00\x00h\xCC\x14\xCC\x13\xC0/\xC0+\xC00\xC0,\xC0\x11\xC0\x07\xC0'\xC0#\xC0\x13\xC0\x09\xC0(\xC0$\xC0\x14\xC0" 400 157 "-" "-"
205.210.31.9 - - [22/Jun/2025:21:05:55 +0000] "\x16\x03\x01\x00\xEE\x01\x00\x00\xEA\x03\x03\xAD$\x85\xE4\xE0\xFE/qX\xDE\x8A(\x028I\x06%q<\x87~\xB7\xC8u\x05\xED\x89P\xAB\xB5\xE0\xD3 \x97\xF5b\xB0;_znE\xE7\xE9\xD8\x01N\xFA\xD6\xD6C\xCE\x87c%\x83\x84\x87\xCE\xA5\xB5\x89\xC8\xFE\xBF\x00&\xC0+\xC0/\xC0,\xC00\xCC\xA9\xCC\xA8\xC0\x09\xC0\x13\xC0" 400 157 "-" "-"
89.42.231.140 - - [22/Jun/2025:21:06:06 +0000] "GET / HTTP/1.1" 500 6870 "-" "Mozilla/5.0 (Windows NT 10.0; Win64; x64) AppleWebKit/537.36 (KHTML, like Gecko) Chrome/90.0.4430.85 Safari/537.36 Edg/90.0.818.46"
93.174.93.12 - - [22/Jun/2025:21:06:08 +0000] "\x16\x03\x02\x01o\x01\x00\x01k\x03\x02RH\xC5\x1A#\xF7:N\xDF\xE2\xB4\x82/\xFF\x09T\x9F\xA7\xC4y\xB0h\xC6\x13\x8C\xA4\x1C=\x22\xE1\x1A\x98 \x84\xB4,\x85\xAFn\xE3Y\xBBbhl\xFF(=':\xA9\x82\xD9o\xC8\xA2\xD7\x93\x98\xB4\xEF\x80\xE5\xB9\x90\x00(\xC0" 400 157 "-" "-"
204.76.203.219 - - [22/Jun/2025:21:08:23 +0000] "GET / HTTP/1.1" 500 6864 "-" "curl/7.81.0"
199.204.97.58 - - [22/Jun/2025:21:12:20 +0000] "GET http://httpbin.org/get HTTP/1.1" 500 6864 "-" "Go-http-client/1.1"
199.204.97.58 - - [22/Jun/2025:21:25:48 +0000] "GET http://httpbin.org/get HTTP/1.1" 500 6864 "-" "Go-http-client/1.1"
149.50.103.48 - - [22/Jun/2025:21:36:44 +0000] "GET / HTTP/1.1" 500 6864 "-" "Mozilla/5.0 (Windows NT 10.0; Win64; x64) AppleWebKit/537.36 (KHTML, like Gecko) Chrome/90.0.4430.85 Safari/537.36 Edg/90.0.818.46"
199.204.97.58 - - [22/Jun/2025:21:39:24 +0000] "GET http://httpbin.org/get HTTP/1.1" 500 6870 "-" "Go-http-client/1.1"
204.76.203.219 - - [22/Jun/2025:21:44:14 +0000] "GET / HTTP/1.1" 500 6870 "-" "curl/7.81.0"
199.204.97.58 - - [22/Jun/2025:21:52:50 +0000] "GET http://httpbin.org/get HTTP/1.1" 500 6864 "-" "Go-http-client/1.1"
204.76.203.219 - - [22/Jun/2025:21:57:40 +0000] "GET / HTTP/1.1" 500 6864 "-" "Mozilla/5.0 (Windows NT 10.0; Win64; x64) AppleWebKit/537.36 (KHTML, like Gecko) Chrome/90.0.4430.85 Safari/537.36 Edg/90.0.818.46"
199.204.97.58 - - [22/Jun/2025:22:06:19 +0000] "GET http://httpbin.org/get HTTP/1.1" 500 6864 "-" "Go-http-client/1.1"
204.76.203.219 - - [22/Jun/2025:22:14:41 +0000] "GET / HTTP/1.1" 500 6864 "-" "curl/7.81.0"
89.42.231.140 - - [22/Jun/2025:22:18:28 +0000] "GET / HTTP/1.1" 500 6864 "-" "Mozilla/5.0 (Windows NT 10.0; Win64; x64) AppleWebKit/537.36 (KHTML, like Gecko) Chrome/90.0.4430.85 Safari/537.36 Edg/90.0.818.46"
196.251.70.87 - - [22/Jun/2025:22:19:37 +0000] "GET /.git/refs/remotes/ HTTP/1.1" 500 6864 "-" "Mozilla/5.0 (Linux; Android 9; SM-G950U1) AppleWebKit/537.36 (KHTML, like Gecko) Chrome/76.0.3809.111 Mobile Safari/537.36"
199.204.97.58 - - [22/Jun/2025:22:19:50 +0000] "GET http://httpbin.org/get HTTP/1.1" 500 6870 "-" "Go-http-client/1.1"
199.204.97.58 - - [22/Jun/2025:22:33:19 +0000] "GET http://httpbin.org/get HTTP/1.1" 500 6864 "-" "Go-http-client/1.1"
149.50.103.48 - - [22/Jun/2025:22:37:14 +0000] "GET / HTTP/1.1" 500 6870 "-" "Mozilla/5.0 (Windows NT 10.0; Win64; x64) AppleWebKit/537.36 (KHTML, like Gecko) Chrome/90.0.4430.85 Safari/537.36 Edg/90.0.818.46"
204.76.203.219 - - [22/Jun/2025:22:46:21 +0000] "GET / HTTP/1.1" 500 6864 "-" "curl/7.81.0"
199.204.97.58 - - [22/Jun/2025:22:46:49 +0000] "GET http://httpbin.org/get HTTP/1.1" 500 6870 "-" "Go-http-client/1.1"
199.204.97.58 - - [22/Jun/2025:23:00:19 +0000] "GET http://httpbin.org/get HTTP/1.1" 500 6870 "-" "Go-http-client/1.1"
59.82.21.60 - - [22/Jun/2025:23:07:26 +0000] "GET / HTTP/1.1" 500 6864 "-" "Mozilla/5.0 (Windows NT 10.0; Win64; x64) AppleWebKit/537.36 (KHTML, like Gecko) Chrome/88.0.7556.145 Safari/537.36"
185.194.204.246 - - [22/Jun/2025:23:10:38 +0000] "GET /admin/config.php HTTP/1.0" 404 16 "-" "xfa1"
141.98.10.162 - - [22/Jun/2025:23:10:40 +0000] "GET / HTTP/1.1" 500 6864 "-" "-"
176.65.148.75 - - [22/Jun/2025:23:13:03 +0000] "GET / HTTP/1.1" 500 6870 "-" "-"
199.204.97.58 - - [22/Jun/2025:23:13:49 +0000] "GET http://httpbin.org/get HTTP/1.1" 500 6870 "-" "Go-http-client/1.1"
204.76.203.219 - - [22/Jun/2025:23:14:17 +0000] "GET / HTTP/1.1" 500 6870 "-" "curl/7.81.0"
199.204.97.58 - - [22/Jun/2025:23:27:19 +0000] "GET http://httpbin.org/get HTTP/1.1" 500 6870 "-" "Go-http-client/1.1"
