196.251.80.2 - - [19/Jun/2025:23:12:11 +0000] "GET /.env HTTP/1.1" 500 6864 "-" "Mozilla/5.0 (Macintosh; Intel Mac OS X 10.8; rv:16.0) Gecko/20120813 Firefox/16.0"
149.50.103.48 - - [19/Jun/2025:23:17:47 +0000] "GET / HTTP/1.1" 500 6864 "-" "Mozilla/5.0 (Windows NT 10.0; Win64; x64) AppleWebKit/537.36 (KHTML, like Gecko) Chrome/90.0.4430.85 Safari/537.36 Edg/90.0.818.46"
199.204.97.58 - - [19/Jun/2025:23:24:41 +0000] "GET http://httpbin.org/get HTTP/1.1" 500 6870 "-" "Go-http-client/1.1"
198.235.24.159 - - [19/Jun/2025:23:30:45 +0000] "GET / HTTP/1.1" 500 6870 "-" "Expanse, a Palo Alto Networks company, searches across the global IPv4 space multiple times per day to identify customers&#39; presences on the Internet. If you would like to be excluded from our scans, please send IP addresses/domains to: scaninfo@paloaltonetworks.com"
204.76.203.219 - - [19/Jun/2025:23:34:12 +0000] "GET / HTTP/1.1" 500 6864 "-" "curl/7.81.0"
80.82.77.202 - - [19/Jun/2025:23:34:51 +0000] "GET / HTTP/1.0" 500 6851 "-" "Mozilla/5.0 (Linux; Android 9; SAMSUNG SM-G975U1 Build/PPR1.180610.011) AppleWebKit/537.36 (KHTML, like Gecko) SamsungBrowser/9.4 Chrome/67.0.3396.87 Mobile Safari/537.36"
199.204.97.58 - - [19/Jun/2025:23:38:11 +0000] "GET http://httpbin.org/get HTTP/1.1" 500 6864 "-" "Go-http-client/1.1"
104.152.52.161 - - [19/Jun/2025:23:38:54 +0000] "\x16\x03\x01\x00\xE6\x01\x00\x00\xE2\x03\x03E#>\xDF\x99\xAA\x9FVEu\xCA4\xE30$\xFD\x02\xCE\xAFDUY\x9A\x96\x8B6g\x12h\xAAW\x96 \x80\xBF\x82@\xF8\xB2\x19\xF2\xB8\x925\xB8\x91\x15\xB6;~\x9D\xDC\xFB\x93\x98V\xBE#\x95~\xB3\x05\xE0\xBC\xE5\x00\x1A\xC0+\xC0/\xC0,\xC00\xCC\xA9\xCC\xA8\xC0\x09\xC0\x13\xC0" 400 157 "-" "-"
104.152.52.162 - - [19/Jun/2025:23:38:54 +0000] "GET / HTTP/1.1" 500 6864 "-" "curl/7.61.1"
20.14.73.238 - - [19/Jun/2025:23:44:54 +0000] "GET /ReportServer HTTP/1.1" 500 6864 "-" "Mozilla/5.0 zgrab/0.x"
199.204.97.58 - - [19/Jun/2025:23:51:41 +0000] "GET http://httpbin.org/get HTTP/1.1" 500 6864 "-" "Go-http-client/1.1"
199.204.97.58 - - [20/Jun/2025:00:05:12 +0000] "GET http://httpbin.org/get HTTP/1.1" 500 6864 "-" "Go-http-client/1.1"
204.76.203.219 - - [20/Jun/2025:00:17:07 +0000] "GET / HTTP/1.1" 500 6870 "-" "curl/7.81.0"
199.204.97.58 - - [20/Jun/2025:00:18:42 +0000] "GET http://httpbin.org/get HTTP/1.1" 500 6864 "-" "Go-http-client/1.1"
149.50.103.48 - - [20/Jun/2025:00:23:13 +0000] "GET / HTTP/1.1" 500 6864 "-" "Mozilla/5.0 (Windows NT 10.0; Win64; x64) AppleWebKit/537.36 (KHTML, like Gecko) Chrome/90.0.4430.85 Safari/537.36 Edg/90.0.818.46"
199.204.97.58 - - [20/Jun/2025:00:32:18 +0000] "GET http://httpbin.org/get HTTP/1.1" 500 6864 "-" "Go-http-client/1.1"
204.76.203.219 - - [20/Jun/2025:00:45:26 +0000] "GET / HTTP/1.1" 500 6870 "-" "curl/7.81.0"
199.204.97.58 - - [20/Jun/2025:00:45:41 +0000] "GET http://httpbin.org/get HTTP/1.1" 500 6864 "-" "Go-http-client/1.1"
107.174.224.18 - - [20/Jun/2025:00:50:14 +0000] "GET / HTTP/1.1" 500 6870 "-" "Mozilla/5.0"
204.76.203.219 - - [20/Jun/2025:00:53:58 +0000] "GET / HTTP/1.1" 500 6870 "-" "Mozilla/5.0 (Windows NT 10.0; Win64; x64) AppleWebKit/537.36 (KHTML, like Gecko) Chrome/90.0.4430.85 Safari/537.36 Edg/90.0.818.46"
199.204.97.58 - - [20/Jun/2025:00:59:11 +0000] "GET http://httpbin.org/get HTTP/1.1" 500 6870 "-" "Go-http-client/1.1"
199.204.97.58 - - [20/Jun/2025:01:12:41 +0000] "GET http://httpbin.org/get HTTP/1.1" 500 6864 "-" "Go-http-client/1.1"
93.174.93.12 - - [20/Jun/2025:01:16:53 +0000] "\x16\x03\x02\x01o\x01\x00\x01k\x03\x02RH\xC5\x1A#\xF7:N\xDF\xE2\xB4\x82/\xFF\x09T\x9F\xA7\xC4y\xB0h\xC6\x13\x8C\xA4\x1C=\x22\xE1\x1A\x98 \x84\xB4,\x85\xAFn\xE3Y\xBBbhl\xFF(=':\xA9\x82\xD9o\xC8\xA2\xD7\x93\x98\xB4\xEF\x80\xE5\xB9\x90\x00(\xC0" 400 157 "-" "-"
198.235.24.152 - - [20/Jun/2025:01:17:13 +0000] "\x16\x03\x01\x00\xCA\x01\x00\x00\xC6\x03\x03p\xC5\x15\x1AA" 400 157 "-" "-"
198.235.24.152 - - [20/Jun/2025:01:17:13 +0000] "\x16\x03\x01\x00\xEE\x01\x00\x00\xEA\x03\x03K\xB3\x7F\x1C\x9B7\xF2A\xB8%\xF3<\x00q}CE\x86\xF6d\x93\xBB!\x92\xDC\x03\xE3?\xAF*<\x05 \x10-5\xCC\x8A[mW\x06\x900\x06e\x1D\x98\xC0'O\xDF\x9E\x13\x88\x12\x05\xC0\xB0\xEBW\x01\x11\xB9\xC7\x00&\xC0+\xC0/\xC0,\xC00\xCC\xA9\xCC\xA8\xC0\x09\xC0\x13\xC0" 400 157 "-" "-"
149.50.103.48 - - [20/Jun/2025:01:22:16 +0000] "GET / HTTP/1.1" 500 6864 "-" "Mozilla/5.0 (Windows NT 10.0; Win64; x64) AppleWebKit/537.36 (KHTML, like Gecko) Chrome/90.0.4430.85 Safari/537.36 Edg/90.0.818.46"
199.204.97.58 - - [20/Jun/2025:01:26:12 +0000] "GET http://httpbin.org/get HTTP/1.1" 500 6870 "-" "Go-http-client/1.1"
204.76.203.219 - - [20/Jun/2025:01:26:40 +0000] "GET / HTTP/1.1" 500 6870 "-" "curl/7.81.0"
199.204.97.58 - - [20/Jun/2025:01:39:40 +0000] "GET http://httpbin.org/get HTTP/1.1" 500 6870 "-" "Go-http-client/1.1"
199.204.97.58 - - [20/Jun/2025:01:53:11 +0000] "GET http://httpbin.org/get HTTP/1.1" 500 6870 "-" "Go-http-client/1.1"
139.59.4.72 - - [20/Jun/2025:02:00:52 +0000] "GET /.env HTTP/1.1" 500 6864 "-" "Mozilla/5.0; Keydrop.io/1.0(onlyscans.com/about);"
139.59.4.72 - - [20/Jun/2025:02:00:52 +0000] "GET /.git/config HTTP/1.1" 500 6864 "-" "Mozilla/5.0; Keydrop.io/1.0(onlyscans.com/about);"
204.76.203.219 - - [20/Jun/2025:02:04:25 +0000] "GET / HTTP/1.1" 500 6870 "-" "curl/7.81.0"
199.204.97.58 - - [20/Jun/2025:02:06:41 +0000] "GET http://httpbin.org/get HTTP/1.1" 500 6870 "-" "Go-http-client/1.1"
149.100.11.243 - - [20/Jun/2025:02:13:29 +0000] "GET / HTTP/1.1" 500 6864 "-" "Mozilla/5.0 (Windows NT 10.0; Win64; x64) AppleWebKit/537.36"
176.65.148.75 - - [20/Jun/2025:02:15:38 +0000] "GET / HTTP/1.1" 500 6864 "-" "-"
43.135.135.57 - - [20/Jun/2025:02:19:39 +0000] "GET / HTTP/1.1" 500 6864 "-" "Mozilla/5.0 (iPhone; CPU iPhone OS 13_2_3 like Mac OS X) AppleWebKit/605.1.15 (KHTML, like Gecko) Version/13.0.3 Mobile/15E148 Safari/604.1"
199.204.97.58 - - [20/Jun/2025:02:20:10 +0000] "GET http://httpbin.org/get HTTP/1.1" 500 6870 "-" "Go-http-client/1.1"
205.210.31.144 - - [20/Jun/2025:02:29:12 +0000] "GET / HTTP/1.1" 500 6870 "-" "Expanse, a Palo Alto Networks company, searches across the global IPv4 space multiple times per day to identify customers&#39; presences on the Internet. If you would like to be excluded from our scans, please send IP addresses/domains to: scaninfo@paloaltonetworks.com"
149.50.103.48 - - [20/Jun/2025:02:33:40 +0000] "GET / HTTP/1.1" 500 6870 "-" "Mozilla/5.0 (Windows NT 10.0; Win64; x64) AppleWebKit/537.36 (KHTML, like Gecko) Chrome/90.0.4430.85 Safari/537.36 Edg/90.0.818.46"
199.204.97.58 - - [20/Jun/2025:02:33:42 +0000] "GET http://httpbin.org/get HTTP/1.1" 500 6870 "-" "Go-http-client/1.1"
204.76.203.219 - - [20/Jun/2025:02:40:12 +0000] "GET / HTTP/1.1" 500 6864 "-" "curl/7.81.0"
45.33.80.243 - - [20/Jun/2025:02:42:41 +0000] "GET / HTTP/1.1" 500 6864 "-" "Mozilla/5.0 (Macintosh; Intel Mac OS X 13_1) AppleWebKit/537.36 (KHTML, like Gecko) Chrome/108.0.0.0 Safari/537.36"
199.204.97.58 - - [20/Jun/2025:02:47:11 +0000] "GET http://httpbin.org/get HTTP/1.1" 500 6870 "-" "Go-http-client/1.1"
199.204.97.58 - - [20/Jun/2025:03:00:41 +0000] "GET http://httpbin.org/get HTTP/1.1" 500 6864 "-" "Go-http-client/1.1"
47.109.48.21 - - [20/Jun/2025:03:07:20 +0000] "GET /.env.bak HTTP/1.1" 499 0 "-" "Mozilla/5.0 (iPhone; CPU iPhone OS 17_5_1 like Mac OS X) AppleWebKit/605.1.15 (KHTML, like Gecko) Version/17.4.1 Mobile/15E148 Safari/604.1"
47.109.48.21 - - [20/Jun/2025:03:07:20 +0000] "GET /containers/json HTTP/1.1" 499 0 "-" "Mozilla/5.0 (iPhone; CPU iPhone OS 17_5_1 like Mac OS X) AppleWebKit/605.1.15 (KHTML, like Gecko) Version/17.4.1 Mobile/15E148 Safari/604.1"
47.109.48.21 - - [20/Jun/2025:03:07:20 +0000] "GET / HTTP/1.1" 499 0 "-" "Mozilla/5.0 (iPhone; CPU iPhone OS 17_5_1 like Mac OS X) AppleWebKit/605.1.15 (KHTML, like Gecko) Version/17.4.1 Mobile/15E148 Safari/604.1"
47.109.48.21 - - [20/Jun/2025:03:07:20 +0000] "GET /.env HTTP/1.1" 499 0 "-" "Mozilla/5.0 (iPhone; CPU iPhone OS 17_5_1 like Mac OS X) AppleWebKit/605.1.15 (KHTML, like Gecko) Version/17.4.1 Mobile/15E148 Safari/604.1"
47.109.48.21 - - [20/Jun/2025:03:07:20 +0000] "GET /version HTTP/1.1" 499 0 "-" "Mozilla/5.0 (iPhone; CPU iPhone OS 17_5_1 like Mac OS X) AppleWebKit/605.1.15 (KHTML, like Gecko) Version/17.4.1 Mobile/15E148 Safari/604.1"
47.109.48.21 - - [20/Jun/2025:03:07:20 +0000] "GET /containers/json HTTP/1.1" 499 0 "-" "Mozilla/5.0 (iPhone; CPU iPhone OS 17_5_1 like Mac OS X) AppleWebKit/605.1.15 (KHTML, like Gecko) Version/17.4.1 Mobile/15E148 Safari/604.1"
47.109.48.21 - - [20/Jun/2025:03:07:21 +0000] "\x16\x03\x01\x00\xEF\x01\x00\x00\xEB\x03\x03\xB2\xF6" 400 157 "-" "-"
47.109.48.21 - - [20/Jun/2025:03:07:21 +0000] "\x16\x03\x01\x00\xEF\x01\x00\x00\xEB\x03\x03jm\xF47\xB7\x98\xDAk][-u\xD6\xC6\xE0\x5C|\xB7\xF7\xD1ab}\xFE~x\xB1d\xCA-\xC1\x15 \x15s\xC1\x18\xB3\xBD\xB4i~\xE6\x85\xBCP?\xA0\xCF\xA3\xECv&V\x98\x04v\x01\x07\xC2\x02\x8E \x82\x07\x00\x14\x13\x02\x13\x01\x13\x03\xC0,\xC0+\xCC\xA9\xC00\xC0/\xCC\xA8\x00\xFF\x01\x00\x00\x8E\x00" 400 157 "-" "-"
47.109.48.21 - - [20/Jun/2025:03:07:21 +0000] "\x16\x03\x01\x00\xEF\x01\x00\x00\xEB\x03\x03\xF8\xF1%\xDF\x1F\xAB\xC62\xD5Xm\x0CR\xB0?\xC7\xCB\x1C\x04u\xDD\xBE\x1C\x12\xF6%G\xE8\xEE\xD5\xDDe e\xAE\x8CV-R\xF8l.\x03D\xF7\xFD\x1E\x92\x1E\xB7\xEF\xED\xB0\xD7(\xEE\x8C\xA0.\xDE\x90\xB2\xC8pN\x00\x14\x13\x02\x13\x01\x13\x03\xC0,\xC0+\xCC\xA9\xC00\xC0/\xCC\xA8\x00\xFF\x01\x00\x00\x8E\x00\x17\x00\x00\x00\x0B\x00\x02\x01\x00\x00-\x00\x02\x01\x01\x00\x10\x00\x0E\x00\x0C\x02h2\x08http/1.1\x00" 400 157 "-" "-"
47.109.48.21 - - [20/Jun/2025:03:07:21 +0000] "\x16\x03\x01\x00\xEF\x01\x00\x00\xEB\x03\x03g\x8F<!\xB7\xD4\xFF\x1ER\xE2l\xDE" 400 157 "-" "-"
47.109.48.21 - - [20/Jun/2025:03:07:21 +0000] "\x16\x03\x01\x00\xEF\x01\x00\x00\xEB\x03\x03j\xA6{\x87o4\x1A\xBC" 400 157 "-" "-"
204.76.203.219 - - [20/Jun/2025:03:13:15 +0000] "GET / HTTP/1.1" 500 6870 "-" "curl/7.81.0"
199.204.97.58 - - [20/Jun/2025:03:14:13 +0000] "GET http://httpbin.org/get HTTP/1.1" 500 6864 "-" "Go-http-client/1.1"
43.156.168.214 - - [20/Jun/2025:03:26:20 +0000] "GET / HTTP/1.1" 500 6870 "-" "Mozilla/5.0 (iPhone; CPU iPhone OS 13_2_3 like Mac OS X) AppleWebKit/605.1.15 (KHTML, like Gecko) Version/13.0.3 Mobile/15E148 Safari/604.1"
128.199.68.195 - - [20/Jun/2025:03:27:02 +0000] "\x16\x03\x01\x00u\x01\x00\x00q\x03\x03\x88\xB7\xBF\x99\xF9\x1A\xA2\xD4\x11\x94\x1Ee\xF5\xD8*\x1A\xC0?\xCE" 400 157 "-" "-"
128.199.68.195 - - [20/Jun/2025:03:27:02 +0000] "\x16\x03\x01\x00u\x01\x00\x00q\x03\x03\xB9 \x17\xA0K\x87\xFD\x82\x03\xF0\xC6\xF5aIL\xDC<\xB7\x85\xE0\xDDb\xA5\xA9\xC8#\x91\xCA\x15\xAC\xB1c\x00\x00\x1A\xC0/\xC0+\xC0\x11\xC0\x07\xC0\x13\xC0\x09\xC0\x14\xC0" 400 157 "-" "-"
128.199.68.195 - - [20/Jun/2025:03:27:03 +0000] "GET /form.html HTTP/1.1" 500 6864 "-" "curl/8.1.2"
128.199.68.195 - - [20/Jun/2025:03:27:04 +0000] "GET /t4 HTTP/1.1" 500 6864 "-" "Mozilla/5.0"
128.199.68.195 - - [20/Jun/2025:03:27:14 +0000] "GET /geoip/ HTTP/1.1" 500 6870 "-" "Mozilla/5.0 (Windows NT 10.0; Win64; x64) AppleWebKit/537.36 (KHTML, like Gecko) Chrome/108.0.0.0 Safari/537.36"
128.199.68.195 - - [20/Jun/2025:03:27:15 +0000] "GET /1.php HTTP/1.1" 404 27 "-" "Mozilla/5.0 (Windows NT 10.0; Win64; x64) AppleWebKit/537.36 (KHTML, like Gecko) Chrome/108.0.0.0 Safari/537.36"
128.199.68.195 - - [20/Jun/2025:03:27:16 +0000] "GET /password.php HTTP/1.1" 404 27 "-" "Mozilla/5.0 (Windows NT 10.0; Win64; x64) AppleWebKit/537.36 (KHTML, like Gecko) Chrome/108.0.0.0 Safari/537.36"
128.199.68.195 - - [20/Jun/2025:03:27:16 +0000] "GET /upl.php HTTP/1.1" 404 27 "-" "Mozilla/5.0"
128.199.68.195 - - [20/Jun/2025:03:27:20 +0000] "GET /favicon.ico HTTP/1.1" 200 1150 "-" "Mozilla/5.0 (Windows NT 10.0; Win64; x64) AppleWebKit/537.36 (KHTML, like Gecko) Chrome/108.0.0.0 Safari/537.36"
128.199.68.195 - - [20/Jun/2025:03:27:22 +0000] "GET /systembc/password.php HTTP/1.1" 404 27 "-" "Mozilla/5.0 (Windows NT 10.0; Win64; x64) AppleWebKit/537.36 (KHTML, like Gecko) Chrome/108.0.0.0 Safari/537.36"
128.199.68.195 - - [20/Jun/2025:03:27:26 +0000] "\x16\x03\x01\x00u\x01\x00\x00q\x03\x03Q\xE0\x96\xA5?P\xBA:Zx\xAC\xCAP\x1C<U_\x93M\xFF#\x90AX\xDB\x8A\x9CK\x1F\x09(\xC3\x00\x00\x1A\xC0/\xC0+\xC0\x11\xC0\x07\xC0\x13\xC0\x09\xC0\x14\xC0" 400 157 "-" "-"
199.204.97.58 - - [20/Jun/2025:03:27:42 +0000] "GET http://httpbin.org/get HTTP/1.1" 500 6864 "-" "Go-http-client/1.1"
87.255.194.135 - - [20/Jun/2025:03:36:04 +0000] "GET /admin/assets/js/pbxlib.js HTTP/1.0" 500 6851 "-" "xfa1"
149.50.103.48 - - [20/Jun/2025:03:37:51 +0000] "GET / HTTP/1.1" 500 6864 "-" "Mozilla/5.0 (Windows NT 10.0; Win64; x64) AppleWebKit/537.36 (KHTML, like Gecko) Chrome/90.0.4430.85 Safari/537.36 Edg/90.0.818.46"
199.204.97.58 - - [20/Jun/2025:03:41:11 +0000] "GET http://httpbin.org/get HTTP/1.1" 500 6864 "-" "Go-http-client/1.1"
204.76.203.219 - - [20/Jun/2025:03:51:13 +0000] "GET / HTTP/1.1" 500 6870 "-" "curl/7.81.0"
199.204.97.58 - - [20/Jun/2025:03:54:49 +0000] "GET http://httpbin.org/get HTTP/1.1" 500 6864 "-" "Go-http-client/1.1"
173.212.223.233 - - [20/Jun/2025:04:03:41 +0000] "GET / HTTP/1.1" 500 6864 "https://google.com" "Mozilla/5.0 (Windows NT 10.0; Win64; x64) AppleWebKit/537.36 (KHTML, like Gecko) Chrome/121.0.0.0 Safari/537.36"
173.212.223.233 - - [20/Jun/2025:04:03:41 +0000] "GET //admin/.env HTTP/1.1" 500 6864 "https://google.com" "Mozilla/5.0 (Windows NT 10.0; Win64; x64) AppleWebKit/537.36 (KHTML, like Gecko) Chrome/121.0.0.0 Safari/537.36"
173.212.223.233 - - [20/Jun/2025:04:03:42 +0000] "\x16\x03\x01\x02\x00\x01\x00\x01\xFC\x03\x03\x1Do\x84\xBCH\xE4\xDB\x83\xBB\x91\xEDS\x05\x9B\xF1\x00\xE9\xD0iR\x14w\x1B/\x00B\xA8\xD0\x83[\xAC\xBE \xAD\xC3T\x22E\xD0\x0B6\x059\xEB\x08\xA6@\xDC\x13\xE3\x1C6\xB8\xE2\xB6\xABD\xF32\x0E\xEA\x9D\x04\xD2r\x00>\x13\x02\x13\x03\x13\x01\xC0,\xC00\x00\x9F\xCC\xA9\xCC\xA8\xCC\xAA\xC0+\xC0/\x00\x9E\xC0$\xC0(\x00k\xC0#\xC0'\x00g\xC0" 400 157 "-" "-"
196.251.83.25 - - [20/Jun/2025:04:05:29 +0000] "GET /.env HTTP/1.1" 500 6870 "-" "Mozilla/5.0 (Windows NT 6.3; WOW64) AppleWebKit/537.36 (KHTML, like Gecko) Chrome/31.0.1650.57 Safari/537.36 OPR/18.0.1284.49"
199.204.97.58 - - [20/Jun/2025:04:08:11 +0000] "GET http://httpbin.org/get HTTP/1.1" 500 6864 "-" "Go-http-client/1.1"
199.204.97.58 - - [20/Jun/2025:04:21:42 +0000] "GET http://httpbin.org/get HTTP/1.1" 500 6864 "-" "Go-http-client/1.1"
204.76.203.219 - - [20/Jun/2025:04:22:50 +0000] "GET / HTTP/1.1" 500 6864 "-" "curl/7.81.0"
148.153.56.84 - - [20/Jun/2025:04:32:07 +0000] "GET /JGuV HTTP/1.1" 500 6870 "-" "Mozilla/5.0 (Macintosh; Intel Mac OS X 10.9; rv:32.0) Gecko/20100101 Firefox/32.0"
148.153.56.84 - - [20/Jun/2025:04:32:09 +0000] "GET /hYQK HTTP/1.1" 500 6870 "-" "Mozilla/5.0 (Macintosh; Intel Mac OS X 10.9; rv:32.0) Gecko/20100101 Firefox/32.0"
148.153.56.84 - - [20/Jun/2025:04:32:10 +0000] "GET /aab8 HTTP/1.1" 500 6864 "-" "Mozilla/5.0 (Macintosh; Intel Mac OS X 10.9; rv:32.0) Gecko/20100101 Firefox/32.0"
148.153.56.84 - - [20/Jun/2025:04:32:11 +0000] "GET /jquery-3.3.1.slim.min.js HTTP/1.1" 500 6870 "-" "Mozilla/5.0 (Macintosh; Intel Mac OS X 10.9; rv:32.0) Gecko/20100101 Firefox/32.0"
148.153.56.84 - - [20/Jun/2025:04:32:12 +0000] "GET /aab9 HTTP/1.1" 500 6870 "-" "Mozilla/5.0 (Macintosh; Intel Mac OS X 10.9; rv:32.0) Gecko/20100101 Firefox/32.0"
148.153.56.84 - - [20/Jun/2025:04:32:13 +0000] "GET /jquery-3.3.2.slim.min.js HTTP/1.1" 500 6870 "-" "Mozilla/5.0 (Macintosh; Intel Mac OS X 10.9; rv:32.0) Gecko/20100101 Firefox/32.0"
93.174.93.12 - - [20/Jun/2025:04:33:50 +0000] "GET / HTTP/1.0" 500 6851 "-" "Mozilla/5.0 (iPhone; U; CPU iPhone OS 4_0 like Mac OS X; en-us) AppleWebKit/532.9 (KHTML, like Gecko) Version/4.0.5 Mobile/8A293 Safari/531.22.7"
199.204.97.58 - - [20/Jun/2025:04:35:11 +0000] "GET http://httpbin.org/get HTTP/1.1" 500 6864 "-" "Go-http-client/1.1"
149.50.103.48 - - [20/Jun/2025:04:44:08 +0000] "GET / HTTP/1.1" 500 6864 "-" "Mozilla/5.0 (Windows NT 10.0; Win64; x64) AppleWebKit/537.36 (KHTML, like Gecko) Chrome/90.0.4430.85 Safari/537.36 Edg/90.0.818.46"
199.204.97.58 - - [20/Jun/2025:04:48:41 +0000] "GET http://httpbin.org/get HTTP/1.1" 500 6864 "-" "Go-http-client/1.1"
204.76.203.219 - - [20/Jun/2025:04:59:26 +0000] "GET / HTTP/1.1" 500 6864 "-" "curl/7.81.0"
199.204.97.58 - - [20/Jun/2025:05:02:11 +0000] "GET http://httpbin.org/get HTTP/1.1" 500 6864 "-" "Go-http-client/1.1"
176.65.148.75 - - [20/Jun/2025:05:13:06 +0000] "GET / HTTP/1.1" 500 6864 "-" "-"
199.204.97.58 - - [20/Jun/2025:05:15:41 +0000] "GET http://httpbin.org/get HTTP/1.1" 500 6864 "-" "Go-http-client/1.1"
3.137.73.221 - - [20/Jun/2025:05:17:43 +0000] "GET / HTTP/1.1" 500 6864 "-" "Mozilla/5.0 (Macintosh; Intel Mac OS X 10_15_7) Chrome/126.0.0.0 Safari/537.36"
3.137.73.221 - - [20/Jun/2025:05:17:45 +0000] "GET / HTTP/1.1" 500 6864 "-" "Mozilla/5.0 (Macintosh; Intel Mac OS X 10_15_7) Chrome/126.0.0.0 Safari/537.36"
3.137.73.221 - - [20/Jun/2025:05:19:50 +0000] "\x16\x03\x01\x00{\x01\x00\x00w\x03\x03\x5C\xD3\x99\xE1uT\xBD\x84A\x14\x11\x14\xD3\xC5$\xE2\xD7\xB7t1M\xE3\xC8g`\x89L\x805<\xBD\xFA\x00\x00\x1A\xC0/\xC0+\xC0\x11\xC0\x07\xC0\x13\xC0\x09\xC0\x14\xC0" 400 157 "-" "-"
3.137.73.221 - - [20/Jun/2025:05:20:26 +0000] "SSH-2.0-Go" 400 157 "-" "-"
3.137.73.221 - - [20/Jun/2025:05:21:57 +0000] "\x16\x03\x01\x00{\x01\x00\x00w\x03\x03\x87\xCFU\x1C2\xE2\x98\xFE\xB8\x87\xC8\xC5C\x1E\xD2@5\xA0CfV\xD8\x99E\x12\xEA\xD4\xDA\x0E\x86\xD2\x1D\x00\x00\x1A\xC0/\xC0+\xC0\x11\xC0\x07\xC0\x13\xC0\x09\xC0\x14\xC0" 400 157 "-" "-"
199.204.97.58 - - [20/Jun/2025:05:29:11 +0000] "GET http://httpbin.org/get HTTP/1.1" 500 6870 "-" "Go-http-client/1.1"
204.76.203.219 - - [20/Jun/2025:05:36:14 +0000] "GET / HTTP/1.1" 500 6864 "-" "curl/7.81.0"
199.204.97.58 - - [20/Jun/2025:05:42:41 +0000] "GET http://httpbin.org/get HTTP/1.1" 500 6864 "-" "Go-http-client/1.1"
149.50.103.48 - - [20/Jun/2025:05:50:36 +0000] "GET / HTTP/1.1" 500 6864 "-" "Mozilla/5.0 (Windows NT 10.0; Win64; x64) AppleWebKit/537.36 (KHTML, like Gecko) Chrome/90.0.4430.85 Safari/537.36 Edg/90.0.818.46"
110.81.121.50 - - [20/Jun/2025:05:51:49 +0000] "GET / HTTP/1.1" 500 6870 "-" "Hello-World/1.0"
110.81.121.50 - - [20/Jun/2025:05:51:49 +0000] "\x00\x00\x00\x00\x00\x00\x00\x00\x00\x00\x00\x00\x00\x00\x00\x00\x00\x00\x00\x00\x00\x00\x00\x00\x00\x00\x00\x00\x00\x00\x00\x00\x00\x00\x00\x00\x00\x00\x00\x00\x00\x00\x00\x00\x00\x00\x00\x00\x00\x00\x00\x00\x00\x00\x00\x00\x00\x00\x00\x00\x00\x00\x00\x00\x00\x00\x00\x00\x00\x00\x00\x00\x00\x00\x00\x00\x00\x00\x00\x00\x00\x00\x00\x00\x00\x00\x00\x00\x00\x00\x00\x00\x00\x00\x00\x00\x00\x00\x00\x00\x00\x00\x00\x00\x00\x00\x00\x00\x00\x00\x00\x00\x00\x00\x00\x00\x00\x00\x00\x00\x00\x00\x00\x00\x00\x00\x00\x00\x00\x00\x00\x00\x00\x00\x00\x00\x00\x00\x00\x00\x00\x00\x00\x00\x00\x00\x00\x00\x00\x00\x00\x00\x00\x00\x00\x00\x00\x00\x00\x00\x00\x00\x00\x00" 400 157 "-" "-"
172.210.68.2 - - [20/Jun/2025:05:56:09 +0000] "GET /developmentserver/metadatauploader HTTP/1.1" 500 6864 "-" "Mozilla/5.0 zgrab/0.x"
199.204.97.58 - - [20/Jun/2025:05:56:11 +0000] "GET http://httpbin.org/get HTTP/1.1" 500 6864 "-" "Go-http-client/1.1"
20.65.193.152 - - [20/Jun/2025:06:02:29 +0000] "GET /manager/html HTTP/1.1" 500 6870 "-" "Mozilla/5.0 zgrab/0.x"
103.126.86.26 - - [20/Jun/2025:06:07:02 +0000] "GET / HTTP/1.1" 500 6864 "-" "Mozilla/5.0 (Windows NT 10.0; WOW64) AppleWebKit/537.36 (KHTML, like Gecko) Chrome/51.0.2704.103 Safari/537.36"
199.204.97.58 - - [20/Jun/2025:06:09:41 +0000] "GET http://httpbin.org/get HTTP/1.1" 500 6864 "-" "Go-http-client/1.1"
204.76.203.219 - - [20/Jun/2025:06:12:13 +0000] "GET / HTTP/1.1" 500 6870 "-" "curl/7.81.0"
199.204.97.58 - - [20/Jun/2025:06:23:11 +0000] "GET http://httpbin.org/get HTTP/1.1" 500 6864 "-" "Go-http-client/1.1"
185.224.128.17 - - [20/Jun/2025:06:24:04 +0000] "CONNECT example.com:80 HTTP/1.1" 400 157 "-" "-"
185.224.128.17 - - [20/Jun/2025:06:24:04 +0000] "\x04\x01\x00P\x00\x00\x00\x01\x00example.com\x00" 400 157 "-" "-"
185.224.128.17 - - [20/Jun/2025:06:24:04 +0000] "\x05\x01\x00" 400 157 "-" "-"
199.204.97.58 - - [20/Jun/2025:06:36:42 +0000] "GET http://httpbin.org/get HTTP/1.1" 500 6864 "-" "Go-http-client/1.1"
146.70.188.158 - - [20/Jun/2025:06:42:35 +0000] "GET /.git/config HTTP/1.1" 500 6864 "-" "Mozilla/5.0 (compatible; Scanner/1.0)"
204.76.203.219 - - [20/Jun/2025:06:46:40 +0000] "GET / HTTP/1.1" 500 6864 "-" "curl/7.81.0"
205.210.31.51 - - [20/Jun/2025:06:49:39 +0000] "\x16\x03\x01\x00\xEE\x01\x00\x00\xEA\x03\x03\xB9\x04\xE3+\x83\xDD\xBA\x87(\x8Cw;w\xCD\xCA!\xC8(\x22\x14\x81F\x5CF]\xF3\xBBsL\xCE:\xF2 4 L\x05\xAB\xC5\xDAd\x19\x9F\xCE\xE5Z.\xE1b\xAD\xF7;/>\xC2\xA5\xCB<f\x03Q\x17\x1BI\xCC\x00&\xC0+\xC0/\xC0,\xC00\xCC\xA9\xCC\xA8\xC0\x09\xC0\x13\xC0" 400 157 "-" "-"
205.210.31.51 - - [20/Jun/2025:06:49:39 +0000] "\x16\x03\x01\x00\xCA\x01\x00\x00\xC6\x03\x03\xFD\xDC\xBEo\xCB\x1E\xCD\xF7\x0E<\xECN\x8Au\x07b\xC8?P\xD3\xEBb\xFDN\x0C\x074\xAE\xF5\xE7\x82\x1D\x00\x00h\xCC\x14\xCC\x13\xC0/\xC0+\xC00\xC0,\xC0\x11\xC0\x07\xC0'\xC0#\xC0\x13\xC0\x09\xC0(\xC0$\xC0\x14\xC0" 400 157 "-" "-"
199.204.97.58 - - [20/Jun/2025:06:50:13 +0000] "GET http://httpbin.org/get HTTP/1.1" 500 6864 "-" "Go-http-client/1.1"
149.50.103.48 - - [20/Jun/2025:06:56:15 +0000] "GET / HTTP/1.1" 500 6864 "-" "Mozilla/5.0 (Windows NT 10.0; Win64; x64) AppleWebKit/537.36 (KHTML, like Gecko) Chrome/90.0.4430.85 Safari/537.36 Edg/90.0.818.46"
199.204.97.58 - - [20/Jun/2025:07:03:41 +0000] "GET http://httpbin.org/get HTTP/1.1" 500 6870 "-" "Go-http-client/1.1"
204.76.203.219 - - [20/Jun/2025:07:04:50 +0000] "GET / HTTP/1.1" 500 6864 "-" "Mozilla/5.0 (Windows NT 10.0; Win64; x64) AppleWebKit/537.36 (KHTML, like Gecko) Chrome/90.0.4430.85 Safari/537.36 Edg/90.0.818.46"
13.221.248.111 - - [20/Jun/2025:07:10:30 +0000] "GET / HTTP/1.1" 500 6864 "-" "Mozilla/5.0 (Windows NT 10.0; Win64; x64) AppleWebKit/537.36 (KHTML, like Gecko) Chrome/136.0.0.0 Safari/537.36"
199.204.97.58 - - [20/Jun/2025:07:17:11 +0000] "GET http://httpbin.org/get HTTP/1.1" 500 6870 "-" "Go-http-client/1.1"
204.76.203.219 - - [20/Jun/2025:07:30:02 +0000] "GET / HTTP/1.1" 500 6870 "-" "curl/7.81.0"
199.204.97.58 - - [20/Jun/2025:07:30:41 +0000] "GET http://httpbin.org/get HTTP/1.1" 500 6870 "-" "Go-http-client/1.1"
199.204.97.58 - - [20/Jun/2025:07:44:12 +0000] "GET http://httpbin.org/get HTTP/1.1" 500 6864 "-" "Go-http-client/1.1"
199.204.97.58 - - [20/Jun/2025:07:57:41 +0000] "GET http://httpbin.org/get HTTP/1.1" 500 6870 "-" "Go-http-client/1.1"
204.76.203.219 - - [20/Jun/2025:08:04:38 +0000] "GET / HTTP/1.1" 500 6870 "-" "curl/7.81.0"
149.50.103.48 - - [20/Jun/2025:08:07:42 +0000] "GET / HTTP/1.1" 500 6870 "-" "Mozilla/5.0 (Windows NT 10.0; Win64; x64) AppleWebKit/537.36 (KHTML, like Gecko) Chrome/90.0.4430.85 Safari/537.36 Edg/90.0.818.46"
199.204.97.58 - - [20/Jun/2025:08:11:12 +0000] "GET http://httpbin.org/get HTTP/1.1" 500 6870 "-" "Go-http-client/1.1"
199.204.97.58 - - [20/Jun/2025:08:24:42 +0000] "GET http://httpbin.org/get HTTP/1.1" 500 6864 "-" "Go-http-client/1.1"
1.71.140.154 - - [20/Jun/2025:08:30:12 +0000] "\x16\x03\x01\x00\xE8\x01\x00\x00\xE4\x03\x03\x0C\x1B=\xD8c\xC4`V`\xDB4\xD9\xBF\x80\xB9\xCD\xD1S\x88\x81\x85\x8CL\xCBj\xAF\xD6\x01\xFB\x9D%\xF2 \x91)\x0F\xE1\x1A\xE1W\xED\x16lx\x02F\xDD\xAC\xE7\xFA\x91S}\xF1" 400 157 "-" "-"
204.76.203.219 - - [20/Jun/2025:08:32:58 +0000] "GET / HTTP/1.1" 500 6864 "-" "curl/7.81.0"
199.204.97.58 - - [20/Jun/2025:08:38:10 +0000] "GET http://httpbin.org/get HTTP/1.1" 500 6870 "-" "Go-http-client/1.1"
165.227.47.218 - - [20/Jun/2025:08:43:09 +0000] "GET /aaa9 HTTP/1.1" 500 6864 "-" "Mozilla/5.0 zgrab/0.x"
165.227.47.218 - - [20/Jun/2025:08:43:23 +0000] "GET /aab8 HTTP/1.1" 500 6864 "-" "Mozilla/5.0 zgrab/0.x"
165.227.47.218 - - [20/Jun/2025:08:43:31 +0000] "GET / HTTP/1.1" 500 6864 "-" "Mozilla/5.0 zgrab/0.x"
141.98.10.162 - - [20/Jun/2025:08:46:31 +0000] "GET / HTTP/1.1" 500 6870 "-" "-"
1.71.140.154 - - [20/Jun/2025:08:47:08 +0000] "GET / HTTP/1.1" 500 6870 "-" "Mozilla/5.0 (Windows NT 10.0; Win64; x64) AppleWebKit/537.36 (KHTML, like Gecko) Chrome/133.0.0.0 Safari/537.36"
199.204.97.58 - - [20/Jun/2025:08:51:42 +0000] "GET http://httpbin.org/get HTTP/1.1" 500 6864 "-" "Go-http-client/1.1"
1.71.140.154 - - [20/Jun/2025:08:53:49 +0000] "GET /favicon.ico HTTP/1.1" 200 1150 "-" "Mozilla/5.0 (Windows NT 10.0; Win64; x64) AppleWebKit/537.36 (KHTML, like Gecko) Chrome/133.0.0.0 Safari/537.36"
65.49.1.181 - - [20/Jun/2025:08:55:39 +0000] "GET / HTTP/1.1" 500 6864 "-" "Mozilla/5.0 (Windows NT 10.0; Win64; x64) AppleWebKit/537.36 (KHTML, like Gecko) Chrome/109.0.0.0 Safari/537.36 Edg/109.0.1518.70"
65.49.1.172 - - [20/Jun/2025:08:59:47 +0000] "GET /webui/ HTTP/1.1" 500 6870 "-" "Mozilla/5.0 (Macintosh; Intel Mac OS X 10_15_2) AppleWebKit/537.36 (KHTML, like Gecko) Chrome/79.0.3945.88 Safari/537.36"
65.49.1.176 - - [20/Jun/2025:09:01:14 +0000] "GET /favicon.ico HTTP/1.1" 200 1150 "-" "Mozilla/5.0 (Windows NT 10.0; rv:108.0) Gecko/20100101 Firefox/108.0"
45.142.193.60 - - [20/Jun/2025:09:02:47 +0000] "\x03\x00\x00/*\xE0\x00\x00\x00\x00\x00Cookie: mstshash=Administr" 400 157 "-" "-"
65.49.1.177 - - [20/Jun/2025:09:03:58 +0000] "GET /geoserver/web/ HTTP/1.1" 500 6870 "-" "Mozilla/5.0 (Windows NT 10.0; Win64; x64) AppleWebKit/537.36 (KHTML, like Gecko) Chrome/109.0.0.0 Safari/537.36 Edg/109.0.1518.70"
185.242.226.12 - - [20/Jun/2025:09:04:48 +0000] "\x16\x03\x01\x00\x8B\x01\x00\x00\x87\x03\x03\xC1,T\x10\x05>C\xDD\x11N\xD3\xBA>1\x87#K\xAB\x95\x89\xD6\x22\x0E\xF6\xBC\xB1\x93\x98\xC4\xC92y\x00\x00\x1A\xC0/\xC0+\xC0\x11\xC0\x07\xC0\x13\xC0\x09\xC0\x14\xC0" 400 157 "-" "-"
199.204.97.58 - - [20/Jun/2025:09:05:12 +0000] "GET http://httpbin.org/get HTTP/1.1" 500 6870 "-" "Go-http-client/1.1"
204.76.203.219 - - [20/Jun/2025:09:10:03 +0000] "GET / HTTP/1.1" 500 6864 "-" "curl/7.81.0"
162.62.231.139 - - [20/Jun/2025:09:12:55 +0000] "GET / HTTP/1.1" 500 6864 "-" "Mozilla/5.0 (iPhone; CPU iPhone OS 13_2_3 like Mac OS X) AppleWebKit/605.1.15 (KHTML, like Gecko) Version/13.0.3 Mobile/15E148 Safari/604.1"
149.50.103.48 - - [20/Jun/2025:09:16:18 +0000] "GET / HTTP/1.1" 500 6864 "-" "Mozilla/5.0 (Windows NT 10.0; Win64; x64) AppleWebKit/537.36 (KHTML, like Gecko) Chrome/90.0.4430.85 Safari/537.36 Edg/90.0.818.46"
199.204.97.58 - - [20/Jun/2025:09:18:42 +0000] "GET http://httpbin.org/get HTTP/1.1" 500 6864 "-" "Go-http-client/1.1"
199.204.97.58 - - [20/Jun/2025:09:32:11 +0000] "GET http://httpbin.org/get HTTP/1.1" 500 6870 "-" "Go-http-client/1.1"
87.229.169.2 - - [20/Jun/2025:09:35:02 +0000] "GET / HTTP/1.1" 500 6864 "-" "Hello-World/1.0"
87.229.169.2 - - [20/Jun/2025:09:35:02 +0000] "\x00\x00\x00\x00\x00\x00\x00\x00\x00\x00\x00\x00\x00\x00\x00\x00\x00\x00\x00\x00\x00\x00\x00\x00\x00\x00\x00\x00\x00\x00\x00\x00\x00\x00\x00\x00\x00\x00\x00\x00\x00\x00\x00\x00\x00\x00\x00\x00\x00\x00\x00\x00\x00\x00\x00\x00\x00\x00\x00\x00\x00\x00\x00\x00\x00\x00\x00\x00\x00\x00\x00\x00\x00\x00\x00\x00\x00\x00\x00\x00\x00\x00\x00\x00\x00\x00\x00\x00\x00\x00\x00\x00\x00\x00\x00\x00\x00\x00\x00\x00\x00\x00\x00\x00\x00\x00\x00\x00\x00\x00\x00\x00\x00\x00\x00\x00\x00\x00\x00\x00\x00\x00\x00\x00\x00\x00\x00\x00\x00\x00\x00\x00\x00\x00\x00\x00\x00\x00\x00\x00\x00\x00\x00\x00\x00\x00\x00\x00\x00\x00\x00\x00\x00\x00\x00\x00\x00\x00\x00\x00\x00\x00\x00\x00" 400 157 "-" "-"
199.204.97.58 - - [20/Jun/2025:09:45:42 +0000] "GET http://httpbin.org/get HTTP/1.1" 500 6870 "-" "Go-http-client/1.1"
204.76.203.219 - - [20/Jun/2025:09:49:57 +0000] "GET / HTTP/1.1" 500 6870 "-" "curl/7.81.0"
199.204.97.58 - - [20/Jun/2025:09:59:12 +0000] "GET http://httpbin.org/get HTTP/1.1" 500 6864 "-" "Go-http-client/1.1"
162.216.149.119 - - [20/Jun/2025:10:09:22 +0000] "GET / HTTP/1.1" 500 6864 "-" "Expanse, a Palo Alto Networks company, searches across the global IPv4 space multiple times per day to identify customers&#39; presences on the Internet. If you would like to be excluded from our scans, please send IP addresses/domains to: scaninfo@paloaltonetworks.com"
199.204.97.58 - - [20/Jun/2025:10:12:41 +0000] "GET http://httpbin.org/get HTTP/1.1" 500 6864 "-" "Go-http-client/1.1"
43.153.85.46 - - [20/Jun/2025:10:13:18 +0000] "GET / HTTP/1.1" 500 6870 "-" "Mozilla/5.0 (iPhone; CPU iPhone OS 13_2_3 like Mac OS X) AppleWebKit/605.1.15 (KHTML, like Gecko) Version/13.0.3 Mobile/15E148 Safari/604.1"
204.76.203.219 - - [20/Jun/2025:10:20:02 +0000] "GET / HTTP/1.1" 500 6864 "-" "curl/7.81.0"
149.50.103.48 - - [20/Jun/2025:10:23:39 +0000] "GET / HTTP/1.1" 500 6864 "-" "Mozilla/5.0 (Windows NT 10.0; Win64; x64) AppleWebKit/537.36 (KHTML, like Gecko) Chrome/90.0.4430.85 Safari/537.36 Edg/90.0.818.46"
199.204.97.58 - - [20/Jun/2025:10:26:11 +0000] "GET http://httpbin.org/get HTTP/1.1" 500 6864 "-" "Go-http-client/1.1"
199.204.97.58 - - [20/Jun/2025:10:39:42 +0000] "GET http://httpbin.org/get HTTP/1.1" 500 6870 "-" "Go-http-client/1.1"
47.236.251.7 - - [20/Jun/2025:10:52:03 +0000] "\x04\x01\x00Pg)\xA7\xEA\x00" 400 157 "-" "-"
47.236.251.7 - - [20/Jun/2025:10:52:15 +0000] "\x05\x01\x00" 400 157 "-" "-"
47.236.251.7 - - [20/Jun/2025:10:52:19 +0000] "GET http://passport.baidu.com/ HTTP/1.1" 500 6864 "-" "-"
89.42.231.140 - - [20/Jun/2025:10:52:21 +0000] "GET / HTTP/1.1" 500 6864 "-" "Mozilla/5.0 (Windows NT 10.0; Win64; x64) AppleWebKit/537.36 (KHTML, like Gecko) Chrome/90.0.4430.85 Safari/537.36 Edg/90.0.818.46"
199.204.97.58 - - [20/Jun/2025:10:53:12 +0000] "GET http://httpbin.org/get HTTP/1.1" 500 6870 "-" "Go-http-client/1.1"
204.76.203.219 - - [20/Jun/2025:10:56:28 +0000] "GET / HTTP/1.1" 500 6870 "-" "curl/7.81.0"
199.204.97.58 - - [20/Jun/2025:11:06:42 +0000] "GET http://httpbin.org/get HTTP/1.1" 500 6864 "-" "Go-http-client/1.1"
64.62.197.210 - - [20/Jun/2025:11:09:11 +0000] "\x16\x03\x01\x00{\x01\x00\x00w\x03\x03\x07\x90\x87B\xF7\xE5!\xD4=\xE4^KF\xE2\xE2b\xB1\x08N\x08^\xA7\xCA\xBF\xBA\xBBIA\xB0\x1A\xA9\xFE\x00\x00\x1A\xC0/\xC0+\xC0\x11\xC0\x07\xC0\x13\xC0\x09\xC0\x14\xC0" 400 157 "-" "-"
185.194.204.246 - - [20/Jun/2025:11:17:32 +0000] "GET /admin/config.php HTTP/1.0" 404 16 "-" "xfa1"
199.204.97.58 - - [20/Jun/2025:11:20:11 +0000] "GET http://httpbin.org/get HTTP/1.1" 500 6864 "-" "Go-http-client/1.1"
204.76.203.219 - - [20/Jun/2025:11:29:24 +0000] "GET / HTTP/1.1" 500 6864 "-" "curl/7.81.0"
204.76.203.219 - - [20/Jun/2025:11:31:29 +0000] "GET / HTTP/1.1" 500 6870 "-" "Mozilla/5.0 (Windows NT 10.0; Win64; x64) AppleWebKit/537.36 (KHTML, like Gecko) Chrome/90.0.4430.85 Safari/537.36 Edg/90.0.818.46"
149.50.103.48 - - [20/Jun/2025:11:33:01 +0000] "GET / HTTP/1.1" 500 6864 "-" "Mozilla/5.0 (Windows NT 10.0; Win64; x64) AppleWebKit/537.36 (KHTML, like Gecko) Chrome/90.0.4430.85 Safari/537.36 Edg/90.0.818.46"
199.204.97.58 - - [20/Jun/2025:11:33:44 +0000] "GET http://httpbin.org/get HTTP/1.1" 500 6864 "-" "Go-http-client/1.1"
199.204.97.58 - - [20/Jun/2025:11:47:11 +0000] "GET http://httpbin.org/get HTTP/1.1" 500 6870 "-" "Go-http-client/1.1"
141.255.162.250 - - [20/Jun/2025:11:52:18 +0000] "GET / HTTP/1.1" 500 6864 "-" "Mozilla/5.0 (Windows NT 10.0; Win64; x64) AppleWebKit/537.36 (KHTML, like Gecko) Chrome/90.0.4430.85 Safari/537.36 Edg/90.0.818.46"
199.204.97.58 - - [20/Jun/2025:12:00:41 +0000] "GET http://httpbin.org/get HTTP/1.1" 500 6870 "-" "Go-http-client/1.1"
204.76.203.219 - - [20/Jun/2025:12:08:56 +0000] "GET / HTTP/1.1" 500 6864 "-" "curl/7.81.0"
199.204.97.58 - - [20/Jun/2025:12:14:11 +0000] "GET http://httpbin.org/get HTTP/1.1" 500 6864 "-" "Go-http-client/1.1"
183.36.35.201 - - [20/Jun/2025:12:20:02 +0000] "GET / HTTP/1.1" 500 6864 "-" "Mozilla/5.0 (Windows NT 6.1; WOW64) AppleWebKit/537.36 (KHTML, like Gecko) Chrome/43.0.2357.134 Safari/537.36"
183.36.35.201 - - [20/Jun/2025:12:20:02 +0000] "GET /favicon.ico HTTP/1.1" 200 1150 "-" "Mozilla/5.0 (Macintosh; Intel Mac OS X 10.15; rv:52.0) Gecko/20100101 Firefox/52.0"
199.204.97.58 - - [20/Jun/2025:12:27:41 +0000] "GET http://httpbin.org/get HTTP/1.1" 500 6870 "-" "Go-http-client/1.1"
196.251.73.69 - - [20/Jun/2025:12:38:26 +0000] "\x04\x01\x01\xBB\xD4/\xFA\x0E\x00" 400 157 "-" "-"
196.251.73.69 - - [20/Jun/2025:12:38:26 +0000] "\x04\x01\x01\xBB\xD4/\xFA\x0E\x00" 400 157 "-" "-"
79.124.49.202 - - [20/Jun/2025:12:39:25 +0000] "\x03\x00\x00/*\xE0\x00\x00\x00\x00\x00Cookie: mstshash=Administr" 400 157 "-" "-"
199.204.97.58 - - [20/Jun/2025:12:41:11 +0000] "GET http://httpbin.org/get HTTP/1.1" 500 6864 "-" "Go-http-client/1.1"
164.52.24.179 - - [20/Jun/2025:12:42:58 +0000] "GET / HTTP/1.1" 500 6864 "-" "Mozilla/5.0 (Windows NT 10.0; Win64; x64) AppleWebKit/537.36 (KHTML, like Gecko) Chrome/114.0.0.0 Safari/537.36"
164.52.24.179 - - [20/Jun/2025:12:43:01 +0000] "\x16\x03\x01\x02\x00\x01\x00\x01\xFC\x03\x03\x83MG\x92N\xBA}-'\xA7\x8F\xF1\x22\x8E\xE6\xAEk\xF8]\xE6D\x13t \x0F,\x13\xC8?s\xFA\xB1  4\x14\x92\xB8\x9D\xA29\xD2l\xAB7#R\xA9\xEFh}F\xF1\x0F\xBA=\xA7\x0F\x22[W\xDBY\xAA\x98\x00>\x13\x02\x13\x03\x13\x01\xC0,\xC00\x00\x9F\xCC\xA9\xCC\xA8\xCC\xAA\xC0+\xC0/\x00\x9E\xC0$\xC0(\x00k\xC0#\xC0'\x00g\xC0" 400 157 "-" "-"
164.52.24.179 - - [20/Jun/2025:12:43:02 +0000] "GET / HTTP/1.1" 500 6870 "-" "Mozilla/5.0 (Windows NT 10.0; Win64; x64) AppleWebKit/537.36 (KHTML, like Gecko) Chrome/114.0.0.0 Safari/537.36"
164.52.24.179 - - [20/Jun/2025:12:43:06 +0000] "GET / HTTP/1.1" 500 6864 "-" "-"
164.52.24.179 - - [20/Jun/2025:12:43:12 +0000] "GET /favicon.ico HTTP/1.1" 200 1150 "-" "Mozilla/5.0 (Windows NT 10.0; Win64; x64) AppleWebKit/537.36 (KHTML, like Gecko) Chrome/114.0.0.0 Safari/537.36"
204.76.203.219 - - [20/Jun/2025:12:45:08 +0000] "GET / HTTP/1.1" 500 6870 "-" "curl/7.81.0"
185.168.174.246 - - [20/Jun/2025:12:50:09 +0000] "GET / HTTP/1.1" 500 6864 "-" "Mozilla/5.0 (Windows NT 6.1; WOW64) AppleWebKit/537.36 (KHTML, like Gecko) Chrome/51.0.2704.103 Safari/537.36"
199.204.97.58 - - [20/Jun/2025:12:54:42 +0000] "GET http://httpbin.org/get HTTP/1.1" 500 6864 "-" "Go-http-client/1.1"
196.251.72.29 - - [20/Jun/2025:13:06:36 +0000] "GET /.env HTTP/1.1" 500 6864 "-" "Mozilla/5.0 (Linux; Android 9; Pixel 2) AppleWebKit/537.36 (KHTML, like Gecko) Chrome/76.0.3809.89 Mobile Safari/537.36"
199.204.97.58 - - [20/Jun/2025:13:08:13 +0000] "GET http://httpbin.org/get HTTP/1.1" 500 6870 "-" "Go-http-client/1.1"
204.76.203.219 - - [20/Jun/2025:13:19:55 +0000] "GET / HTTP/1.1" 500 6864 "-" "curl/7.81.0"
199.204.97.58 - - [20/Jun/2025:13:21:42 +0000] "GET http://httpbin.org/get HTTP/1.1" 500 6870 "-" "Go-http-client/1.1"
196.251.70.87 - - [20/Jun/2025:13:23:05 +0000] "GET /.env HTTP/1.1" 500 6870 "-" "Mozilla/5.0 (X11; Linux i686; rv:20.0) Gecko/20100101 Firefox/20.0"
141.255.162.250 - - [20/Jun/2025:13:27:22 +0000] "GET / HTTP/1.1" 500 6870 "-" "Mozilla/5.0 (Windows NT 10.0; Win64; x64) AppleWebKit/537.36 (KHTML, like Gecko) Chrome/90.0.4430.85 Safari/537.36 Edg/90.0.818.46"
190.60.4.138 - - [20/Jun/2025:13:29:55 +0000] "\x16\x03\x01\x01\xA8\x01\x00\x01\xA4\x03\x03|\xE0Jh\x87\x11uY\xC3\xF9h\x22\xA8\x07\xEF\x0F\xF2\xF1\xB1\x8F99Z\xCA\xEE\xADX<X\xD8\x86{ \xDC\xDE\x9E\xB5\xB7\x0FNf\xF3\xA0c\xA7^\xADT\x17\xF8J(\xA8" 400 157 "-" "-"
199.204.97.58 - - [20/Jun/2025:13:35:11 +0000] "GET http://httpbin.org/get HTTP/1.1" 500 6864 "-" "Go-http-client/1.1"
199.204.97.58 - - [20/Jun/2025:13:48:42 +0000] "GET http://httpbin.org/get HTTP/1.1" 500 6870 "-" "Go-http-client/1.1"
204.76.203.219 - - [20/Jun/2025:13:50:03 +0000] "GET / HTTP/1.1" 500 6870 "-" "curl/7.81.0"
209.38.243.209 - - [20/Jun/2025:13:52:59 +0000] "GET /.env HTTP/1.1" 500 6864 "-" "Mozilla/5.0; Keydrop.io/1.0(onlyscans.com/about);"
209.38.243.209 - - [20/Jun/2025:13:52:59 +0000] "GET /.git/config HTTP/1.1" 500 6870 "-" "Mozilla/5.0; Keydrop.io/1.0(onlyscans.com/about);"
199.204.97.58 - - [20/Jun/2025:14:02:11 +0000] "GET http://httpbin.org/get HTTP/1.1" 500 6870 "-" "Go-http-client/1.1"
199.204.97.58 - - [20/Jun/2025:14:15:42 +0000] "GET http://httpbin.org/get HTTP/1.1" 500 6870 "-" "Go-http-client/1.1"
89.42.231.140 - - [20/Jun/2025:14:20:51 +0000] "GET / HTTP/1.1" 500 6870 "-" "Mozilla/5.0 (Windows NT 10.0; Win64; x64) AppleWebKit/537.36 (KHTML, like Gecko) Chrome/90.0.4430.85 Safari/537.36 Edg/90.0.818.46"
204.76.203.219 - - [20/Jun/2025:14:28:20 +0000] "GET / HTTP/1.1" 500 6864 "-" "curl/7.81.0"
45.140.17.107 - - [20/Jun/2025:14:29:09 +0000] "\x03\x00\x00/*\xE0\x00\x00\x00\x00\x00Cookie: mstshash=Administr" 400 157 "-" "-"
199.204.97.58 - - [20/Jun/2025:14:29:13 +0000] "GET http://httpbin.org/get HTTP/1.1" 500 6864 "-" "Go-http-client/1.1"
206.168.34.212 - - [20/Jun/2025:14:34:59 +0000] "GET / HTTP/1.1" 500 6864 "-" "Mozilla/5.0 (compatible; CensysInspect/1.1; +https://about.censys.io/)"
206.168.34.212 - - [20/Jun/2025:14:35:03 +0000] "PRI * HTTP/2.0" 400 157 "-" "-"
206.168.34.212 - - [20/Jun/2025:14:35:29 +0000] "GET /favicon.ico HTTP/1.1" 200 1150 "-" "Mozilla/5.0 (compatible; CensysInspect/1.1; +https://about.censys.io/)"
206.168.34.212 - - [20/Jun/2025:14:35:35 +0000] "\x16\x03\x01\x00\xF7\x01\x00\x00\xF3\x03\x03\xB9\xA6\xB9;\x1DE_\xB6Vm\xB5?\xD8,\xA83\xA7!\x01O\xA1\xF5\xE5\x03+\xB6\xAF\xE8\xD6J\x92\xC6 \x15\xD3" 400 157 "-" "-"
206.168.34.212 - - [20/Jun/2025:14:35:53 +0000] "GET /sitemap.xml HTTP/1.1" 500 6864 "-" "Mozilla/5.0 (compatible; CensysInspect/1.1; +https://about.censys.io/)"
206.168.34.212 - - [20/Jun/2025:14:35:54 +0000] "\x16\x03\x01\x00\xEE\x01\x00\x00\xEA\x03\x03\xA0U\xA6\xED\x8C\xFBS\xCDI\xED\xDD6/d\xD8p-\x98t\xDB\xF2={\x02?\xBD\x1E\xC5D\xEA1m b\xD1gK\x08f\xD8\xD7o4RXc\xFF\xC56p0#\xE2_\x8F\xB2\xEE*\xE8\xEFY|N\xF8\xF3\x00&\xCC\xA8\xCC\xA9\xC0/\xC00\xC0+\xC0,\xC0\x13\xC0\x09\xC0\x14\xC0" 400 157 "-" "-"
141.255.162.250 - - [20/Jun/2025:14:40:45 +0000] "GET / HTTP/1.1" 500 6870 "-" "Mozilla/5.0 (Windows NT 10.0; Win64; x64) AppleWebKit/537.36 (KHTML, like Gecko) Chrome/90.0.4430.85 Safari/537.36 Edg/90.0.818.46"
199.204.97.58 - - [20/Jun/2025:14:42:43 +0000] "GET http://httpbin.org/get HTTP/1.1" 500 6864 "-" "Go-http-client/1.1"
199.204.97.58 - - [20/Jun/2025:14:56:11 +0000] "GET http://httpbin.org/get HTTP/1.1" 500 6864 "-" "Go-http-client/1.1"
204.76.203.219 - - [20/Jun/2025:15:03:22 +0000] "GET / HTTP/1.1" 500 6870 "-" "curl/7.81.0"
199.204.97.58 - - [20/Jun/2025:15:09:42 +0000] "GET http://httpbin.org/get HTTP/1.1" 500 6870 "-" "Go-http-client/1.1"
222.247.165.75 - - [20/Jun/2025:15:15:47 +0000] "GET /HuangPlus-com-%E9%BB%84%E5%8A%A0%E5%B0%B1%E4%B8%9A%E8%81%94%E7%9B%9F-%E9%BB%84%E5%8A%A0%E6%9C%8D%E5%8A%A1%E4%BB%A3%E7%90%86%E5%8A%A0%E7%9B%9F-%E9%BB%84%E5%8A%A0%E6%9C%8D%E5%8A%A1%E5%91%BC%E5%8F%AB%E4%B8%AD%E5%BF%83-%E9%BB%84%E5%8A%A0%E6%9C%8D%E5%8A%A1%E7%83%AD%E7%BA%BF-%E9%BB%84%E5%8A%A0%E6%9C%8D%E5%8A%A1%E9%9D%A2%E5%90%91%E5%85%A8%E5%9B%BD%E5%85%A8%E7%BD%91%E5%85%8D%E8%B4%B9%E5%8A%A0%E7%9B%9F%E4%BB%A3%E7%90%86-%E9%BB%84%E5%8A%A0%E7%A4%BE%E5%8C%BA%E5%B0%B1%E4%B8%9A%E8%81%94%E7%9B%9F-%E8%87%AA%E4%B8%BB%E8%87%AA%E5%8A%A9%E5%B0%B1%E4%B8%9A%E5%9C%86%E6%A2%A6-%E9%A1%BE%E5%AE%A2%E5%B0%B1%E6%98%AF%E4%B8%8A%E5%B8%9D-%E5%AE%A2%E6%88%B7%E5%B0%B1%E6%98%AF%E9%BB%84%E8%92%82-%E6%89%BF%E6%8E%A5%E5%AE%A2%E6%88%B7%E5%9C%A3%E6%97%A8-%E6%88%90%E5%91%98%E5%A5%89%E6%97%A8%E5%B0%B1%E4%B8%9A-%E9%BB%84%E5%8A%A0%E4%B8%80%E4%BD%93%E5%8C%96%E5%9C%86%E6%A2%A6%E7%A4%BE%E5%8C%BA-%E9%BB%84%E5%8A%A0%E7%94%B5%E5%95%86-%E9%BB%84%E5%8A%A0%E6%9C%8D%E5%8A%A1-%E9%BB%84%E5%8A%A0%E7%A7%91%E6%8A%80%E7%90%86%E6%83%B3%E6%96%87%E5%8C%96%E4%BC%A0%E6%92%AD-%E5%B0%B1%E4%B8%9A%E5%9C%86%E6%A2%A6-1-%E8%87%AA%E4%B8%BB%E5%B0%B1%E4%B8%9A-%E8%87%AA%E5%8A%A9%E5%B0%B1%E4%B8%9A-%E8%87%AA%E4%B8%BB%E5%88%9B%E4%B8%9A-%E8%87%AA%E5%8A%A9%E5%88%9B%E4%B8%9A-%E4%BC%97%E5%8C%85%E4%BC%97%E5%88%9B-%E5%85%B1%E4%BA%AB%E5%85%B1%E5%88%9B-2-%E7%90%86%E6%83%B3%E8%A7%A3%E5%86%B3%E6%96%B9%E6%A1%88-%E9%BB%84%E5%8A%A0%E5%A4%96%E5%8D%96AI%E5%8F%8C%E6%A8%A1%E5%BC%8F%E5%85%A8%E8%A1%8C%E4%B8%9A%E8%A1%8D%E7%94%9F%E5%85%A8%E8%A1%8C%E4%B8%9A%E9%87%8D%E6%9E%84-3-%E6%A2%A6%E6%83%B3%E6%80%BB%E5%8A%A8%E5%91%98-%E7%A7%91%E6%8A%80%E6%80%BB%E5%8A%A8%E5%91%98-%E7%82%8E%E9%BB%84%E5%AD%90%E5%AD%99%E6%96%87%E5%8C%96%E4%BC%A0%E6%92%AD-4-%E7%82%8E%E9%BB%84%E5%AD%90%E5%AD%99-%E7%BE%A4%E4%BC%97%E8%B7%AF%E7%BA%BF-%E7%90%86%E6%83%B3%E9%A9%B1%E5%8A%A8-%E7%90%86%E6%83%B3%E8%81%9A%E5%90%88-%E5%85%B1%E4%BA%AB%E8%83%BD%E5%8A%9B-%E5%BC%80%E6%94%BE%E8%87%AA%E6%88%91-%E6%99%BA%E8%83%BD%E5%8C%B9%E9%85%8D-%E5%B8%AE%E5%B7%A5%E5%85%B1%E5%88%9B-%E7%90%86%E6%83%B3%E6%88%90%E7%9C%9F-5-%E4%BA%91%E5%85%AC%E5%8F%B8-%E4%BA%91%E9%A1%B9%E7%9B%AE-%E4%BA%91%E7%A4%BE%E5%8C%BA-%E9%BB%84%E5%8A%A0%E9%BB%84%E9%A1%B5-6-%E9%BB%84%E5%8A%A0%E5%8B%87%E5%A3%AB-%E9%BB%84%E5%AE%A2-%E7%82%8E%E9%BB%84%E5%AD%90%E5%AD%99-%E6%9E%81%E5%AE%A2%E5%88%9B%E5%AE%A2-%E5%BE%AE%E5%AE%A2%E5%BE%AE%E6%9C%8D%E5%8A%A1-%E5%85%A8%E5%9B%BD%E5%AE%A2%E6%88%B7%E4%BB%A3%E8%A1%A8-%E9%A1%BE%E5%AE%A2%E5%B0%B1%E6%98%AF%E4%B8%8A%E5%B8%9D-%E5%AE%A2%E6%88%B7%E5%B0%B1%E6%98%AF%E9%BB%84%E8%92%82-%E4%BA%BA%E4%BA%BA%E9%BB%84%E5%AD%90%E5%A5%B3%E9%BB%84-%E5%85%A8%E5%9B%BD%E9%BB%84%E4%BA%B2%E5%9B%BD%E6%88%9A-8-%E7%90%86%E5%B7%A5%E7%A7%91%E8%84%91-%E7%90%86%E6%83%B3%E4%BA%BA%E5%BF%83-%E5%B9%B2%E6%B4%BB%E4%BA%BA%E6%89%8B-%E5%B8%AE%E5%B7%A5%E8%B7%91%E8%85%BF-%E9%BB%84%E8%84%89%E9%BB%84%E4%BA%AB-%E6%96%87%E6%98%8E%E5%AD%B5%E5%8C%96-9-%E6%88%91%E7%9A%84%E6%A2%A6%E6%83%B3-%E4%BD%A0%E7%9A%84%E6%A2%A6%E6%83%B3-%E4%BB%96%E5%A5%B9%E7%9A%84%E6%A2%A6%E6%83%B3-%E6%AF%8F%E4%B8%80%E4%B8%AA%E7%82%8E%E9%BB%84%E5%AD%90%E5%AD%99%E7%9A%84%E6%A2%A6%E6%83%B3-%E4%B8%AD%E5%9B%BD%E6%A2%A6-%E9%A3%9E%E9%BB%84%E6%A2%A6-10-%E5%90%AC%E5%85%9A%E8%AF%9D-%E8%B7%9F%E5%85%9A%E8%B5%B0-%E8%87%AA%E8%A7%89%E5%AE%9E%E8%B7%B5%E5%85%9A%E7%9A%84%E6%AD%A3%E7%A1%AE%E4%B8%BB%E5%BC%A0-%E6%96%B0%E6%96%87%E6%98%8E%E5%AE%9E%E8%B7%B5%E4%B8%AD%E5%BF%83 HTTP/1.1" 500 6864 "-" "Mozilla/5.0 (Windows NT 10.0; Win64; x64) AppleWebKit/537.36 (KHTML, like Gecko) Chrome/58.0.3029.110 HuangPlus/1.0"
199.204.97.58 - - [20/Jun/2025:15:23:12 +0000] "GET http://httpbin.org/get HTTP/1.1" 500 6870 "-" "Go-http-client/1.1"
199.204.97.58 - - [20/Jun/2025:15:36:42 +0000] "GET http://httpbin.org/get HTTP/1.1" 500 6870 "-" "Go-http-client/1.1"
204.76.203.219 - - [20/Jun/2025:15:39:04 +0000] "GET / HTTP/1.1" 500 6870 "-" "curl/7.81.0"
199.204.97.58 - - [20/Jun/2025:15:50:10 +0000] "GET http://httpbin.org/get HTTP/1.1" 500 6864 "-" "Go-http-client/1.1"
141.255.162.250 - - [20/Jun/2025:15:58:58 +0000] "GET / HTTP/1.1" 500 6870 "-" "Mozilla/5.0 (Windows NT 10.0; Win64; x64) AppleWebKit/537.36 (KHTML, like Gecko) Chrome/90.0.4430.85 Safari/537.36 Edg/90.0.818.46"
199.204.97.58 - - [20/Jun/2025:16:03:41 +0000] "GET http://httpbin.org/get HTTP/1.1" 500 6864 "-" "Go-http-client/1.1"
204.76.203.219 - - [20/Jun/2025:16:16:34 +0000] "GET / HTTP/1.1" 500 6864 "-" "curl/7.81.0"
199.204.97.58 - - [20/Jun/2025:16:17:11 +0000] "GET http://httpbin.org/get HTTP/1.1" 500 6870 "-" "Go-http-client/1.1"
149.50.103.48 - - [20/Jun/2025:16:23:52 +0000] "GET / HTTP/1.1" 500 6864 "-" "Mozilla/5.0 (Windows NT 10.0; Win64; x64) AppleWebKit/537.36 (KHTML, like Gecko) Chrome/90.0.4430.85 Safari/537.36 Edg/90.0.818.46"
43.135.145.73 - - [20/Jun/2025:16:24:48 +0000] "GET / HTTP/1.1" 500 6870 "-" "Mozilla/5.0 (iPhone; CPU iPhone OS 13_2_3 like Mac OS X) AppleWebKit/605.1.15 (KHTML, like Gecko) Version/13.0.3 Mobile/15E148 Safari/604.1"
199.204.97.58 - - [20/Jun/2025:16:30:45 +0000] "GET http://httpbin.org/get HTTP/1.1" 500 6870 "-" "Go-http-client/1.1"
68.183.209.228 - - [20/Jun/2025:16:37:43 +0000] "GET /password.php HTTP/1.1" 404 27 "-" "Mozilla/5.0 (Windows NT 10.0; Win64; x64) AppleWebKit/537.36 (KHTML, like Gecko) Chrome/108.0.0.0 Safari/537.36"
68.183.209.228 - - [20/Jun/2025:16:37:44 +0000] "\x16\x03\x01\x00u\x01\x00\x00q\x03\x03\xC8Z\xC5\xE9\xE4\xF41\x9FSYc\xE3\xF30\xB0;m\xE9~\xD1\x8B\x0E6\x1B\xFD\xF3U\x98\xE9\xBD\x92\xA4\x00\x00\x1A\xC0/\xC0+\xC0\x11\xC0\x07\xC0\x13\xC0\x09\xC0\x14\xC0" 400 157 "-" "-"
68.183.209.228 - - [20/Jun/2025:16:37:44 +0000] "\x16\x03\x01\x00u\x01\x00\x00q\x03\x03\x84\x09G\x9C\x8A\xBC\x844\x07\x96\x04d\xDB\x90\x03\xFBD/\xD3y\xE5\x19\xCB\x05\xE47\xEA\x91\x90L\xF7\x13\x00\x00\x1A\xC0/\xC0+\xC0\x11\xC0\x07\xC0\x13\xC0\x09\xC0\x14\xC0" 400 157 "-" "-"
68.183.209.228 - - [20/Jun/2025:16:37:44 +0000] "GET /form.html HTTP/1.1" 500 6870 "-" "curl/8.1.2"
68.183.209.228 - - [20/Jun/2025:16:37:45 +0000] "GET /systembc/password.php HTTP/1.1" 404 27 "-" "Mozilla/5.0 (Windows NT 10.0; Win64; x64) AppleWebKit/537.36 (KHTML, like Gecko) Chrome/108.0.0.0 Safari/537.36"
68.183.209.228 - - [20/Jun/2025:16:37:45 +0000] "GET /geoip/ HTTP/1.1" 500 6864 "-" "Mozilla/5.0 (Windows NT 10.0; Win64; x64) AppleWebKit/537.36 (KHTML, like Gecko) Chrome/108.0.0.0 Safari/537.36"
68.183.209.228 - - [20/Jun/2025:16:37:46 +0000] "GET /favicon.ico HTTP/1.1" 200 1150 "-" "Mozilla/5.0 (Windows NT 10.0; Win64; x64) AppleWebKit/537.36 (KHTML, like Gecko) Chrome/108.0.0.0 Safari/537.36"
68.183.209.228 - - [20/Jun/2025:16:37:46 +0000] "GET /1.php HTTP/1.1" 404 27 "-" "Mozilla/5.0 (Windows NT 10.0; Win64; x64) AppleWebKit/537.36 (KHTML, like Gecko) Chrome/108.0.0.0 Safari/537.36"
68.183.209.228 - - [20/Jun/2025:16:37:47 +0000] "\x16\x03\x01\x00u\x01\x00\x00q\x03\x03\xE2U\x1F\xBD.\xC0_\xF0\xBB\x08\x82\xD6`c\xD1\xAB7hM]\xF4/\xD9\x99\xE7$\xF9\xFE\x1C\x00\x07\x8F\x00\x00\x1A\xC0/\xC0+\xC0\x11\xC0\x07\xC0\x13\xC0\x09\xC0\x14\xC0" 400 157 "-" "-"
68.183.209.228 - - [20/Jun/2025:16:37:47 +0000] "GET /upl.php HTTP/1.1" 404 27 "-" "Mozilla/5.0"
68.183.209.228 - - [20/Jun/2025:16:37:48 +0000] "GET /t4 HTTP/1.1" 500 6864 "-" "Mozilla/5.0"
9.234.8.54 - - [20/Jun/2025:16:38:26 +0000] "GET /portal/redlion HTTP/1.1" 500 6864 "-" "Mozilla/5.0 zgrab/0.x"
199.204.97.58 - - [20/Jun/2025:16:44:12 +0000] "GET http://httpbin.org/get HTTP/1.1" 500 6864 "-" "Go-http-client/1.1"
204.76.203.219 - - [20/Jun/2025:16:47:49 +0000] "GET / HTTP/1.1" 500 6870 "-" "curl/7.81.0"
204.76.203.219 - - [20/Jun/2025:16:53:58 +0000] "GET / HTTP/1.1" 500 6864 "-" "Mozilla/5.0 (Windows NT 10.0; Win64; x64) AppleWebKit/537.36 (KHTML, like Gecko) Chrome/90.0.4430.85 Safari/537.36 Edg/90.0.818.46"
199.204.97.58 - - [20/Jun/2025:16:57:41 +0000] "GET http://httpbin.org/get HTTP/1.1" 500 6870 "-" "Go-http-client/1.1"
199.204.97.58 - - [20/Jun/2025:17:11:12 +0000] "GET http://httpbin.org/get HTTP/1.1" 500 6864 "-" "Go-http-client/1.1"
89.42.231.140 - - [20/Jun/2025:17:18:22 +0000] "GET / HTTP/1.1" 500 6864 "-" "Mozilla/5.0 (Windows NT 10.0; Win64; x64) AppleWebKit/537.36 (KHTML, like Gecko) Chrome/90.0.4430.85 Safari/537.36 Edg/90.0.818.46"
199.204.97.58 - - [20/Jun/2025:17:24:41 +0000] "GET http://httpbin.org/get HTTP/1.1" 500 6870 "-" "Go-http-client/1.1"
149.50.103.48 - - [20/Jun/2025:17:25:56 +0000] "GET / HTTP/1.1" 500 6870 "-" "Mozilla/5.0 (Windows NT 10.0; Win64; x64) AppleWebKit/537.36 (KHTML, like Gecko) Chrome/90.0.4430.85 Safari/537.36 Edg/90.0.818.46"
204.76.203.219 - - [20/Jun/2025:17:27:38 +0000] "GET / HTTP/1.1" 500 6864 "-" "curl/7.81.0"
199.204.97.58 - - [20/Jun/2025:17:38:12 +0000] "GET http://httpbin.org/get HTTP/1.1" 500 6864 "-" "Go-http-client/1.1"
199.204.97.58 - - [20/Jun/2025:17:51:42 +0000] "GET http://httpbin.org/get HTTP/1.1" 500 6870 "-" "Go-http-client/1.1"
204.76.203.219 - - [20/Jun/2025:18:04:40 +0000] "GET / HTTP/1.1" 500 6864 "-" "curl/7.81.0"
199.204.97.58 - - [20/Jun/2025:18:05:11 +0000] "GET http://httpbin.org/get HTTP/1.1" 500 6864 "-" "Go-http-client/1.1"
199.204.97.58 - - [20/Jun/2025:18:18:41 +0000] "GET http://httpbin.org/get HTTP/1.1" 500 6870 "-" "Go-http-client/1.1"
85.192.62.192 - - [20/Jun/2025:18:26:28 +0000] "GET / HTTP/1.1" 500 6870 "-" "Mozilla/5.0 (Windows NT 10.0; WOW64) AppleWebKit/537.36 (KHTML, like Gecko) Chrome/51.0.2704.103 Safari/537.36"
199.204.97.58 - - [20/Jun/2025:18:32:12 +0000] "GET http://httpbin.org/get HTTP/1.1" 500 6870 "-" "Go-http-client/1.1"
185.93.89.118 - - [20/Jun/2025:18:33:50 +0000] "POST /api/v1/validate/code HTTP/1.1" 500 6870 "-" "Mozilla/5.0 (X11; Linux x86_64) AppleWebKit/537.36 (KHTML, like Gecko) Chrome/137.0.0.0 Safari/537.36"
193.32.162.157 - - [20/Jun/2025:18:34:13 +0000] "POST /api/v1/validate/code HTTP/1.1" 500 6864 "-" "Mozilla/5.0 (X11; Linux x86_64) AppleWebKit/537.36 (KHTML, like Gecko) Chrome/137.0.0.0 Safari/537.36"
149.50.103.48 - - [20/Jun/2025:18:35:15 +0000] "GET / HTTP/1.1" 500 6864 "-" "Mozilla/5.0 (Windows NT 10.0; Win64; x64) AppleWebKit/537.36 (KHTML, like Gecko) Chrome/90.0.4430.85 Safari/537.36 Edg/90.0.818.46"
204.76.203.219 - - [20/Jun/2025:18:35:48 +0000] "GET / HTTP/1.1" 500 6864 "-" "curl/7.81.0"
89.248.164.165 - - [20/Jun/2025:18:38:33 +0000] "GET http://pingjs.qq.com/ping.js HTTP/1.1" 500 6864 "-" "Mozilla"
199.204.97.58 - - [20/Jun/2025:18:45:41 +0000] "GET http://httpbin.org/get HTTP/1.1" 500 6870 "-" "Go-http-client/1.1"
79.124.49.202 - - [20/Jun/2025:18:47:37 +0000] "\x03\x00\x00/*\xE0\x00\x00\x00\x00\x00Cookie: mstshash=Administr" 400 157 "-" "-"
199.204.97.58 - - [20/Jun/2025:18:59:12 +0000] "GET http://httpbin.org/get HTTP/1.1" 500 6864 "-" "Go-http-client/1.1"
199.204.97.58 - - [20/Jun/2025:19:12:41 +0000] "GET http://httpbin.org/get HTTP/1.1" 500 6870 "-" "Go-http-client/1.1"
204.76.203.219 - - [20/Jun/2025:19:17:38 +0000] "GET / HTTP/1.1" 500 6870 "-" "curl/7.81.0"
5.183.209.244 - - [20/Jun/2025:19:25:30 +0000] "GET / HTTP/1.1" 500 6870 "-" "-"
199.204.97.58 - - [20/Jun/2025:19:26:12 +0000] "GET http://httpbin.org/get HTTP/1.1" 500 6864 "-" "Go-http-client/1.1"
149.50.103.48 - - [20/Jun/2025:19:37:30 +0000] "GET / HTTP/1.1" 500 6864 "-" "Mozilla/5.0 (Windows NT 10.0; Win64; x64) AppleWebKit/537.36 (KHTML, like Gecko) Chrome/90.0.4430.85 Safari/537.36 Edg/90.0.818.46"
199.204.97.58 - - [20/Jun/2025:19:39:42 +0000] "GET http://httpbin.org/get HTTP/1.1" 500 6864 "-" "Go-http-client/1.1"
204.76.203.219 - - [20/Jun/2025:19:47:39 +0000] "GET / HTTP/1.1" 500 6870 "-" "curl/7.81.0"
45.156.128.109 - - [20/Jun/2025:19:48:12 +0000] "GET /OA_HTML/AppsLocalLogin.jsp HTTP/1.1" 500 6864 "-" "Mozilla/5.0 (Windows NT 10.0; Win64; x64) AppleWebKit/537.36 (KHTML, like Gecko) Chrome/60.0.3112.113 Safari/537.36"
45.156.128.109 - - [20/Jun/2025:19:48:20 +0000] "GET /helpdesk/WebObjects/Helpdesk.woa HTTP/1.1" 500 6864 "-" "Mozilla/5.0 (Windows NT 10.0; Win64; x64) AppleWebKit/537.36 (KHTML, like Gecko) Chrome/60.0.3112.113 Safari/537.36"
